[
  {
    "url": "https://api.github.com/repos/fabric8io/gofabric8/releases/4018371",
    "assets_url": "https://api.github.com/repos/fabric8io/gofabric8/releases/4018371/assets",
    "upload_url": "https://uploads.github.com/repos/fabric8io/gofabric8/releases/4018371/assets{?name,label}",
    "html_url": "https://github.com/fabric8io/gofabric8/releases/tag/v0.4.46",
    "id": 4018371,
    "tag_name": "v0.4.46",
    "target_commitish": "master",
    "name": "0.4.46",
    "draft": false,
    "author": {
      "login": "jstrachan",
      "id": 30140,
      "avatar_url": "https://avatars.githubusercontent.com/u/30140?v=3",
      "gravatar_id": "",
      "url": "https://api.github.com/users/jstrachan",
      "html_url": "https://github.com/jstrachan",
      "followers_url": "https://api.github.com/users/jstrachan/followers",
      "following_url": "https://api.github.com/users/jstrachan/following{/other_user}",
      "gists_url": "https://api.github.com/users/jstrachan/gists{/gist_id}",
      "starred_url": "https://api.github.com/users/jstrachan/starred{/owner}{/repo}",
      "subscriptions_url": "https://api.github.com/users/jstrachan/subscriptions",
      "organizations_url": "https://api.github.com/users/jstrachan/orgs",
      "repos_url": "https://api.github.com/users/jstrachan/repos",
      "events_url": "https://api.github.com/users/jstrachan/events{/privacy}",
      "received_events_url": "https://api.github.com/users/jstrachan/received_events",
      "type": "User",
      "site_admin": false
    },
    "prerelease": false,
    "created_at": "2016-08-31T13:14:40Z",
    "published_at": "2016-08-31T13:21:33Z",
    "assets": [
      {
        "url": "https://api.github.com/repos/fabric8io/gofabric8/releases/assets/2235062",
        "id": 2235062,
        "name": "gofabric8-0.4.46-darwin-amd64.tar.gz",
        "label": "",
        "uploader": {
          "login": "jstrachan",
          "id": 30140,
          "avatar_url": "https://avatars.githubusercontent.com/u/30140?v=3",
          "gravatar_id": "",
          "url": "https://api.github.com/users/jstrachan",
          "html_url": "https://github.com/jstrachan",
          "followers_url": "https://api.github.com/users/jstrachan/followers",
          "following_url": "https://api.github.com/users/jstrachan/following{/other_user}",
          "gists_url": "https://api.github.com/users/jstrachan/gists{/gist_id}",
          "starred_url": "https://api.github.com/users/jstrachan/starred{/owner}{/repo}",
          "subscriptions_url": "https://api.github.com/users/jstrachan/subscriptions",
          "organizations_url": "https://api.github.com/users/jstrachan/orgs",
          "repos_url": "https://api.github.com/users/jstrachan/repos",
          "events_url": "https://api.github.com/users/jstrachan/events{/privacy}",
          "received_events_url": "https://api.github.com/users/jstrachan/received_events",
          "type": "User",
          "site_admin": false
        },
        "content_type": "application/gzip",
        "state": "uploaded",
        "size": 9228431,
        "download_count": 4,
        "created_at": "2016-08-31T13:21:34Z",
        "updated_at": "2016-08-31T13:21:35Z",
        "browser_download_url": "https://github.com/fabric8io/gofabric8/releases/download/v0.4.46/gofabric8-0.4.46-darwin-amd64.tar.gz"
      },
      {
        "url": "https://api.github.com/repos/fabric8io/gofabric8/releases/assets/2235063",
        "id": 2235063,
        "name": "gofabric8-0.4.46-linux-amd64.tar.gz",
        "label": "",
        "uploader": {
          "login": "jstrachan",
          "id": 30140,
          "avatar_url": "https://avatars.githubusercontent.com/u/30140?v=3",
          "gravatar_id": "",
          "url": "https://api.github.com/users/jstrachan",
          "html_url": "https://github.com/jstrachan",
          "followers_url": "https://api.github.com/users/jstrachan/followers",
          "following_url": "https://api.github.com/users/jstrachan/following{/other_user}",
          "gists_url": "https://api.github.com/users/jstrachan/gists{/gist_id}",
          "starred_url": "https://api.github.com/users/jstrachan/starred{/owner}{/repo}",
          "subscriptions_url": "https://api.github.com/users/jstrachan/subscriptions",
          "organizations_url": "https://api.github.com/users/jstrachan/orgs",
          "repos_url": "https://api.github.com/users/jstrachan/repos",
          "events_url": "https://api.github.com/users/jstrachan/events{/privacy}",
          "received_events_url": "https://api.github.com/users/jstrachan/received_events",
          "type": "User",
          "site_admin": false
        },
        "content_type": "application/gzip",
        "state": "uploaded",
        "size": 9363718,
        "download_count": 11,
        "created_at": "2016-08-31T13:21:35Z",
        "updated_at": "2016-08-31T13:21:37Z",
        "browser_download_url": "https://github.com/fabric8io/gofabric8/releases/download/v0.4.46/gofabric8-0.4.46-linux-amd64.tar.gz"
      },
      {
        "url": "https://api.github.com/repos/fabric8io/gofabric8/releases/assets/2235064",
        "id": 2235064,
        "name": "gofabric8-0.4.46-linux-arm.tar.gz",
        "label": "",
        "uploader": {
          "login": "jstrachan",
          "id": 30140,
          "avatar_url": "https://avatars.githubusercontent.com/u/30140?v=3",
          "gravatar_id": "",
          "url": "https://api.github.com/users/jstrachan",
          "html_url": "https://github.com/jstrachan",
          "followers_url": "https://api.github.com/users/jstrachan/followers",
          "following_url": "https://api.github.com/users/jstrachan/following{/other_user}",
          "gists_url": "https://api.github.com/users/jstrachan/gists{/gist_id}",
          "starred_url": "https://api.github.com/users/jstrachan/starred{/owner}{/repo}",
          "subscriptions_url": "https://api.github.com/users/jstrachan/subscriptions",
          "organizations_url": "https://api.github.com/users/jstrachan/orgs",
          "repos_url": "https://api.github.com/users/jstrachan/repos",
          "events_url": "https://api.github.com/users/jstrachan/events{/privacy}",
          "received_events_url": "https://api.github.com/users/jstrachan/received_events",
          "type": "User",
          "site_admin": false
        },
        "content_type": "application/gzip",
        "state": "uploaded",
        "size": 8409920,
        "download_count": 0,
        "created_at": "2016-08-31T13:21:37Z",
        "updated_at": "2016-08-31T13:21:38Z",
        "browser_download_url": "https://github.com/fabric8io/gofabric8/releases/download/v0.4.46/gofabric8-0.4.46-linux-arm.tar.gz"
      },
      {
        "url": "https://api.github.com/repos/fabric8io/gofabric8/releases/assets/2235065",
        "id": 2235065,
        "name": "gofabric8-0.4.46-windows-amd64.zip",
        "label": "",
        "uploader": {
          "login": "jstrachan",
          "id": 30140,
          "avatar_url": "https://avatars.githubusercontent.com/u/30140?v=3",
          "gravatar_id": "",
          "url": "https://api.github.com/users/jstrachan",
          "html_url": "https://github.com/jstrachan",
          "followers_url": "https://api.github.com/users/jstrachan/followers",
          "following_url": "https://api.github.com/users/jstrachan/following{/other_user}",
          "gists_url": "https://api.github.com/users/jstrachan/gists{/gist_id}",
          "starred_url": "https://api.github.com/users/jstrachan/starred{/owner}{/repo}",
          "subscriptions_url": "https://api.github.com/users/jstrachan/subscriptions",
          "organizations_url": "https://api.github.com/users/jstrachan/orgs",
          "repos_url": "https://api.github.com/users/jstrachan/repos",
          "events_url": "https://api.github.com/users/jstrachan/events{/privacy}",
          "received_events_url": "https://api.github.com/users/jstrachan/received_events",
          "type": "User",
          "site_admin": false
        },
        "content_type": "application/zip",
        "state": "uploaded",
        "size": 9284300,
        "download_count": 0,
        "created_at": "2016-08-31T13:21:39Z",
        "updated_at": "2016-08-31T13:21:40Z",
        "browser_download_url": "https://github.com/fabric8io/gofabric8/releases/download/v0.4.46/gofabric8-0.4.46-windows-amd64.zip"
      }
    ],
    "tarball_url": "https://api.github.com/repos/fabric8io/gofabric8/tarball/v0.4.46",
    "zipball_url": "https://api.github.com/repos/fabric8io/gofabric8/zipball/v0.4.46",
    "body": null
  },
  {
    "url": "https://api.github.com/repos/fabric8io/gofabric8/releases/3950946",
    "assets_url": "https://api.github.com/repos/fabric8io/gofabric8/releases/3950946/assets",
    "upload_url": "https://uploads.github.com/repos/fabric8io/gofabric8/releases/3950946/assets{?name,label}",
    "html_url": "https://github.com/fabric8io/gofabric8/releases/tag/v0.4.45",
    "id": 3950946,
    "tag_name": "v0.4.45",
    "target_commitish": "master",
    "name": "0.4.45",
    "draft": false,
    "author": {
      "login": "jstrachan",
      "id": 30140,
      "avatar_url": "https://avatars.githubusercontent.com/u/30140?v=3",
      "gravatar_id": "",
      "url": "https://api.github.com/users/jstrachan",
      "html_url": "https://github.com/jstrachan",
      "followers_url": "https://api.github.com/users/jstrachan/followers",
      "following_url": "https://api.github.com/users/jstrachan/following{/other_user}",
      "gists_url": "https://api.github.com/users/jstrachan/gists{/gist_id}",
      "starred_url": "https://api.github.com/users/jstrachan/starred{/owner}{/repo}",
      "subscriptions_url": "https://api.github.com/users/jstrachan/subscriptions",
      "organizations_url": "https://api.github.com/users/jstrachan/orgs",
      "repos_url": "https://api.github.com/users/jstrachan/repos",
      "events_url": "https://api.github.com/users/jstrachan/events{/privacy}",
      "received_events_url": "https://api.github.com/users/jstrachan/received_events",
      "type": "User",
      "site_admin": false
    },
    "prerelease": false,
    "created_at": "2016-08-23T13:56:19Z",
    "published_at": "2016-08-23T14:02:21Z",
    "assets": [
      {
        "url": "https://api.github.com/repos/fabric8io/gofabric8/releases/assets/2190252",
        "id": 2190252,
        "name": "gofabric8-0.4.45-darwin-amd64.tar.gz",
        "label": "",
        "uploader": {
          "login": "jstrachan",
          "id": 30140,
          "avatar_url": "https://avatars.githubusercontent.com/u/30140?v=3",
          "gravatar_id": "",
          "url": "https://api.github.com/users/jstrachan",
          "html_url": "https://github.com/jstrachan",
          "followers_url": "https://api.github.com/users/jstrachan/followers",
          "following_url": "https://api.github.com/users/jstrachan/following{/other_user}",
          "gists_url": "https://api.github.com/users/jstrachan/gists{/gist_id}",
          "starred_url": "https://api.github.com/users/jstrachan/starred{/owner}{/repo}",
          "subscriptions_url": "https://api.github.com/users/jstrachan/subscriptions",
          "organizations_url": "https://api.github.com/users/jstrachan/orgs",
          "repos_url": "https://api.github.com/users/jstrachan/repos",
          "events_url": "https://api.github.com/users/jstrachan/events{/privacy}",
          "received_events_url": "https://api.github.com/users/jstrachan/received_events",
          "type": "User",
          "site_admin": false
        },
        "content_type": "application/gzip",
        "state": "uploaded",
        "size": 9223124,
        "download_count": 82,
        "created_at": "2016-08-23T14:02:22Z",
        "updated_at": "2016-08-23T14:02:23Z",
        "browser_download_url": "https://github.com/fabric8io/gofabric8/releases/download/v0.4.45/gofabric8-0.4.45-darwin-amd64.tar.gz"
      },
      {
        "url": "https://api.github.com/repos/fabric8io/gofabric8/releases/assets/2190253",
        "id": 2190253,
        "name": "gofabric8-0.4.45-linux-amd64.tar.gz",
        "label": "",
        "uploader": {
          "login": "jstrachan",
          "id": 30140,
          "avatar_url": "https://avatars.githubusercontent.com/u/30140?v=3",
          "gravatar_id": "",
          "url": "https://api.github.com/users/jstrachan",
          "html_url": "https://github.com/jstrachan",
          "followers_url": "https://api.github.com/users/jstrachan/followers",
          "following_url": "https://api.github.com/users/jstrachan/following{/other_user}",
          "gists_url": "https://api.github.com/users/jstrachan/gists{/gist_id}",
          "starred_url": "https://api.github.com/users/jstrachan/starred{/owner}{/repo}",
          "subscriptions_url": "https://api.github.com/users/jstrachan/subscriptions",
          "organizations_url": "https://api.github.com/users/jstrachan/orgs",
          "repos_url": "https://api.github.com/users/jstrachan/repos",
          "events_url": "https://api.github.com/users/jstrachan/events{/privacy}",
          "received_events_url": "https://api.github.com/users/jstrachan/received_events",
          "type": "User",
          "site_admin": false
        },
        "content_type": "application/gzip",
        "state": "uploaded",
        "size": 9360357,
        "download_count": 304,
        "created_at": "2016-08-23T14:02:23Z",
        "updated_at": "2016-08-23T14:02:24Z",
        "browser_download_url": "https://github.com/fabric8io/gofabric8/releases/download/v0.4.45/gofabric8-0.4.45-linux-amd64.tar.gz"
      },
      {
        "url": "https://api.github.com/repos/fabric8io/gofabric8/releases/assets/2190254",
        "id": 2190254,
        "name": "gofabric8-0.4.45-linux-arm.tar.gz",
        "label": "",
        "uploader": {
          "login": "jstrachan",
          "id": 30140,
          "avatar_url": "https://avatars.githubusercontent.com/u/30140?v=3",
          "gravatar_id": "",
          "url": "https://api.github.com/users/jstrachan",
          "html_url": "https://github.com/jstrachan",
          "followers_url": "https://api.github.com/users/jstrachan/followers",
          "following_url": "https://api.github.com/users/jstrachan/following{/other_user}",
          "gists_url": "https://api.github.com/users/jstrachan/gists{/gist_id}",
          "starred_url": "https://api.github.com/users/jstrachan/starred{/owner}{/repo}",
          "subscriptions_url": "https://api.github.com/users/jstrachan/subscriptions",
          "organizations_url": "https://api.github.com/users/jstrachan/orgs",
          "repos_url": "https://api.github.com/users/jstrachan/repos",
          "events_url": "https://api.github.com/users/jstrachan/events{/privacy}",
          "received_events_url": "https://api.github.com/users/jstrachan/received_events",
          "type": "User",
          "site_admin": false
        },
        "content_type": "application/gzip",
        "state": "uploaded",
        "size": 8405677,
        "download_count": 2,
        "created_at": "2016-08-23T14:02:24Z",
        "updated_at": "2016-08-23T14:02:25Z",
        "browser_download_url": "https://github.com/fabric8io/gofabric8/releases/download/v0.4.45/gofabric8-0.4.45-linux-arm.tar.gz"
      },
      {
        "url": "https://api.github.com/repos/fabric8io/gofabric8/releases/assets/2190255",
        "id": 2190255,
        "name": "gofabric8-0.4.45-windows-amd64.zip",
        "label": "",
        "uploader": {
          "login": "jstrachan",
          "id": 30140,
          "avatar_url": "https://avatars.githubusercontent.com/u/30140?v=3",
          "gravatar_id": "",
          "url": "https://api.github.com/users/jstrachan",
          "html_url": "https://github.com/jstrachan",
          "followers_url": "https://api.github.com/users/jstrachan/followers",
          "following_url": "https://api.github.com/users/jstrachan/following{/other_user}",
          "gists_url": "https://api.github.com/users/jstrachan/gists{/gist_id}",
          "starred_url": "https://api.github.com/users/jstrachan/starred{/owner}{/repo}",
          "subscriptions_url": "https://api.github.com/users/jstrachan/subscriptions",
          "organizations_url": "https://api.github.com/users/jstrachan/orgs",
          "repos_url": "https://api.github.com/users/jstrachan/repos",
          "events_url": "https://api.github.com/users/jstrachan/events{/privacy}",
          "received_events_url": "https://api.github.com/users/jstrachan/received_events",
          "type": "User",
          "site_admin": false
        },
        "content_type": "application/zip",
        "state": "uploaded",
        "size": 9282546,
        "download_count": 27,
        "created_at": "2016-08-23T14:02:26Z",
        "updated_at": "2016-08-23T14:02:27Z",
        "browser_download_url": "https://github.com/fabric8io/gofabric8/releases/download/v0.4.45/gofabric8-0.4.45-windows-amd64.zip"
      }
    ],
    "tarball_url": "https://api.github.com/repos/fabric8io/gofabric8/tarball/v0.4.45",
    "zipball_url": "https://api.github.com/repos/fabric8io/gofabric8/zipball/v0.4.45",
    "body": null
  },
  {
    "url": "https://api.github.com/repos/fabric8io/gofabric8/releases/3950324",
    "assets_url": "https://api.github.com/repos/fabric8io/gofabric8/releases/3950324/assets",
    "upload_url": "https://uploads.github.com/repos/fabric8io/gofabric8/releases/3950324/assets{?name,label}",
    "html_url": "https://github.com/fabric8io/gofabric8/releases/tag/v0.4.44",
    "id": 3950324,
    "tag_name": "v0.4.44",
    "target_commitish": "master",
    "name": "0.4.44",
    "draft": false,
    "author": {
      "login": "jstrachan",
      "id": 30140,
      "avatar_url": "https://avatars.githubusercontent.com/u/30140?v=3",
      "gravatar_id": "",
      "url": "https://api.github.com/users/jstrachan",
      "html_url": "https://github.com/jstrachan",
      "followers_url": "https://api.github.com/users/jstrachan/followers",
      "following_url": "https://api.github.com/users/jstrachan/following{/other_user}",
      "gists_url": "https://api.github.com/users/jstrachan/gists{/gist_id}",
      "starred_url": "https://api.github.com/users/jstrachan/starred{/owner}{/repo}",
      "subscriptions_url": "https://api.github.com/users/jstrachan/subscriptions",
      "organizations_url": "https://api.github.com/users/jstrachan/orgs",
      "repos_url": "https://api.github.com/users/jstrachan/repos",
      "events_url": "https://api.github.com/users/jstrachan/events{/privacy}",
      "received_events_url": "https://api.github.com/users/jstrachan/received_events",
      "type": "User",
      "site_admin": false
    },
    "prerelease": false,
    "created_at": "2016-08-23T12:53:13Z",
    "published_at": "2016-08-23T12:59:46Z",
    "assets": [
      {
        "url": "https://api.github.com/repos/fabric8io/gofabric8/releases/assets/2189863",
        "id": 2189863,
        "name": "gofabric8-0.4.44-darwin-amd64.tar.gz",
        "label": "",
        "uploader": {
          "login": "jstrachan",
          "id": 30140,
          "avatar_url": "https://avatars.githubusercontent.com/u/30140?v=3",
          "gravatar_id": "",
          "url": "https://api.github.com/users/jstrachan",
          "html_url": "https://github.com/jstrachan",
          "followers_url": "https://api.github.com/users/jstrachan/followers",
          "following_url": "https://api.github.com/users/jstrachan/following{/other_user}",
          "gists_url": "https://api.github.com/users/jstrachan/gists{/gist_id}",
          "starred_url": "https://api.github.com/users/jstrachan/starred{/owner}{/repo}",
          "subscriptions_url": "https://api.github.com/users/jstrachan/subscriptions",
          "organizations_url": "https://api.github.com/users/jstrachan/orgs",
          "repos_url": "https://api.github.com/users/jstrachan/repos",
          "events_url": "https://api.github.com/users/jstrachan/events{/privacy}",
          "received_events_url": "https://api.github.com/users/jstrachan/received_events",
          "type": "User",
          "site_admin": false
        },
        "content_type": "application/gzip",
        "state": "uploaded",
        "size": 9223123,
        "download_count": 0,
        "created_at": "2016-08-23T12:59:46Z",
        "updated_at": "2016-08-23T12:59:47Z",
        "browser_download_url": "https://github.com/fabric8io/gofabric8/releases/download/v0.4.44/gofabric8-0.4.44-darwin-amd64.tar.gz"
      },
      {
        "url": "https://api.github.com/repos/fabric8io/gofabric8/releases/assets/2189864",
        "id": 2189864,
        "name": "gofabric8-0.4.44-linux-amd64.tar.gz",
        "label": "",
        "uploader": {
          "login": "jstrachan",
          "id": 30140,
          "avatar_url": "https://avatars.githubusercontent.com/u/30140?v=3",
          "gravatar_id": "",
          "url": "https://api.github.com/users/jstrachan",
          "html_url": "https://github.com/jstrachan",
          "followers_url": "https://api.github.com/users/jstrachan/followers",
          "following_url": "https://api.github.com/users/jstrachan/following{/other_user}",
          "gists_url": "https://api.github.com/users/jstrachan/gists{/gist_id}",
          "starred_url": "https://api.github.com/users/jstrachan/starred{/owner}{/repo}",
          "subscriptions_url": "https://api.github.com/users/jstrachan/subscriptions",
          "organizations_url": "https://api.github.com/users/jstrachan/orgs",
          "repos_url": "https://api.github.com/users/jstrachan/repos",
          "events_url": "https://api.github.com/users/jstrachan/events{/privacy}",
          "received_events_url": "https://api.github.com/users/jstrachan/received_events",
          "type": "User",
          "site_admin": false
        },
        "content_type": "application/gzip",
        "state": "uploaded",
        "size": 9360376,
        "download_count": 8,
        "created_at": "2016-08-23T12:59:47Z",
        "updated_at": "2016-08-23T12:59:49Z",
        "browser_download_url": "https://github.com/fabric8io/gofabric8/releases/download/v0.4.44/gofabric8-0.4.44-linux-amd64.tar.gz"
      },
      {
        "url": "https://api.github.com/repos/fabric8io/gofabric8/releases/assets/2189865",
        "id": 2189865,
        "name": "gofabric8-0.4.44-linux-arm.tar.gz",
        "label": "",
        "uploader": {
          "login": "jstrachan",
          "id": 30140,
          "avatar_url": "https://avatars.githubusercontent.com/u/30140?v=3",
          "gravatar_id": "",
          "url": "https://api.github.com/users/jstrachan",
          "html_url": "https://github.com/jstrachan",
          "followers_url": "https://api.github.com/users/jstrachan/followers",
          "following_url": "https://api.github.com/users/jstrachan/following{/other_user}",
          "gists_url": "https://api.github.com/users/jstrachan/gists{/gist_id}",
          "starred_url": "https://api.github.com/users/jstrachan/starred{/owner}{/repo}",
          "subscriptions_url": "https://api.github.com/users/jstrachan/subscriptions",
          "organizations_url": "https://api.github.com/users/jstrachan/orgs",
          "repos_url": "https://api.github.com/users/jstrachan/repos",
          "events_url": "https://api.github.com/users/jstrachan/events{/privacy}",
          "received_events_url": "https://api.github.com/users/jstrachan/received_events",
          "type": "User",
          "site_admin": false
        },
        "content_type": "application/gzip",
        "state": "uploaded",
        "size": 8405704,
        "download_count": 0,
        "created_at": "2016-08-23T12:59:49Z",
        "updated_at": "2016-08-23T12:59:50Z",
        "browser_download_url": "https://github.com/fabric8io/gofabric8/releases/download/v0.4.44/gofabric8-0.4.44-linux-arm.tar.gz"
      },
      {
        "url": "https://api.github.com/repos/fabric8io/gofabric8/releases/assets/2189866",
        "id": 2189866,
        "name": "gofabric8-0.4.44-windows-amd64.zip",
        "label": "",
        "uploader": {
          "login": "jstrachan",
          "id": 30140,
          "avatar_url": "https://avatars.githubusercontent.com/u/30140?v=3",
          "gravatar_id": "",
          "url": "https://api.github.com/users/jstrachan",
          "html_url": "https://github.com/jstrachan",
          "followers_url": "https://api.github.com/users/jstrachan/followers",
          "following_url": "https://api.github.com/users/jstrachan/following{/other_user}",
          "gists_url": "https://api.github.com/users/jstrachan/gists{/gist_id}",
          "starred_url": "https://api.github.com/users/jstrachan/starred{/owner}{/repo}",
          "subscriptions_url": "https://api.github.com/users/jstrachan/subscriptions",
          "organizations_url": "https://api.github.com/users/jstrachan/orgs",
          "repos_url": "https://api.github.com/users/jstrachan/repos",
          "events_url": "https://api.github.com/users/jstrachan/events{/privacy}",
          "received_events_url": "https://api.github.com/users/jstrachan/received_events",
          "type": "User",
          "site_admin": false
        },
        "content_type": "application/zip",
        "state": "uploaded",
        "size": 9282547,
        "download_count": 0,
        "created_at": "2016-08-23T12:59:50Z",
        "updated_at": "2016-08-23T12:59:51Z",
        "browser_download_url": "https://github.com/fabric8io/gofabric8/releases/download/v0.4.44/gofabric8-0.4.44-windows-amd64.zip"
      }
    ],
    "tarball_url": "https://api.github.com/repos/fabric8io/gofabric8/tarball/v0.4.44",
    "zipball_url": "https://api.github.com/repos/fabric8io/gofabric8/zipball/v0.4.44",
    "body": null
  },
  {
    "url": "https://api.github.com/repos/fabric8io/gofabric8/releases/3939136",
    "assets_url": "https://api.github.com/repos/fabric8io/gofabric8/releases/3939136/assets",
    "upload_url": "https://uploads.github.com/repos/fabric8io/gofabric8/releases/3939136/assets{?name,label}",
    "html_url": "https://github.com/fabric8io/gofabric8/releases/tag/v0.4.43",
    "id": 3939136,
    "tag_name": "v0.4.43",
    "target_commitish": "master",
    "name": "0.4.43",
    "draft": false,
    "author": {
      "login": "jstrachan",
      "id": 30140,
      "avatar_url": "https://avatars.githubusercontent.com/u/30140?v=3",
      "gravatar_id": "",
      "url": "https://api.github.com/users/jstrachan",
      "html_url": "https://github.com/jstrachan",
      "followers_url": "https://api.github.com/users/jstrachan/followers",
      "following_url": "https://api.github.com/users/jstrachan/following{/other_user}",
      "gists_url": "https://api.github.com/users/jstrachan/gists{/gist_id}",
      "starred_url": "https://api.github.com/users/jstrachan/starred{/owner}{/repo}",
      "subscriptions_url": "https://api.github.com/users/jstrachan/subscriptions",
      "organizations_url": "https://api.github.com/users/jstrachan/orgs",
      "repos_url": "https://api.github.com/users/jstrachan/repos",
      "events_url": "https://api.github.com/users/jstrachan/events{/privacy}",
      "received_events_url": "https://api.github.com/users/jstrachan/received_events",
      "type": "User",
      "site_admin": false
    },
    "prerelease": false,
    "created_at": "2016-08-22T09:59:48Z",
    "published_at": "2016-08-22T10:08:12Z",
    "assets": [
      {
        "url": "https://api.github.com/repos/fabric8io/gofabric8/releases/assets/2182042",
        "id": 2182042,
        "name": "gofabric8-0.4.43-darwin-amd64.tar.gz",
        "label": "",
        "uploader": {
          "login": "jstrachan",
          "id": 30140,
          "avatar_url": "https://avatars.githubusercontent.com/u/30140?v=3",
          "gravatar_id": "",
          "url": "https://api.github.com/users/jstrachan",
          "html_url": "https://github.com/jstrachan",
          "followers_url": "https://api.github.com/users/jstrachan/followers",
          "following_url": "https://api.github.com/users/jstrachan/following{/other_user}",
          "gists_url": "https://api.github.com/users/jstrachan/gists{/gist_id}",
          "starred_url": "https://api.github.com/users/jstrachan/starred{/owner}{/repo}",
          "subscriptions_url": "https://api.github.com/users/jstrachan/subscriptions",
          "organizations_url": "https://api.github.com/users/jstrachan/orgs",
          "repos_url": "https://api.github.com/users/jstrachan/repos",
          "events_url": "https://api.github.com/users/jstrachan/events{/privacy}",
          "received_events_url": "https://api.github.com/users/jstrachan/received_events",
          "type": "User",
          "site_admin": false
        },
        "content_type": "application/gzip",
        "state": "uploaded",
        "size": 9222930,
        "download_count": 10,
        "created_at": "2016-08-22T10:08:12Z",
        "updated_at": "2016-08-22T10:08:13Z",
        "browser_download_url": "https://github.com/fabric8io/gofabric8/releases/download/v0.4.43/gofabric8-0.4.43-darwin-amd64.tar.gz"
      },
      {
        "url": "https://api.github.com/repos/fabric8io/gofabric8/releases/assets/2182043",
        "id": 2182043,
        "name": "gofabric8-0.4.43-linux-amd64.tar.gz",
        "label": "",
        "uploader": {
          "login": "jstrachan",
          "id": 30140,
          "avatar_url": "https://avatars.githubusercontent.com/u/30140?v=3",
          "gravatar_id": "",
          "url": "https://api.github.com/users/jstrachan",
          "html_url": "https://github.com/jstrachan",
          "followers_url": "https://api.github.com/users/jstrachan/followers",
          "following_url": "https://api.github.com/users/jstrachan/following{/other_user}",
          "gists_url": "https://api.github.com/users/jstrachan/gists{/gist_id}",
          "starred_url": "https://api.github.com/users/jstrachan/starred{/owner}{/repo}",
          "subscriptions_url": "https://api.github.com/users/jstrachan/subscriptions",
          "organizations_url": "https://api.github.com/users/jstrachan/orgs",
          "repos_url": "https://api.github.com/users/jstrachan/repos",
          "events_url": "https://api.github.com/users/jstrachan/events{/privacy}",
          "received_events_url": "https://api.github.com/users/jstrachan/received_events",
          "type": "User",
          "site_admin": false
        },
        "content_type": "application/gzip",
        "state": "uploaded",
        "size": 9360330,
        "download_count": 80,
        "created_at": "2016-08-22T10:08:14Z",
        "updated_at": "2016-08-22T10:08:15Z",
        "browser_download_url": "https://github.com/fabric8io/gofabric8/releases/download/v0.4.43/gofabric8-0.4.43-linux-amd64.tar.gz"
      },
      {
        "url": "https://api.github.com/repos/fabric8io/gofabric8/releases/assets/2182045",
        "id": 2182045,
        "name": "gofabric8-0.4.43-linux-arm.tar.gz",
        "label": "",
        "uploader": {
          "login": "jstrachan",
          "id": 30140,
          "avatar_url": "https://avatars.githubusercontent.com/u/30140?v=3",
          "gravatar_id": "",
          "url": "https://api.github.com/users/jstrachan",
          "html_url": "https://github.com/jstrachan",
          "followers_url": "https://api.github.com/users/jstrachan/followers",
          "following_url": "https://api.github.com/users/jstrachan/following{/other_user}",
          "gists_url": "https://api.github.com/users/jstrachan/gists{/gist_id}",
          "starred_url": "https://api.github.com/users/jstrachan/starred{/owner}{/repo}",
          "subscriptions_url": "https://api.github.com/users/jstrachan/subscriptions",
          "organizations_url": "https://api.github.com/users/jstrachan/orgs",
          "repos_url": "https://api.github.com/users/jstrachan/repos",
          "events_url": "https://api.github.com/users/jstrachan/events{/privacy}",
          "received_events_url": "https://api.github.com/users/jstrachan/received_events",
          "type": "User",
          "site_admin": false
        },
        "content_type": "application/gzip",
        "state": "uploaded",
        "size": 8404786,
        "download_count": 0,
        "created_at": "2016-08-22T10:08:15Z",
        "updated_at": "2016-08-22T10:08:17Z",
        "browser_download_url": "https://github.com/fabric8io/gofabric8/releases/download/v0.4.43/gofabric8-0.4.43-linux-arm.tar.gz"
      },
      {
        "url": "https://api.github.com/repos/fabric8io/gofabric8/releases/assets/2182046",
        "id": 2182046,
        "name": "gofabric8-0.4.43-windows-amd64.zip",
        "label": "",
        "uploader": {
          "login": "jstrachan",
          "id": 30140,
          "avatar_url": "https://avatars.githubusercontent.com/u/30140?v=3",
          "gravatar_id": "",
          "url": "https://api.github.com/users/jstrachan",
          "html_url": "https://github.com/jstrachan",
          "followers_url": "https://api.github.com/users/jstrachan/followers",
          "following_url": "https://api.github.com/users/jstrachan/following{/other_user}",
          "gists_url": "https://api.github.com/users/jstrachan/gists{/gist_id}",
          "starred_url": "https://api.github.com/users/jstrachan/starred{/owner}{/repo}",
          "subscriptions_url": "https://api.github.com/users/jstrachan/subscriptions",
          "organizations_url": "https://api.github.com/users/jstrachan/orgs",
          "repos_url": "https://api.github.com/users/jstrachan/repos",
          "events_url": "https://api.github.com/users/jstrachan/events{/privacy}",
          "received_events_url": "https://api.github.com/users/jstrachan/received_events",
          "type": "User",
          "site_admin": false
        },
        "content_type": "application/zip",
        "state": "uploaded",
        "size": 9284169,
        "download_count": 4,
        "created_at": "2016-08-22T10:08:17Z",
        "updated_at": "2016-08-22T10:08:18Z",
        "browser_download_url": "https://github.com/fabric8io/gofabric8/releases/download/v0.4.43/gofabric8-0.4.43-windows-amd64.zip"
      }
    ],
    "tarball_url": "https://api.github.com/repos/fabric8io/gofabric8/tarball/v0.4.43",
    "zipball_url": "https://api.github.com/repos/fabric8io/gofabric8/zipball/v0.4.43",
    "body": null
  },
  {
    "url": "https://api.github.com/repos/fabric8io/gofabric8/releases/3928738",
    "assets_url": "https://api.github.com/repos/fabric8io/gofabric8/releases/3928738/assets",
    "upload_url": "https://uploads.github.com/repos/fabric8io/gofabric8/releases/3928738/assets{?name,label}",
    "html_url": "https://github.com/fabric8io/gofabric8/releases/tag/v0.4.42",
    "id": 3928738,
    "tag_name": "v0.4.42",
    "target_commitish": "master",
    "name": "0.4.42",
    "draft": false,
    "author": {
      "login": "jstrachan",
      "id": 30140,
      "avatar_url": "https://avatars.githubusercontent.com/u/30140?v=3",
      "gravatar_id": "",
      "url": "https://api.github.com/users/jstrachan",
      "html_url": "https://github.com/jstrachan",
      "followers_url": "https://api.github.com/users/jstrachan/followers",
      "following_url": "https://api.github.com/users/jstrachan/following{/other_user}",
      "gists_url": "https://api.github.com/users/jstrachan/gists{/gist_id}",
      "starred_url": "https://api.github.com/users/jstrachan/starred{/owner}{/repo}",
      "subscriptions_url": "https://api.github.com/users/jstrachan/subscriptions",
      "organizations_url": "https://api.github.com/users/jstrachan/orgs",
      "repos_url": "https://api.github.com/users/jstrachan/repos",
      "events_url": "https://api.github.com/users/jstrachan/events{/privacy}",
      "received_events_url": "https://api.github.com/users/jstrachan/received_events",
      "type": "User",
      "site_admin": false
    },
    "prerelease": false,
    "created_at": "2016-08-19T18:18:36Z",
    "published_at": "2016-08-19T18:24:44Z",
    "assets": [
      {
        "url": "https://api.github.com/repos/fabric8io/gofabric8/releases/assets/2172149",
        "id": 2172149,
        "name": "gofabric8-0.4.42-darwin-amd64.tar.gz",
        "label": "",
        "uploader": {
          "login": "jstrachan",
          "id": 30140,
          "avatar_url": "https://avatars.githubusercontent.com/u/30140?v=3",
          "gravatar_id": "",
          "url": "https://api.github.com/users/jstrachan",
          "html_url": "https://github.com/jstrachan",
          "followers_url": "https://api.github.com/users/jstrachan/followers",
          "following_url": "https://api.github.com/users/jstrachan/following{/other_user}",
          "gists_url": "https://api.github.com/users/jstrachan/gists{/gist_id}",
          "starred_url": "https://api.github.com/users/jstrachan/starred{/owner}{/repo}",
          "subscriptions_url": "https://api.github.com/users/jstrachan/subscriptions",
          "organizations_url": "https://api.github.com/users/jstrachan/orgs",
          "repos_url": "https://api.github.com/users/jstrachan/repos",
          "events_url": "https://api.github.com/users/jstrachan/events{/privacy}",
          "received_events_url": "https://api.github.com/users/jstrachan/received_events",
          "type": "User",
          "site_admin": false
        },
        "content_type": "application/gzip",
        "state": "uploaded",
        "size": 9148369,
        "download_count": 8,
        "created_at": "2016-08-19T18:24:45Z",
        "updated_at": "2016-08-19T18:24:46Z",
        "browser_download_url": "https://github.com/fabric8io/gofabric8/releases/download/v0.4.42/gofabric8-0.4.42-darwin-amd64.tar.gz"
      },
      {
        "url": "https://api.github.com/repos/fabric8io/gofabric8/releases/assets/2172150",
        "id": 2172150,
        "name": "gofabric8-0.4.42-linux-amd64.tar.gz",
        "label": "",
        "uploader": {
          "login": "jstrachan",
          "id": 30140,
          "avatar_url": "https://avatars.githubusercontent.com/u/30140?v=3",
          "gravatar_id": "",
          "url": "https://api.github.com/users/jstrachan",
          "html_url": "https://github.com/jstrachan",
          "followers_url": "https://api.github.com/users/jstrachan/followers",
          "following_url": "https://api.github.com/users/jstrachan/following{/other_user}",
          "gists_url": "https://api.github.com/users/jstrachan/gists{/gist_id}",
          "starred_url": "https://api.github.com/users/jstrachan/starred{/owner}{/repo}",
          "subscriptions_url": "https://api.github.com/users/jstrachan/subscriptions",
          "organizations_url": "https://api.github.com/users/jstrachan/orgs",
          "repos_url": "https://api.github.com/users/jstrachan/repos",
          "events_url": "https://api.github.com/users/jstrachan/events{/privacy}",
          "received_events_url": "https://api.github.com/users/jstrachan/received_events",
          "type": "User",
          "site_admin": false
        },
        "content_type": "application/gzip",
        "state": "uploaded",
        "size": 9280034,
        "download_count": 71,
        "created_at": "2016-08-19T18:24:47Z",
        "updated_at": "2016-08-19T18:24:48Z",
        "browser_download_url": "https://github.com/fabric8io/gofabric8/releases/download/v0.4.42/gofabric8-0.4.42-linux-amd64.tar.gz"
      },
      {
        "url": "https://api.github.com/repos/fabric8io/gofabric8/releases/assets/2172151",
        "id": 2172151,
        "name": "gofabric8-0.4.42-linux-arm.tar.gz",
        "label": "",
        "uploader": {
          "login": "jstrachan",
          "id": 30140,
          "avatar_url": "https://avatars.githubusercontent.com/u/30140?v=3",
          "gravatar_id": "",
          "url": "https://api.github.com/users/jstrachan",
          "html_url": "https://github.com/jstrachan",
          "followers_url": "https://api.github.com/users/jstrachan/followers",
          "following_url": "https://api.github.com/users/jstrachan/following{/other_user}",
          "gists_url": "https://api.github.com/users/jstrachan/gists{/gist_id}",
          "starred_url": "https://api.github.com/users/jstrachan/starred{/owner}{/repo}",
          "subscriptions_url": "https://api.github.com/users/jstrachan/subscriptions",
          "organizations_url": "https://api.github.com/users/jstrachan/orgs",
          "repos_url": "https://api.github.com/users/jstrachan/repos",
          "events_url": "https://api.github.com/users/jstrachan/events{/privacy}",
          "received_events_url": "https://api.github.com/users/jstrachan/received_events",
          "type": "User",
          "site_admin": false
        },
        "content_type": "application/gzip",
        "state": "uploaded",
        "size": 8336335,
        "download_count": 1,
        "created_at": "2016-08-19T18:24:48Z",
        "updated_at": "2016-08-19T18:24:49Z",
        "browser_download_url": "https://github.com/fabric8io/gofabric8/releases/download/v0.4.42/gofabric8-0.4.42-linux-arm.tar.gz"
      },
      {
        "url": "https://api.github.com/repos/fabric8io/gofabric8/releases/assets/2172152",
        "id": 2172152,
        "name": "gofabric8-0.4.42-windows-amd64.zip",
        "label": "",
        "uploader": {
          "login": "jstrachan",
          "id": 30140,
          "avatar_url": "https://avatars.githubusercontent.com/u/30140?v=3",
          "gravatar_id": "",
          "url": "https://api.github.com/users/jstrachan",
          "html_url": "https://github.com/jstrachan",
          "followers_url": "https://api.github.com/users/jstrachan/followers",
          "following_url": "https://api.github.com/users/jstrachan/following{/other_user}",
          "gists_url": "https://api.github.com/users/jstrachan/gists{/gist_id}",
          "starred_url": "https://api.github.com/users/jstrachan/starred{/owner}{/repo}",
          "subscriptions_url": "https://api.github.com/users/jstrachan/subscriptions",
          "organizations_url": "https://api.github.com/users/jstrachan/orgs",
          "repos_url": "https://api.github.com/users/jstrachan/repos",
          "events_url": "https://api.github.com/users/jstrachan/events{/privacy}",
          "received_events_url": "https://api.github.com/users/jstrachan/received_events",
          "type": "User",
          "site_admin": false
        },
        "content_type": "application/zip",
        "state": "uploaded",
        "size": 9204112,
        "download_count": 6,
        "created_at": "2016-08-19T18:24:49Z",
        "updated_at": "2016-08-19T18:24:51Z",
        "browser_download_url": "https://github.com/fabric8io/gofabric8/releases/download/v0.4.42/gofabric8-0.4.42-windows-amd64.zip"
      }
    ],
    "tarball_url": "https://api.github.com/repos/fabric8io/gofabric8/tarball/v0.4.42",
    "zipball_url": "https://api.github.com/repos/fabric8io/gofabric8/zipball/v0.4.42",
    "body": null
  },
  {
    "url": "https://api.github.com/repos/fabric8io/gofabric8/releases/3924858",
    "assets_url": "https://api.github.com/repos/fabric8io/gofabric8/releases/3924858/assets",
    "upload_url": "https://uploads.github.com/repos/fabric8io/gofabric8/releases/3924858/assets{?name,label}",
    "html_url": "https://github.com/fabric8io/gofabric8/releases/tag/v0.4.41",
    "id": 3924858,
    "tag_name": "v0.4.41",
    "target_commitish": "master",
    "name": "0.4.41",
    "draft": false,
    "author": {
      "login": "jstrachan",
      "id": 30140,
      "avatar_url": "https://avatars.githubusercontent.com/u/30140?v=3",
      "gravatar_id": "",
      "url": "https://api.github.com/users/jstrachan",
      "html_url": "https://github.com/jstrachan",
      "followers_url": "https://api.github.com/users/jstrachan/followers",
      "following_url": "https://api.github.com/users/jstrachan/following{/other_user}",
      "gists_url": "https://api.github.com/users/jstrachan/gists{/gist_id}",
      "starred_url": "https://api.github.com/users/jstrachan/starred{/owner}{/repo}",
      "subscriptions_url": "https://api.github.com/users/jstrachan/subscriptions",
      "organizations_url": "https://api.github.com/users/jstrachan/orgs",
      "repos_url": "https://api.github.com/users/jstrachan/repos",
      "events_url": "https://api.github.com/users/jstrachan/events{/privacy}",
      "received_events_url": "https://api.github.com/users/jstrachan/received_events",
      "type": "User",
      "site_admin": false
    },
    "prerelease": false,
    "created_at": "2016-08-19T09:53:57Z",
    "published_at": "2016-08-19T09:59:54Z",
    "assets": [
      {
        "url": "https://api.github.com/repos/fabric8io/gofabric8/releases/assets/2170040",
        "id": 2170040,
        "name": "gofabric8-0.4.41-darwin-amd64.tar.gz",
        "label": "",
        "uploader": {
          "login": "jstrachan",
          "id": 30140,
          "avatar_url": "https://avatars.githubusercontent.com/u/30140?v=3",
          "gravatar_id": "",
          "url": "https://api.github.com/users/jstrachan",
          "html_url": "https://github.com/jstrachan",
          "followers_url": "https://api.github.com/users/jstrachan/followers",
          "following_url": "https://api.github.com/users/jstrachan/following{/other_user}",
          "gists_url": "https://api.github.com/users/jstrachan/gists{/gist_id}",
          "starred_url": "https://api.github.com/users/jstrachan/starred{/owner}{/repo}",
          "subscriptions_url": "https://api.github.com/users/jstrachan/subscriptions",
          "organizations_url": "https://api.github.com/users/jstrachan/orgs",
          "repos_url": "https://api.github.com/users/jstrachan/repos",
          "events_url": "https://api.github.com/users/jstrachan/events{/privacy}",
          "received_events_url": "https://api.github.com/users/jstrachan/received_events",
          "type": "User",
          "site_admin": false
        },
        "content_type": "application/gzip",
        "state": "uploaded",
        "size": 9149756,
        "download_count": 8,
        "created_at": "2016-08-19T09:59:55Z",
        "updated_at": "2016-08-19T09:59:56Z",
        "browser_download_url": "https://github.com/fabric8io/gofabric8/releases/download/v0.4.41/gofabric8-0.4.41-darwin-amd64.tar.gz"
      },
      {
        "url": "https://api.github.com/repos/fabric8io/gofabric8/releases/assets/2170041",
        "id": 2170041,
        "name": "gofabric8-0.4.41-linux-amd64.tar.gz",
        "label": "",
        "uploader": {
          "login": "jstrachan",
          "id": 30140,
          "avatar_url": "https://avatars.githubusercontent.com/u/30140?v=3",
          "gravatar_id": "",
          "url": "https://api.github.com/users/jstrachan",
          "html_url": "https://github.com/jstrachan",
          "followers_url": "https://api.github.com/users/jstrachan/followers",
          "following_url": "https://api.github.com/users/jstrachan/following{/other_user}",
          "gists_url": "https://api.github.com/users/jstrachan/gists{/gist_id}",
          "starred_url": "https://api.github.com/users/jstrachan/starred{/owner}{/repo}",
          "subscriptions_url": "https://api.github.com/users/jstrachan/subscriptions",
          "organizations_url": "https://api.github.com/users/jstrachan/orgs",
          "repos_url": "https://api.github.com/users/jstrachan/repos",
          "events_url": "https://api.github.com/users/jstrachan/events{/privacy}",
          "received_events_url": "https://api.github.com/users/jstrachan/received_events",
          "type": "User",
          "site_admin": false
        },
        "content_type": "application/gzip",
        "state": "uploaded",
        "size": 9281326,
        "download_count": 11,
        "created_at": "2016-08-19T09:59:56Z",
        "updated_at": "2016-08-19T09:59:57Z",
        "browser_download_url": "https://github.com/fabric8io/gofabric8/releases/download/v0.4.41/gofabric8-0.4.41-linux-amd64.tar.gz"
      },
      {
        "url": "https://api.github.com/repos/fabric8io/gofabric8/releases/assets/2170042",
        "id": 2170042,
        "name": "gofabric8-0.4.41-linux-arm.tar.gz",
        "label": "",
        "uploader": {
          "login": "jstrachan",
          "id": 30140,
          "avatar_url": "https://avatars.githubusercontent.com/u/30140?v=3",
          "gravatar_id": "",
          "url": "https://api.github.com/users/jstrachan",
          "html_url": "https://github.com/jstrachan",
          "followers_url": "https://api.github.com/users/jstrachan/followers",
          "following_url": "https://api.github.com/users/jstrachan/following{/other_user}",
          "gists_url": "https://api.github.com/users/jstrachan/gists{/gist_id}",
          "starred_url": "https://api.github.com/users/jstrachan/starred{/owner}{/repo}",
          "subscriptions_url": "https://api.github.com/users/jstrachan/subscriptions",
          "organizations_url": "https://api.github.com/users/jstrachan/orgs",
          "repos_url": "https://api.github.com/users/jstrachan/repos",
          "events_url": "https://api.github.com/users/jstrachan/events{/privacy}",
          "received_events_url": "https://api.github.com/users/jstrachan/received_events",
          "type": "User",
          "site_admin": false
        },
        "content_type": "application/gzip",
        "state": "uploaded",
        "size": 8336168,
        "download_count": 1,
        "created_at": "2016-08-19T09:59:57Z",
        "updated_at": "2016-08-19T09:59:58Z",
        "browser_download_url": "https://github.com/fabric8io/gofabric8/releases/download/v0.4.41/gofabric8-0.4.41-linux-arm.tar.gz"
      },
      {
        "url": "https://api.github.com/repos/fabric8io/gofabric8/releases/assets/2170043",
        "id": 2170043,
        "name": "gofabric8-0.4.41-windows-amd64.zip",
        "label": "",
        "uploader": {
          "login": "jstrachan",
          "id": 30140,
          "avatar_url": "https://avatars.githubusercontent.com/u/30140?v=3",
          "gravatar_id": "",
          "url": "https://api.github.com/users/jstrachan",
          "html_url": "https://github.com/jstrachan",
          "followers_url": "https://api.github.com/users/jstrachan/followers",
          "following_url": "https://api.github.com/users/jstrachan/following{/other_user}",
          "gists_url": "https://api.github.com/users/jstrachan/gists{/gist_id}",
          "starred_url": "https://api.github.com/users/jstrachan/starred{/owner}{/repo}",
          "subscriptions_url": "https://api.github.com/users/jstrachan/subscriptions",
          "organizations_url": "https://api.github.com/users/jstrachan/orgs",
          "repos_url": "https://api.github.com/users/jstrachan/repos",
          "events_url": "https://api.github.com/users/jstrachan/events{/privacy}",
          "received_events_url": "https://api.github.com/users/jstrachan/received_events",
          "type": "User",
          "site_admin": false
        },
        "content_type": "application/zip",
        "state": "uploaded",
        "size": 9198662,
        "download_count": 3,
        "created_at": "2016-08-19T09:59:59Z",
        "updated_at": "2016-08-19T10:00:00Z",
        "browser_download_url": "https://github.com/fabric8io/gofabric8/releases/download/v0.4.41/gofabric8-0.4.41-windows-amd64.zip"
      }
    ],
    "tarball_url": "https://api.github.com/repos/fabric8io/gofabric8/tarball/v0.4.41",
    "zipball_url": "https://api.github.com/repos/fabric8io/gofabric8/zipball/v0.4.41",
    "body": null
  },
  {
    "url": "https://api.github.com/repos/fabric8io/gofabric8/releases/3924713",
    "assets_url": "https://api.github.com/repos/fabric8io/gofabric8/releases/3924713/assets",
    "upload_url": "https://uploads.github.com/repos/fabric8io/gofabric8/releases/3924713/assets{?name,label}",
    "html_url": "https://github.com/fabric8io/gofabric8/releases/tag/v0.4.40",
    "id": 3924713,
    "tag_name": "v0.4.40",
    "target_commitish": "master",
    "name": "0.4.40",
    "draft": false,
    "author": {
      "login": "jstrachan",
      "id": 30140,
      "avatar_url": "https://avatars.githubusercontent.com/u/30140?v=3",
      "gravatar_id": "",
      "url": "https://api.github.com/users/jstrachan",
      "html_url": "https://github.com/jstrachan",
      "followers_url": "https://api.github.com/users/jstrachan/followers",
      "following_url": "https://api.github.com/users/jstrachan/following{/other_user}",
      "gists_url": "https://api.github.com/users/jstrachan/gists{/gist_id}",
      "starred_url": "https://api.github.com/users/jstrachan/starred{/owner}{/repo}",
      "subscriptions_url": "https://api.github.com/users/jstrachan/subscriptions",
      "organizations_url": "https://api.github.com/users/jstrachan/orgs",
      "repos_url": "https://api.github.com/users/jstrachan/repos",
      "events_url": "https://api.github.com/users/jstrachan/events{/privacy}",
      "received_events_url": "https://api.github.com/users/jstrachan/received_events",
      "type": "User",
      "site_admin": false
    },
    "prerelease": false,
    "created_at": "2016-08-19T09:31:56Z",
    "published_at": "2016-08-19T09:38:40Z",
    "assets": [
      {
        "url": "https://api.github.com/repos/fabric8io/gofabric8/releases/assets/2169967",
        "id": 2169967,
        "name": "gofabric8-0.4.40-darwin-amd64.tar.gz",
        "label": "",
        "uploader": {
          "login": "jstrachan",
          "id": 30140,
          "avatar_url": "https://avatars.githubusercontent.com/u/30140?v=3",
          "gravatar_id": "",
          "url": "https://api.github.com/users/jstrachan",
          "html_url": "https://github.com/jstrachan",
          "followers_url": "https://api.github.com/users/jstrachan/followers",
          "following_url": "https://api.github.com/users/jstrachan/following{/other_user}",
          "gists_url": "https://api.github.com/users/jstrachan/gists{/gist_id}",
          "starred_url": "https://api.github.com/users/jstrachan/starred{/owner}{/repo}",
          "subscriptions_url": "https://api.github.com/users/jstrachan/subscriptions",
          "organizations_url": "https://api.github.com/users/jstrachan/orgs",
          "repos_url": "https://api.github.com/users/jstrachan/repos",
          "events_url": "https://api.github.com/users/jstrachan/events{/privacy}",
          "received_events_url": "https://api.github.com/users/jstrachan/received_events",
          "type": "User",
          "site_admin": false
        },
        "content_type": "application/gzip",
        "state": "uploaded",
        "size": 9147598,
        "download_count": 0,
        "created_at": "2016-08-19T09:38:41Z",
        "updated_at": "2016-08-19T09:38:42Z",
        "browser_download_url": "https://github.com/fabric8io/gofabric8/releases/download/v0.4.40/gofabric8-0.4.40-darwin-amd64.tar.gz"
      },
      {
        "url": "https://api.github.com/repos/fabric8io/gofabric8/releases/assets/2169968",
        "id": 2169968,
        "name": "gofabric8-0.4.40-linux-amd64.tar.gz",
        "label": "",
        "uploader": {
          "login": "jstrachan",
          "id": 30140,
          "avatar_url": "https://avatars.githubusercontent.com/u/30140?v=3",
          "gravatar_id": "",
          "url": "https://api.github.com/users/jstrachan",
          "html_url": "https://github.com/jstrachan",
          "followers_url": "https://api.github.com/users/jstrachan/followers",
          "following_url": "https://api.github.com/users/jstrachan/following{/other_user}",
          "gists_url": "https://api.github.com/users/jstrachan/gists{/gist_id}",
          "starred_url": "https://api.github.com/users/jstrachan/starred{/owner}{/repo}",
          "subscriptions_url": "https://api.github.com/users/jstrachan/subscriptions",
          "organizations_url": "https://api.github.com/users/jstrachan/orgs",
          "repos_url": "https://api.github.com/users/jstrachan/repos",
          "events_url": "https://api.github.com/users/jstrachan/events{/privacy}",
          "received_events_url": "https://api.github.com/users/jstrachan/received_events",
          "type": "User",
          "site_admin": false
        },
        "content_type": "application/gzip",
        "state": "uploaded",
        "size": 9280272,
        "download_count": 2,
        "created_at": "2016-08-19T09:38:42Z",
        "updated_at": "2016-08-19T09:38:43Z",
        "browser_download_url": "https://github.com/fabric8io/gofabric8/releases/download/v0.4.40/gofabric8-0.4.40-linux-amd64.tar.gz"
      },
      {
        "url": "https://api.github.com/repos/fabric8io/gofabric8/releases/assets/2169969",
        "id": 2169969,
        "name": "gofabric8-0.4.40-linux-arm.tar.gz",
        "label": "",
        "uploader": {
          "login": "jstrachan",
          "id": 30140,
          "avatar_url": "https://avatars.githubusercontent.com/u/30140?v=3",
          "gravatar_id": "",
          "url": "https://api.github.com/users/jstrachan",
          "html_url": "https://github.com/jstrachan",
          "followers_url": "https://api.github.com/users/jstrachan/followers",
          "following_url": "https://api.github.com/users/jstrachan/following{/other_user}",
          "gists_url": "https://api.github.com/users/jstrachan/gists{/gist_id}",
          "starred_url": "https://api.github.com/users/jstrachan/starred{/owner}{/repo}",
          "subscriptions_url": "https://api.github.com/users/jstrachan/subscriptions",
          "organizations_url": "https://api.github.com/users/jstrachan/orgs",
          "repos_url": "https://api.github.com/users/jstrachan/repos",
          "events_url": "https://api.github.com/users/jstrachan/events{/privacy}",
          "received_events_url": "https://api.github.com/users/jstrachan/received_events",
          "type": "User",
          "site_admin": false
        },
        "content_type": "application/gzip",
        "state": "uploaded",
        "size": 8335366,
        "download_count": 0,
        "created_at": "2016-08-19T09:38:44Z",
        "updated_at": "2016-08-19T09:38:45Z",
        "browser_download_url": "https://github.com/fabric8io/gofabric8/releases/download/v0.4.40/gofabric8-0.4.40-linux-arm.tar.gz"
      },
      {
        "url": "https://api.github.com/repos/fabric8io/gofabric8/releases/assets/2169970",
        "id": 2169970,
        "name": "gofabric8-0.4.40-windows-amd64.zip",
        "label": "",
        "uploader": {
          "login": "jstrachan",
          "id": 30140,
          "avatar_url": "https://avatars.githubusercontent.com/u/30140?v=3",
          "gravatar_id": "",
          "url": "https://api.github.com/users/jstrachan",
          "html_url": "https://github.com/jstrachan",
          "followers_url": "https://api.github.com/users/jstrachan/followers",
          "following_url": "https://api.github.com/users/jstrachan/following{/other_user}",
          "gists_url": "https://api.github.com/users/jstrachan/gists{/gist_id}",
          "starred_url": "https://api.github.com/users/jstrachan/starred{/owner}{/repo}",
          "subscriptions_url": "https://api.github.com/users/jstrachan/subscriptions",
          "organizations_url": "https://api.github.com/users/jstrachan/orgs",
          "repos_url": "https://api.github.com/users/jstrachan/repos",
          "events_url": "https://api.github.com/users/jstrachan/events{/privacy}",
          "received_events_url": "https://api.github.com/users/jstrachan/received_events",
          "type": "User",
          "site_admin": false
        },
        "content_type": "application/zip",
        "state": "uploaded",
        "size": 9199137,
        "download_count": 1,
        "created_at": "2016-08-19T09:38:45Z",
        "updated_at": "2016-08-19T09:38:46Z",
        "browser_download_url": "https://github.com/fabric8io/gofabric8/releases/download/v0.4.40/gofabric8-0.4.40-windows-amd64.zip"
      }
    ],
    "tarball_url": "https://api.github.com/repos/fabric8io/gofabric8/tarball/v0.4.40",
    "zipball_url": "https://api.github.com/repos/fabric8io/gofabric8/zipball/v0.4.40",
    "body": null
  },
  {
    "url": "https://api.github.com/repos/fabric8io/gofabric8/releases/3915162",
    "assets_url": "https://api.github.com/repos/fabric8io/gofabric8/releases/3915162/assets",
    "upload_url": "https://uploads.github.com/repos/fabric8io/gofabric8/releases/3915162/assets{?name,label}",
    "html_url": "https://github.com/fabric8io/gofabric8/releases/tag/v0.4.39",
    "id": 3915162,
    "tag_name": "v0.4.39",
    "target_commitish": "master",
    "name": "0.4.39",
    "draft": false,
    "author": {
      "login": "jstrachan",
      "id": 30140,
      "avatar_url": "https://avatars.githubusercontent.com/u/30140?v=3",
      "gravatar_id": "",
      "url": "https://api.github.com/users/jstrachan",
      "html_url": "https://github.com/jstrachan",
      "followers_url": "https://api.github.com/users/jstrachan/followers",
      "following_url": "https://api.github.com/users/jstrachan/following{/other_user}",
      "gists_url": "https://api.github.com/users/jstrachan/gists{/gist_id}",
      "starred_url": "https://api.github.com/users/jstrachan/starred{/owner}{/repo}",
      "subscriptions_url": "https://api.github.com/users/jstrachan/subscriptions",
      "organizations_url": "https://api.github.com/users/jstrachan/orgs",
      "repos_url": "https://api.github.com/users/jstrachan/repos",
      "events_url": "https://api.github.com/users/jstrachan/events{/privacy}",
      "received_events_url": "https://api.github.com/users/jstrachan/received_events",
      "type": "User",
      "site_admin": false
    },
    "prerelease": false,
    "created_at": "2016-08-18T09:48:10Z",
    "published_at": "2016-08-18T09:55:10Z",
    "assets": [
      {
        "url": "https://api.github.com/repos/fabric8io/gofabric8/releases/assets/2165006",
        "id": 2165006,
        "name": "gofabric8-0.4.39-darwin-amd64.tar.gz",
        "label": "",
        "uploader": {
          "login": "jstrachan",
          "id": 30140,
          "avatar_url": "https://avatars.githubusercontent.com/u/30140?v=3",
          "gravatar_id": "",
          "url": "https://api.github.com/users/jstrachan",
          "html_url": "https://github.com/jstrachan",
          "followers_url": "https://api.github.com/users/jstrachan/followers",
          "following_url": "https://api.github.com/users/jstrachan/following{/other_user}",
          "gists_url": "https://api.github.com/users/jstrachan/gists{/gist_id}",
          "starred_url": "https://api.github.com/users/jstrachan/starred{/owner}{/repo}",
          "subscriptions_url": "https://api.github.com/users/jstrachan/subscriptions",
          "organizations_url": "https://api.github.com/users/jstrachan/orgs",
          "repos_url": "https://api.github.com/users/jstrachan/repos",
          "events_url": "https://api.github.com/users/jstrachan/events{/privacy}",
          "received_events_url": "https://api.github.com/users/jstrachan/received_events",
          "type": "User",
          "site_admin": false
        },
        "content_type": "application/gzip",
        "state": "uploaded",
        "size": 9146830,
        "download_count": 27,
        "created_at": "2016-08-18T09:55:11Z",
        "updated_at": "2016-08-18T09:55:12Z",
        "browser_download_url": "https://github.com/fabric8io/gofabric8/releases/download/v0.4.39/gofabric8-0.4.39-darwin-amd64.tar.gz"
      },
      {
        "url": "https://api.github.com/repos/fabric8io/gofabric8/releases/assets/2165007",
        "id": 2165007,
        "name": "gofabric8-0.4.39-linux-amd64.tar.gz",
        "label": "",
        "uploader": {
          "login": "jstrachan",
          "id": 30140,
          "avatar_url": "https://avatars.githubusercontent.com/u/30140?v=3",
          "gravatar_id": "",
          "url": "https://api.github.com/users/jstrachan",
          "html_url": "https://github.com/jstrachan",
          "followers_url": "https://api.github.com/users/jstrachan/followers",
          "following_url": "https://api.github.com/users/jstrachan/following{/other_user}",
          "gists_url": "https://api.github.com/users/jstrachan/gists{/gist_id}",
          "starred_url": "https://api.github.com/users/jstrachan/starred{/owner}{/repo}",
          "subscriptions_url": "https://api.github.com/users/jstrachan/subscriptions",
          "organizations_url": "https://api.github.com/users/jstrachan/orgs",
          "repos_url": "https://api.github.com/users/jstrachan/repos",
          "events_url": "https://api.github.com/users/jstrachan/events{/privacy}",
          "received_events_url": "https://api.github.com/users/jstrachan/received_events",
          "type": "User",
          "site_admin": false
        },
        "content_type": "application/gzip",
        "state": "uploaded",
        "size": 9277446,
        "download_count": 37,
        "created_at": "2016-08-18T09:55:13Z",
        "updated_at": "2016-08-18T09:55:14Z",
        "browser_download_url": "https://github.com/fabric8io/gofabric8/releases/download/v0.4.39/gofabric8-0.4.39-linux-amd64.tar.gz"
      },
      {
        "url": "https://api.github.com/repos/fabric8io/gofabric8/releases/assets/2165008",
        "id": 2165008,
        "name": "gofabric8-0.4.39-linux-arm.tar.gz",
        "label": "",
        "uploader": {
          "login": "jstrachan",
          "id": 30140,
          "avatar_url": "https://avatars.githubusercontent.com/u/30140?v=3",
          "gravatar_id": "",
          "url": "https://api.github.com/users/jstrachan",
          "html_url": "https://github.com/jstrachan",
          "followers_url": "https://api.github.com/users/jstrachan/followers",
          "following_url": "https://api.github.com/users/jstrachan/following{/other_user}",
          "gists_url": "https://api.github.com/users/jstrachan/gists{/gist_id}",
          "starred_url": "https://api.github.com/users/jstrachan/starred{/owner}{/repo}",
          "subscriptions_url": "https://api.github.com/users/jstrachan/subscriptions",
          "organizations_url": "https://api.github.com/users/jstrachan/orgs",
          "repos_url": "https://api.github.com/users/jstrachan/repos",
          "events_url": "https://api.github.com/users/jstrachan/events{/privacy}",
          "received_events_url": "https://api.github.com/users/jstrachan/received_events",
          "type": "User",
          "site_admin": false
        },
        "content_type": "application/gzip",
        "state": "uploaded",
        "size": 8332857,
        "download_count": 0,
        "created_at": "2016-08-18T09:55:14Z",
        "updated_at": "2016-08-18T09:55:15Z",
        "browser_download_url": "https://github.com/fabric8io/gofabric8/releases/download/v0.4.39/gofabric8-0.4.39-linux-arm.tar.gz"
      },
      {
        "url": "https://api.github.com/repos/fabric8io/gofabric8/releases/assets/2165009",
        "id": 2165009,
        "name": "gofabric8-0.4.39-windows-amd64.zip",
        "label": "",
        "uploader": {
          "login": "jstrachan",
          "id": 30140,
          "avatar_url": "https://avatars.githubusercontent.com/u/30140?v=3",
          "gravatar_id": "",
          "url": "https://api.github.com/users/jstrachan",
          "html_url": "https://github.com/jstrachan",
          "followers_url": "https://api.github.com/users/jstrachan/followers",
          "following_url": "https://api.github.com/users/jstrachan/following{/other_user}",
          "gists_url": "https://api.github.com/users/jstrachan/gists{/gist_id}",
          "starred_url": "https://api.github.com/users/jstrachan/starred{/owner}{/repo}",
          "subscriptions_url": "https://api.github.com/users/jstrachan/subscriptions",
          "organizations_url": "https://api.github.com/users/jstrachan/orgs",
          "repos_url": "https://api.github.com/users/jstrachan/repos",
          "events_url": "https://api.github.com/users/jstrachan/events{/privacy}",
          "received_events_url": "https://api.github.com/users/jstrachan/received_events",
          "type": "User",
          "site_admin": false
        },
        "content_type": "application/zip",
        "state": "uploaded",
        "size": 9199816,
        "download_count": 2,
        "created_at": "2016-08-18T09:55:15Z",
        "updated_at": "2016-08-18T09:55:16Z",
        "browser_download_url": "https://github.com/fabric8io/gofabric8/releases/download/v0.4.39/gofabric8-0.4.39-windows-amd64.zip"
      }
    ],
    "tarball_url": "https://api.github.com/repos/fabric8io/gofabric8/tarball/v0.4.39",
    "zipball_url": "https://api.github.com/repos/fabric8io/gofabric8/zipball/v0.4.39",
    "body": null
  },
  {
    "url": "https://api.github.com/repos/fabric8io/gofabric8/releases/3914568",
    "assets_url": "https://api.github.com/repos/fabric8io/gofabric8/releases/3914568/assets",
    "upload_url": "https://uploads.github.com/repos/fabric8io/gofabric8/releases/3914568/assets{?name,label}",
    "html_url": "https://github.com/fabric8io/gofabric8/releases/tag/v0.4.38",
    "id": 3914568,
    "tag_name": "v0.4.38",
    "target_commitish": "master",
    "name": "0.4.38",
    "draft": false,
    "author": {
      "login": "jstrachan",
      "id": 30140,
      "avatar_url": "https://avatars.githubusercontent.com/u/30140?v=3",
      "gravatar_id": "",
      "url": "https://api.github.com/users/jstrachan",
      "html_url": "https://github.com/jstrachan",
      "followers_url": "https://api.github.com/users/jstrachan/followers",
      "following_url": "https://api.github.com/users/jstrachan/following{/other_user}",
      "gists_url": "https://api.github.com/users/jstrachan/gists{/gist_id}",
      "starred_url": "https://api.github.com/users/jstrachan/starred{/owner}{/repo}",
      "subscriptions_url": "https://api.github.com/users/jstrachan/subscriptions",
      "organizations_url": "https://api.github.com/users/jstrachan/orgs",
      "repos_url": "https://api.github.com/users/jstrachan/repos",
      "events_url": "https://api.github.com/users/jstrachan/events{/privacy}",
      "received_events_url": "https://api.github.com/users/jstrachan/received_events",
      "type": "User",
      "site_admin": false
    },
    "prerelease": false,
    "created_at": "2016-08-18T08:22:11Z",
    "published_at": "2016-08-18T08:28:10Z",
    "assets": [
      {
        "url": "https://api.github.com/repos/fabric8io/gofabric8/releases/assets/2164742",
        "id": 2164742,
        "name": "gofabric8-0.4.38-darwin-amd64.tar.gz",
        "label": "",
        "uploader": {
          "login": "jstrachan",
          "id": 30140,
          "avatar_url": "https://avatars.githubusercontent.com/u/30140?v=3",
          "gravatar_id": "",
          "url": "https://api.github.com/users/jstrachan",
          "html_url": "https://github.com/jstrachan",
          "followers_url": "https://api.github.com/users/jstrachan/followers",
          "following_url": "https://api.github.com/users/jstrachan/following{/other_user}",
          "gists_url": "https://api.github.com/users/jstrachan/gists{/gist_id}",
          "starred_url": "https://api.github.com/users/jstrachan/starred{/owner}{/repo}",
          "subscriptions_url": "https://api.github.com/users/jstrachan/subscriptions",
          "organizations_url": "https://api.github.com/users/jstrachan/orgs",
          "repos_url": "https://api.github.com/users/jstrachan/repos",
          "events_url": "https://api.github.com/users/jstrachan/events{/privacy}",
          "received_events_url": "https://api.github.com/users/jstrachan/received_events",
          "type": "User",
          "site_admin": false
        },
        "content_type": "application/gzip",
        "state": "uploaded",
        "size": 9144424,
        "download_count": 3,
        "created_at": "2016-08-18T08:28:11Z",
        "updated_at": "2016-08-18T08:28:12Z",
        "browser_download_url": "https://github.com/fabric8io/gofabric8/releases/download/v0.4.38/gofabric8-0.4.38-darwin-amd64.tar.gz"
      },
      {
        "url": "https://api.github.com/repos/fabric8io/gofabric8/releases/assets/2164743",
        "id": 2164743,
        "name": "gofabric8-0.4.38-linux-amd64.tar.gz",
        "label": "",
        "uploader": {
          "login": "jstrachan",
          "id": 30140,
          "avatar_url": "https://avatars.githubusercontent.com/u/30140?v=3",
          "gravatar_id": "",
          "url": "https://api.github.com/users/jstrachan",
          "html_url": "https://github.com/jstrachan",
          "followers_url": "https://api.github.com/users/jstrachan/followers",
          "following_url": "https://api.github.com/users/jstrachan/following{/other_user}",
          "gists_url": "https://api.github.com/users/jstrachan/gists{/gist_id}",
          "starred_url": "https://api.github.com/users/jstrachan/starred{/owner}{/repo}",
          "subscriptions_url": "https://api.github.com/users/jstrachan/subscriptions",
          "organizations_url": "https://api.github.com/users/jstrachan/orgs",
          "repos_url": "https://api.github.com/users/jstrachan/repos",
          "events_url": "https://api.github.com/users/jstrachan/events{/privacy}",
          "received_events_url": "https://api.github.com/users/jstrachan/received_events",
          "type": "User",
          "site_admin": false
        },
        "content_type": "application/gzip",
        "state": "uploaded",
        "size": 9274359,
        "download_count": 4,
        "created_at": "2016-08-18T08:28:12Z",
        "updated_at": "2016-08-18T08:28:16Z",
        "browser_download_url": "https://github.com/fabric8io/gofabric8/releases/download/v0.4.38/gofabric8-0.4.38-linux-amd64.tar.gz"
      },
      {
        "url": "https://api.github.com/repos/fabric8io/gofabric8/releases/assets/2164744",
        "id": 2164744,
        "name": "gofabric8-0.4.38-linux-arm.tar.gz",
        "label": "",
        "uploader": {
          "login": "jstrachan",
          "id": 30140,
          "avatar_url": "https://avatars.githubusercontent.com/u/30140?v=3",
          "gravatar_id": "",
          "url": "https://api.github.com/users/jstrachan",
          "html_url": "https://github.com/jstrachan",
          "followers_url": "https://api.github.com/users/jstrachan/followers",
          "following_url": "https://api.github.com/users/jstrachan/following{/other_user}",
          "gists_url": "https://api.github.com/users/jstrachan/gists{/gist_id}",
          "starred_url": "https://api.github.com/users/jstrachan/starred{/owner}{/repo}",
          "subscriptions_url": "https://api.github.com/users/jstrachan/subscriptions",
          "organizations_url": "https://api.github.com/users/jstrachan/orgs",
          "repos_url": "https://api.github.com/users/jstrachan/repos",
          "events_url": "https://api.github.com/users/jstrachan/events{/privacy}",
          "received_events_url": "https://api.github.com/users/jstrachan/received_events",
          "type": "User",
          "site_admin": false
        },
        "content_type": "application/gzip",
        "state": "uploaded",
        "size": 8330333,
        "download_count": 0,
        "created_at": "2016-08-18T08:28:16Z",
        "updated_at": "2016-08-18T08:28:17Z",
        "browser_download_url": "https://github.com/fabric8io/gofabric8/releases/download/v0.4.38/gofabric8-0.4.38-linux-arm.tar.gz"
      },
      {
        "url": "https://api.github.com/repos/fabric8io/gofabric8/releases/assets/2164745",
        "id": 2164745,
        "name": "gofabric8-0.4.38-windows-amd64.zip",
        "label": "",
        "uploader": {
          "login": "jstrachan",
          "id": 30140,
          "avatar_url": "https://avatars.githubusercontent.com/u/30140?v=3",
          "gravatar_id": "",
          "url": "https://api.github.com/users/jstrachan",
          "html_url": "https://github.com/jstrachan",
          "followers_url": "https://api.github.com/users/jstrachan/followers",
          "following_url": "https://api.github.com/users/jstrachan/following{/other_user}",
          "gists_url": "https://api.github.com/users/jstrachan/gists{/gist_id}",
          "starred_url": "https://api.github.com/users/jstrachan/starred{/owner}{/repo}",
          "subscriptions_url": "https://api.github.com/users/jstrachan/subscriptions",
          "organizations_url": "https://api.github.com/users/jstrachan/orgs",
          "repos_url": "https://api.github.com/users/jstrachan/repos",
          "events_url": "https://api.github.com/users/jstrachan/events{/privacy}",
          "received_events_url": "https://api.github.com/users/jstrachan/received_events",
          "type": "User",
          "site_admin": false
        },
        "content_type": "application/zip",
        "state": "uploaded",
        "size": 9199105,
        "download_count": 1,
        "created_at": "2016-08-18T08:28:18Z",
        "updated_at": "2016-08-18T08:28:19Z",
        "browser_download_url": "https://github.com/fabric8io/gofabric8/releases/download/v0.4.38/gofabric8-0.4.38-windows-amd64.zip"
      }
    ],
    "tarball_url": "https://api.github.com/repos/fabric8io/gofabric8/tarball/v0.4.38",
    "zipball_url": "https://api.github.com/repos/fabric8io/gofabric8/zipball/v0.4.38",
    "body": null
  },
  {
    "url": "https://api.github.com/repos/fabric8io/gofabric8/releases/3914282",
    "assets_url": "https://api.github.com/repos/fabric8io/gofabric8/releases/3914282/assets",
    "upload_url": "https://uploads.github.com/repos/fabric8io/gofabric8/releases/3914282/assets{?name,label}",
    "html_url": "https://github.com/fabric8io/gofabric8/releases/tag/v0.4.37",
    "id": 3914282,
    "tag_name": "v0.4.37",
    "target_commitish": "master",
    "name": "0.4.37",
    "draft": false,
    "author": {
      "login": "jstrachan",
      "id": 30140,
      "avatar_url": "https://avatars.githubusercontent.com/u/30140?v=3",
      "gravatar_id": "",
      "url": "https://api.github.com/users/jstrachan",
      "html_url": "https://github.com/jstrachan",
      "followers_url": "https://api.github.com/users/jstrachan/followers",
      "following_url": "https://api.github.com/users/jstrachan/following{/other_user}",
      "gists_url": "https://api.github.com/users/jstrachan/gists{/gist_id}",
      "starred_url": "https://api.github.com/users/jstrachan/starred{/owner}{/repo}",
      "subscriptions_url": "https://api.github.com/users/jstrachan/subscriptions",
      "organizations_url": "https://api.github.com/users/jstrachan/orgs",
      "repos_url": "https://api.github.com/users/jstrachan/repos",
      "events_url": "https://api.github.com/users/jstrachan/events{/privacy}",
      "received_events_url": "https://api.github.com/users/jstrachan/received_events",
      "type": "User",
      "site_admin": false
    },
    "prerelease": false,
    "created_at": "2016-08-18T07:35:59Z",
    "published_at": "2016-08-18T07:42:52Z",
    "assets": [
      {
        "url": "https://api.github.com/repos/fabric8io/gofabric8/releases/assets/2164577",
        "id": 2164577,
        "name": "gofabric8-0.4.37-darwin-amd64.tar.gz",
        "label": "",
        "uploader": {
          "login": "jstrachan",
          "id": 30140,
          "avatar_url": "https://avatars.githubusercontent.com/u/30140?v=3",
          "gravatar_id": "",
          "url": "https://api.github.com/users/jstrachan",
          "html_url": "https://github.com/jstrachan",
          "followers_url": "https://api.github.com/users/jstrachan/followers",
          "following_url": "https://api.github.com/users/jstrachan/following{/other_user}",
          "gists_url": "https://api.github.com/users/jstrachan/gists{/gist_id}",
          "starred_url": "https://api.github.com/users/jstrachan/starred{/owner}{/repo}",
          "subscriptions_url": "https://api.github.com/users/jstrachan/subscriptions",
          "organizations_url": "https://api.github.com/users/jstrachan/orgs",
          "repos_url": "https://api.github.com/users/jstrachan/repos",
          "events_url": "https://api.github.com/users/jstrachan/events{/privacy}",
          "received_events_url": "https://api.github.com/users/jstrachan/received_events",
          "type": "User",
          "site_admin": false
        },
        "content_type": "application/gzip",
        "state": "uploaded",
        "size": 9143997,
        "download_count": 2,
        "created_at": "2016-08-18T07:42:52Z",
        "updated_at": "2016-08-18T07:42:54Z",
        "browser_download_url": "https://github.com/fabric8io/gofabric8/releases/download/v0.4.37/gofabric8-0.4.37-darwin-amd64.tar.gz"
      },
      {
        "url": "https://api.github.com/repos/fabric8io/gofabric8/releases/assets/2164578",
        "id": 2164578,
        "name": "gofabric8-0.4.37-linux-amd64.tar.gz",
        "label": "",
        "uploader": {
          "login": "jstrachan",
          "id": 30140,
          "avatar_url": "https://avatars.githubusercontent.com/u/30140?v=3",
          "gravatar_id": "",
          "url": "https://api.github.com/users/jstrachan",
          "html_url": "https://github.com/jstrachan",
          "followers_url": "https://api.github.com/users/jstrachan/followers",
          "following_url": "https://api.github.com/users/jstrachan/following{/other_user}",
          "gists_url": "https://api.github.com/users/jstrachan/gists{/gist_id}",
          "starred_url": "https://api.github.com/users/jstrachan/starred{/owner}{/repo}",
          "subscriptions_url": "https://api.github.com/users/jstrachan/subscriptions",
          "organizations_url": "https://api.github.com/users/jstrachan/orgs",
          "repos_url": "https://api.github.com/users/jstrachan/repos",
          "events_url": "https://api.github.com/users/jstrachan/events{/privacy}",
          "received_events_url": "https://api.github.com/users/jstrachan/received_events",
          "type": "User",
          "site_admin": false
        },
        "content_type": "application/gzip",
        "state": "uploaded",
        "size": 9274889,
        "download_count": 10,
        "created_at": "2016-08-18T07:42:54Z",
        "updated_at": "2016-08-18T07:42:55Z",
        "browser_download_url": "https://github.com/fabric8io/gofabric8/releases/download/v0.4.37/gofabric8-0.4.37-linux-amd64.tar.gz"
      },
      {
        "url": "https://api.github.com/repos/fabric8io/gofabric8/releases/assets/2164579",
        "id": 2164579,
        "name": "gofabric8-0.4.37-linux-arm.tar.gz",
        "label": "",
        "uploader": {
          "login": "jstrachan",
          "id": 30140,
          "avatar_url": "https://avatars.githubusercontent.com/u/30140?v=3",
          "gravatar_id": "",
          "url": "https://api.github.com/users/jstrachan",
          "html_url": "https://github.com/jstrachan",
          "followers_url": "https://api.github.com/users/jstrachan/followers",
          "following_url": "https://api.github.com/users/jstrachan/following{/other_user}",
          "gists_url": "https://api.github.com/users/jstrachan/gists{/gist_id}",
          "starred_url": "https://api.github.com/users/jstrachan/starred{/owner}{/repo}",
          "subscriptions_url": "https://api.github.com/users/jstrachan/subscriptions",
          "organizations_url": "https://api.github.com/users/jstrachan/orgs",
          "repos_url": "https://api.github.com/users/jstrachan/repos",
          "events_url": "https://api.github.com/users/jstrachan/events{/privacy}",
          "received_events_url": "https://api.github.com/users/jstrachan/received_events",
          "type": "User",
          "site_admin": false
        },
        "content_type": "application/gzip",
        "state": "uploaded",
        "size": 8330627,
        "download_count": 1,
        "created_at": "2016-08-18T07:42:55Z",
        "updated_at": "2016-08-18T07:42:56Z",
        "browser_download_url": "https://github.com/fabric8io/gofabric8/releases/download/v0.4.37/gofabric8-0.4.37-linux-arm.tar.gz"
      },
      {
        "url": "https://api.github.com/repos/fabric8io/gofabric8/releases/assets/2164580",
        "id": 2164580,
        "name": "gofabric8-0.4.37-windows-amd64.zip",
        "label": "",
        "uploader": {
          "login": "jstrachan",
          "id": 30140,
          "avatar_url": "https://avatars.githubusercontent.com/u/30140?v=3",
          "gravatar_id": "",
          "url": "https://api.github.com/users/jstrachan",
          "html_url": "https://github.com/jstrachan",
          "followers_url": "https://api.github.com/users/jstrachan/followers",
          "following_url": "https://api.github.com/users/jstrachan/following{/other_user}",
          "gists_url": "https://api.github.com/users/jstrachan/gists{/gist_id}",
          "starred_url": "https://api.github.com/users/jstrachan/starred{/owner}{/repo}",
          "subscriptions_url": "https://api.github.com/users/jstrachan/subscriptions",
          "organizations_url": "https://api.github.com/users/jstrachan/orgs",
          "repos_url": "https://api.github.com/users/jstrachan/repos",
          "events_url": "https://api.github.com/users/jstrachan/events{/privacy}",
          "received_events_url": "https://api.github.com/users/jstrachan/received_events",
          "type": "User",
          "site_admin": false
        },
        "content_type": "application/zip",
        "state": "uploaded",
        "size": 9197754,
        "download_count": 1,
        "created_at": "2016-08-18T07:42:56Z",
        "updated_at": "2016-08-18T07:42:57Z",
        "browser_download_url": "https://github.com/fabric8io/gofabric8/releases/download/v0.4.37/gofabric8-0.4.37-windows-amd64.zip"
      }
    ],
    "tarball_url": "https://api.github.com/repos/fabric8io/gofabric8/tarball/v0.4.37",
    "zipball_url": "https://api.github.com/repos/fabric8io/gofabric8/zipball/v0.4.37",
    "body": null
  },
  {
    "url": "https://api.github.com/repos/fabric8io/gofabric8/releases/3906725",
    "assets_url": "https://api.github.com/repos/fabric8io/gofabric8/releases/3906725/assets",
    "upload_url": "https://uploads.github.com/repos/fabric8io/gofabric8/releases/3906725/assets{?name,label}",
    "html_url": "https://github.com/fabric8io/gofabric8/releases/tag/v0.4.36",
    "id": 3906725,
    "tag_name": "v0.4.36",
    "target_commitish": "master",
    "name": "0.4.36",
    "draft": false,
    "author": {
      "login": "jstrachan",
      "id": 30140,
      "avatar_url": "https://avatars.githubusercontent.com/u/30140?v=3",
      "gravatar_id": "",
      "url": "https://api.github.com/users/jstrachan",
      "html_url": "https://github.com/jstrachan",
      "followers_url": "https://api.github.com/users/jstrachan/followers",
      "following_url": "https://api.github.com/users/jstrachan/following{/other_user}",
      "gists_url": "https://api.github.com/users/jstrachan/gists{/gist_id}",
      "starred_url": "https://api.github.com/users/jstrachan/starred{/owner}{/repo}",
      "subscriptions_url": "https://api.github.com/users/jstrachan/subscriptions",
      "organizations_url": "https://api.github.com/users/jstrachan/orgs",
      "repos_url": "https://api.github.com/users/jstrachan/repos",
      "events_url": "https://api.github.com/users/jstrachan/events{/privacy}",
      "received_events_url": "https://api.github.com/users/jstrachan/received_events",
      "type": "User",
      "site_admin": false
    },
    "prerelease": false,
    "created_at": "2016-08-17T13:06:08Z",
    "published_at": "2016-08-17T13:12:39Z",
    "assets": [
      {
        "url": "https://api.github.com/repos/fabric8io/gofabric8/releases/assets/2160401",
        "id": 2160401,
        "name": "gofabric8-0.4.36-darwin-amd64.tar.gz",
        "label": "",
        "uploader": {
          "login": "jstrachan",
          "id": 30140,
          "avatar_url": "https://avatars.githubusercontent.com/u/30140?v=3",
          "gravatar_id": "",
          "url": "https://api.github.com/users/jstrachan",
          "html_url": "https://github.com/jstrachan",
          "followers_url": "https://api.github.com/users/jstrachan/followers",
          "following_url": "https://api.github.com/users/jstrachan/following{/other_user}",
          "gists_url": "https://api.github.com/users/jstrachan/gists{/gist_id}",
          "starred_url": "https://api.github.com/users/jstrachan/starred{/owner}{/repo}",
          "subscriptions_url": "https://api.github.com/users/jstrachan/subscriptions",
          "organizations_url": "https://api.github.com/users/jstrachan/orgs",
          "repos_url": "https://api.github.com/users/jstrachan/repos",
          "events_url": "https://api.github.com/users/jstrachan/events{/privacy}",
          "received_events_url": "https://api.github.com/users/jstrachan/received_events",
          "type": "User",
          "site_admin": false
        },
        "content_type": "application/gzip",
        "state": "uploaded",
        "size": 9143653,
        "download_count": 8,
        "created_at": "2016-08-17T13:12:39Z",
        "updated_at": "2016-08-17T13:12:41Z",
        "browser_download_url": "https://github.com/fabric8io/gofabric8/releases/download/v0.4.36/gofabric8-0.4.36-darwin-amd64.tar.gz"
      },
      {
        "url": "https://api.github.com/repos/fabric8io/gofabric8/releases/assets/2160402",
        "id": 2160402,
        "name": "gofabric8-0.4.36-linux-amd64.tar.gz",
        "label": "",
        "uploader": {
          "login": "jstrachan",
          "id": 30140,
          "avatar_url": "https://avatars.githubusercontent.com/u/30140?v=3",
          "gravatar_id": "",
          "url": "https://api.github.com/users/jstrachan",
          "html_url": "https://github.com/jstrachan",
          "followers_url": "https://api.github.com/users/jstrachan/followers",
          "following_url": "https://api.github.com/users/jstrachan/following{/other_user}",
          "gists_url": "https://api.github.com/users/jstrachan/gists{/gist_id}",
          "starred_url": "https://api.github.com/users/jstrachan/starred{/owner}{/repo}",
          "subscriptions_url": "https://api.github.com/users/jstrachan/subscriptions",
          "organizations_url": "https://api.github.com/users/jstrachan/orgs",
          "repos_url": "https://api.github.com/users/jstrachan/repos",
          "events_url": "https://api.github.com/users/jstrachan/events{/privacy}",
          "received_events_url": "https://api.github.com/users/jstrachan/received_events",
          "type": "User",
          "site_admin": false
        },
        "content_type": "application/gzip",
        "state": "uploaded",
        "size": 9274139,
        "download_count": 35,
        "created_at": "2016-08-17T13:12:41Z",
        "updated_at": "2016-08-17T13:12:43Z",
        "browser_download_url": "https://github.com/fabric8io/gofabric8/releases/download/v0.4.36/gofabric8-0.4.36-linux-amd64.tar.gz"
      },
      {
        "url": "https://api.github.com/repos/fabric8io/gofabric8/releases/assets/2160403",
        "id": 2160403,
        "name": "gofabric8-0.4.36-linux-arm.tar.gz",
        "label": "",
        "uploader": {
          "login": "jstrachan",
          "id": 30140,
          "avatar_url": "https://avatars.githubusercontent.com/u/30140?v=3",
          "gravatar_id": "",
          "url": "https://api.github.com/users/jstrachan",
          "html_url": "https://github.com/jstrachan",
          "followers_url": "https://api.github.com/users/jstrachan/followers",
          "following_url": "https://api.github.com/users/jstrachan/following{/other_user}",
          "gists_url": "https://api.github.com/users/jstrachan/gists{/gist_id}",
          "starred_url": "https://api.github.com/users/jstrachan/starred{/owner}{/repo}",
          "subscriptions_url": "https://api.github.com/users/jstrachan/subscriptions",
          "organizations_url": "https://api.github.com/users/jstrachan/orgs",
          "repos_url": "https://api.github.com/users/jstrachan/repos",
          "events_url": "https://api.github.com/users/jstrachan/events{/privacy}",
          "received_events_url": "https://api.github.com/users/jstrachan/received_events",
          "type": "User",
          "site_admin": false
        },
        "content_type": "application/gzip",
        "state": "uploaded",
        "size": 8330822,
        "download_count": 0,
        "created_at": "2016-08-17T13:12:43Z",
        "updated_at": "2016-08-17T13:12:44Z",
        "browser_download_url": "https://github.com/fabric8io/gofabric8/releases/download/v0.4.36/gofabric8-0.4.36-linux-arm.tar.gz"
      },
      {
        "url": "https://api.github.com/repos/fabric8io/gofabric8/releases/assets/2160404",
        "id": 2160404,
        "name": "gofabric8-0.4.36-windows-amd64.zip",
        "label": "",
        "uploader": {
          "login": "jstrachan",
          "id": 30140,
          "avatar_url": "https://avatars.githubusercontent.com/u/30140?v=3",
          "gravatar_id": "",
          "url": "https://api.github.com/users/jstrachan",
          "html_url": "https://github.com/jstrachan",
          "followers_url": "https://api.github.com/users/jstrachan/followers",
          "following_url": "https://api.github.com/users/jstrachan/following{/other_user}",
          "gists_url": "https://api.github.com/users/jstrachan/gists{/gist_id}",
          "starred_url": "https://api.github.com/users/jstrachan/starred{/owner}{/repo}",
          "subscriptions_url": "https://api.github.com/users/jstrachan/subscriptions",
          "organizations_url": "https://api.github.com/users/jstrachan/orgs",
          "repos_url": "https://api.github.com/users/jstrachan/repos",
          "events_url": "https://api.github.com/users/jstrachan/events{/privacy}",
          "received_events_url": "https://api.github.com/users/jstrachan/received_events",
          "type": "User",
          "site_admin": false
        },
        "content_type": "application/zip",
        "state": "uploaded",
        "size": 9197682,
        "download_count": 4,
        "created_at": "2016-08-17T13:12:44Z",
        "updated_at": "2016-08-17T13:12:46Z",
        "browser_download_url": "https://github.com/fabric8io/gofabric8/releases/download/v0.4.36/gofabric8-0.4.36-windows-amd64.zip"
      }
    ],
    "tarball_url": "https://api.github.com/repos/fabric8io/gofabric8/tarball/v0.4.36",
    "zipball_url": "https://api.github.com/repos/fabric8io/gofabric8/zipball/v0.4.36",
    "body": null
  },
  {
    "url": "https://api.github.com/repos/fabric8io/gofabric8/releases/3748714",
    "assets_url": "https://api.github.com/repos/fabric8io/gofabric8/releases/3748714/assets",
    "upload_url": "https://uploads.github.com/repos/fabric8io/gofabric8/releases/3748714/assets{?name,label}",
    "html_url": "https://github.com/fabric8io/gofabric8/releases/tag/v0.4.35",
    "id": 3748714,
    "tag_name": "v0.4.35",
    "target_commitish": "master",
    "name": "0.4.35",
    "draft": false,
    "author": {
      "login": "jstrachan",
      "id": 30140,
      "avatar_url": "https://avatars.githubusercontent.com/u/30140?v=3",
      "gravatar_id": "",
      "url": "https://api.github.com/users/jstrachan",
      "html_url": "https://github.com/jstrachan",
      "followers_url": "https://api.github.com/users/jstrachan/followers",
      "following_url": "https://api.github.com/users/jstrachan/following{/other_user}",
      "gists_url": "https://api.github.com/users/jstrachan/gists{/gist_id}",
      "starred_url": "https://api.github.com/users/jstrachan/starred{/owner}{/repo}",
      "subscriptions_url": "https://api.github.com/users/jstrachan/subscriptions",
      "organizations_url": "https://api.github.com/users/jstrachan/orgs",
      "repos_url": "https://api.github.com/users/jstrachan/repos",
      "events_url": "https://api.github.com/users/jstrachan/events{/privacy}",
      "received_events_url": "https://api.github.com/users/jstrachan/received_events",
      "type": "User",
      "site_admin": false
    },
    "prerelease": false,
    "created_at": "2016-07-27T09:04:41Z",
    "published_at": "2016-07-27T09:19:28Z",
    "assets": [
      {
        "url": "https://api.github.com/repos/fabric8io/gofabric8/releases/assets/2052754",
        "id": 2052754,
        "name": "gofabric8-0.4.35-darwin-amd64.tar.gz",
        "label": "",
        "uploader": {
          "login": "jstrachan",
          "id": 30140,
          "avatar_url": "https://avatars.githubusercontent.com/u/30140?v=3",
          "gravatar_id": "",
          "url": "https://api.github.com/users/jstrachan",
          "html_url": "https://github.com/jstrachan",
          "followers_url": "https://api.github.com/users/jstrachan/followers",
          "following_url": "https://api.github.com/users/jstrachan/following{/other_user}",
          "gists_url": "https://api.github.com/users/jstrachan/gists{/gist_id}",
          "starred_url": "https://api.github.com/users/jstrachan/starred{/owner}{/repo}",
          "subscriptions_url": "https://api.github.com/users/jstrachan/subscriptions",
          "organizations_url": "https://api.github.com/users/jstrachan/orgs",
          "repos_url": "https://api.github.com/users/jstrachan/repos",
          "events_url": "https://api.github.com/users/jstrachan/events{/privacy}",
          "received_events_url": "https://api.github.com/users/jstrachan/received_events",
          "type": "User",
          "site_admin": false
        },
        "content_type": "application/gzip",
        "state": "uploaded",
        "size": 9137891,
        "download_count": 134,
        "created_at": "2016-07-27T09:19:29Z",
        "updated_at": "2016-07-27T09:19:30Z",
        "browser_download_url": "https://github.com/fabric8io/gofabric8/releases/download/v0.4.35/gofabric8-0.4.35-darwin-amd64.tar.gz"
      },
      {
        "url": "https://api.github.com/repos/fabric8io/gofabric8/releases/assets/2052755",
        "id": 2052755,
        "name": "gofabric8-0.4.35-linux-amd64.tar.gz",
        "label": "",
        "uploader": {
          "login": "jstrachan",
          "id": 30140,
          "avatar_url": "https://avatars.githubusercontent.com/u/30140?v=3",
          "gravatar_id": "",
          "url": "https://api.github.com/users/jstrachan",
          "html_url": "https://github.com/jstrachan",
          "followers_url": "https://api.github.com/users/jstrachan/followers",
          "following_url": "https://api.github.com/users/jstrachan/following{/other_user}",
          "gists_url": "https://api.github.com/users/jstrachan/gists{/gist_id}",
          "starred_url": "https://api.github.com/users/jstrachan/starred{/owner}{/repo}",
          "subscriptions_url": "https://api.github.com/users/jstrachan/subscriptions",
          "organizations_url": "https://api.github.com/users/jstrachan/orgs",
          "repos_url": "https://api.github.com/users/jstrachan/repos",
          "events_url": "https://api.github.com/users/jstrachan/events{/privacy}",
          "received_events_url": "https://api.github.com/users/jstrachan/received_events",
          "type": "User",
          "site_admin": false
        },
        "content_type": "application/gzip",
        "state": "uploaded",
        "size": 9271408,
        "download_count": 604,
        "created_at": "2016-07-27T09:19:30Z",
        "updated_at": "2016-07-27T09:19:31Z",
        "browser_download_url": "https://github.com/fabric8io/gofabric8/releases/download/v0.4.35/gofabric8-0.4.35-linux-amd64.tar.gz"
      },
      {
        "url": "https://api.github.com/repos/fabric8io/gofabric8/releases/assets/2052756",
        "id": 2052756,
        "name": "gofabric8-0.4.35-linux-arm.tar.gz",
        "label": "",
        "uploader": {
          "login": "jstrachan",
          "id": 30140,
          "avatar_url": "https://avatars.githubusercontent.com/u/30140?v=3",
          "gravatar_id": "",
          "url": "https://api.github.com/users/jstrachan",
          "html_url": "https://github.com/jstrachan",
          "followers_url": "https://api.github.com/users/jstrachan/followers",
          "following_url": "https://api.github.com/users/jstrachan/following{/other_user}",
          "gists_url": "https://api.github.com/users/jstrachan/gists{/gist_id}",
          "starred_url": "https://api.github.com/users/jstrachan/starred{/owner}{/repo}",
          "subscriptions_url": "https://api.github.com/users/jstrachan/subscriptions",
          "organizations_url": "https://api.github.com/users/jstrachan/orgs",
          "repos_url": "https://api.github.com/users/jstrachan/repos",
          "events_url": "https://api.github.com/users/jstrachan/events{/privacy}",
          "received_events_url": "https://api.github.com/users/jstrachan/received_events",
          "type": "User",
          "site_admin": false
        },
        "content_type": "application/gzip",
        "state": "uploaded",
        "size": 8325050,
        "download_count": 11,
        "created_at": "2016-07-27T09:19:31Z",
        "updated_at": "2016-07-27T09:19:32Z",
        "browser_download_url": "https://github.com/fabric8io/gofabric8/releases/download/v0.4.35/gofabric8-0.4.35-linux-arm.tar.gz"
      },
      {
        "url": "https://api.github.com/repos/fabric8io/gofabric8/releases/assets/2052757",
        "id": 2052757,
        "name": "gofabric8-0.4.35-windows-amd64.zip",
        "label": "",
        "uploader": {
          "login": "jstrachan",
          "id": 30140,
          "avatar_url": "https://avatars.githubusercontent.com/u/30140?v=3",
          "gravatar_id": "",
          "url": "https://api.github.com/users/jstrachan",
          "html_url": "https://github.com/jstrachan",
          "followers_url": "https://api.github.com/users/jstrachan/followers",
          "following_url": "https://api.github.com/users/jstrachan/following{/other_user}",
          "gists_url": "https://api.github.com/users/jstrachan/gists{/gist_id}",
          "starred_url": "https://api.github.com/users/jstrachan/starred{/owner}{/repo}",
          "subscriptions_url": "https://api.github.com/users/jstrachan/subscriptions",
          "organizations_url": "https://api.github.com/users/jstrachan/orgs",
          "repos_url": "https://api.github.com/users/jstrachan/repos",
          "events_url": "https://api.github.com/users/jstrachan/events{/privacy}",
          "received_events_url": "https://api.github.com/users/jstrachan/received_events",
          "type": "User",
          "site_admin": false
        },
        "content_type": "application/zip",
        "state": "uploaded",
        "size": 9190858,
        "download_count": 80,
        "created_at": "2016-07-27T09:19:33Z",
        "updated_at": "2016-07-27T09:19:34Z",
        "browser_download_url": "https://github.com/fabric8io/gofabric8/releases/download/v0.4.35/gofabric8-0.4.35-windows-amd64.zip"
      }
    ],
    "tarball_url": "https://api.github.com/repos/fabric8io/gofabric8/tarball/v0.4.35",
    "zipball_url": "https://api.github.com/repos/fabric8io/gofabric8/zipball/v0.4.35",
    "body": null
  },
  {
    "url": "https://api.github.com/repos/fabric8io/gofabric8/releases/3701909",
    "assets_url": "https://api.github.com/repos/fabric8io/gofabric8/releases/3701909/assets",
    "upload_url": "https://uploads.github.com/repos/fabric8io/gofabric8/releases/3701909/assets{?name,label}",
    "html_url": "https://github.com/fabric8io/gofabric8/releases/tag/v0.4.34",
    "id": 3701909,
    "tag_name": "v0.4.34",
    "target_commitish": "master",
    "name": "0.4.34",
    "draft": false,
    "author": {
      "login": "jstrachan",
      "id": 30140,
      "avatar_url": "https://avatars.githubusercontent.com/u/30140?v=3",
      "gravatar_id": "",
      "url": "https://api.github.com/users/jstrachan",
      "html_url": "https://github.com/jstrachan",
      "followers_url": "https://api.github.com/users/jstrachan/followers",
      "following_url": "https://api.github.com/users/jstrachan/following{/other_user}",
      "gists_url": "https://api.github.com/users/jstrachan/gists{/gist_id}",
      "starred_url": "https://api.github.com/users/jstrachan/starred{/owner}{/repo}",
      "subscriptions_url": "https://api.github.com/users/jstrachan/subscriptions",
      "organizations_url": "https://api.github.com/users/jstrachan/orgs",
      "repos_url": "https://api.github.com/users/jstrachan/repos",
      "events_url": "https://api.github.com/users/jstrachan/events{/privacy}",
      "received_events_url": "https://api.github.com/users/jstrachan/received_events",
      "type": "User",
      "site_admin": false
    },
    "prerelease": false,
    "created_at": "2016-07-20T16:54:09Z",
    "published_at": "2016-07-20T17:00:58Z",
    "assets": [
      {
        "url": "https://api.github.com/repos/fabric8io/gofabric8/releases/assets/2021324",
        "id": 2021324,
        "name": "gofabric8-0.4.34-darwin-amd64.tar.gz",
        "label": "",
        "uploader": {
          "login": "jstrachan",
          "id": 30140,
          "avatar_url": "https://avatars.githubusercontent.com/u/30140?v=3",
          "gravatar_id": "",
          "url": "https://api.github.com/users/jstrachan",
          "html_url": "https://github.com/jstrachan",
          "followers_url": "https://api.github.com/users/jstrachan/followers",
          "following_url": "https://api.github.com/users/jstrachan/following{/other_user}",
          "gists_url": "https://api.github.com/users/jstrachan/gists{/gist_id}",
          "starred_url": "https://api.github.com/users/jstrachan/starred{/owner}{/repo}",
          "subscriptions_url": "https://api.github.com/users/jstrachan/subscriptions",
          "organizations_url": "https://api.github.com/users/jstrachan/orgs",
          "repos_url": "https://api.github.com/users/jstrachan/repos",
          "events_url": "https://api.github.com/users/jstrachan/events{/privacy}",
          "received_events_url": "https://api.github.com/users/jstrachan/received_events",
          "type": "User",
          "site_admin": false
        },
        "content_type": "application/gzip",
        "state": "uploaded",
        "size": 9137905,
        "download_count": 30,
        "created_at": "2016-07-20T17:00:58Z",
        "updated_at": "2016-07-20T17:00:59Z",
        "browser_download_url": "https://github.com/fabric8io/gofabric8/releases/download/v0.4.34/gofabric8-0.4.34-darwin-amd64.tar.gz"
      },
      {
        "url": "https://api.github.com/repos/fabric8io/gofabric8/releases/assets/2021325",
        "id": 2021325,
        "name": "gofabric8-0.4.34-linux-amd64.tar.gz",
        "label": "",
        "uploader": {
          "login": "jstrachan",
          "id": 30140,
          "avatar_url": "https://avatars.githubusercontent.com/u/30140?v=3",
          "gravatar_id": "",
          "url": "https://api.github.com/users/jstrachan",
          "html_url": "https://github.com/jstrachan",
          "followers_url": "https://api.github.com/users/jstrachan/followers",
          "following_url": "https://api.github.com/users/jstrachan/following{/other_user}",
          "gists_url": "https://api.github.com/users/jstrachan/gists{/gist_id}",
          "starred_url": "https://api.github.com/users/jstrachan/starred{/owner}{/repo}",
          "subscriptions_url": "https://api.github.com/users/jstrachan/subscriptions",
          "organizations_url": "https://api.github.com/users/jstrachan/orgs",
          "repos_url": "https://api.github.com/users/jstrachan/repos",
          "events_url": "https://api.github.com/users/jstrachan/events{/privacy}",
          "received_events_url": "https://api.github.com/users/jstrachan/received_events",
          "type": "User",
          "site_admin": false
        },
        "content_type": "application/gzip",
        "state": "uploaded",
        "size": 9271299,
        "download_count": 310,
        "created_at": "2016-07-20T17:01:00Z",
        "updated_at": "2016-07-20T17:01:01Z",
        "browser_download_url": "https://github.com/fabric8io/gofabric8/releases/download/v0.4.34/gofabric8-0.4.34-linux-amd64.tar.gz"
      },
      {
        "url": "https://api.github.com/repos/fabric8io/gofabric8/releases/assets/2021326",
        "id": 2021326,
        "name": "gofabric8-0.4.34-linux-arm.tar.gz",
        "label": "",
        "uploader": {
          "login": "jstrachan",
          "id": 30140,
          "avatar_url": "https://avatars.githubusercontent.com/u/30140?v=3",
          "gravatar_id": "",
          "url": "https://api.github.com/users/jstrachan",
          "html_url": "https://github.com/jstrachan",
          "followers_url": "https://api.github.com/users/jstrachan/followers",
          "following_url": "https://api.github.com/users/jstrachan/following{/other_user}",
          "gists_url": "https://api.github.com/users/jstrachan/gists{/gist_id}",
          "starred_url": "https://api.github.com/users/jstrachan/starred{/owner}{/repo}",
          "subscriptions_url": "https://api.github.com/users/jstrachan/subscriptions",
          "organizations_url": "https://api.github.com/users/jstrachan/orgs",
          "repos_url": "https://api.github.com/users/jstrachan/repos",
          "events_url": "https://api.github.com/users/jstrachan/events{/privacy}",
          "received_events_url": "https://api.github.com/users/jstrachan/received_events",
          "type": "User",
          "site_admin": false
        },
        "content_type": "application/gzip",
        "state": "uploaded",
        "size": 8326214,
        "download_count": 1,
        "created_at": "2016-07-20T17:01:02Z",
        "updated_at": "2016-07-20T17:01:03Z",
        "browser_download_url": "https://github.com/fabric8io/gofabric8/releases/download/v0.4.34/gofabric8-0.4.34-linux-arm.tar.gz"
      },
      {
        "url": "https://api.github.com/repos/fabric8io/gofabric8/releases/assets/2021327",
        "id": 2021327,
        "name": "gofabric8-0.4.34-windows-amd64.zip",
        "label": "",
        "uploader": {
          "login": "jstrachan",
          "id": 30140,
          "avatar_url": "https://avatars.githubusercontent.com/u/30140?v=3",
          "gravatar_id": "",
          "url": "https://api.github.com/users/jstrachan",
          "html_url": "https://github.com/jstrachan",
          "followers_url": "https://api.github.com/users/jstrachan/followers",
          "following_url": "https://api.github.com/users/jstrachan/following{/other_user}",
          "gists_url": "https://api.github.com/users/jstrachan/gists{/gist_id}",
          "starred_url": "https://api.github.com/users/jstrachan/starred{/owner}{/repo}",
          "subscriptions_url": "https://api.github.com/users/jstrachan/subscriptions",
          "organizations_url": "https://api.github.com/users/jstrachan/orgs",
          "repos_url": "https://api.github.com/users/jstrachan/repos",
          "events_url": "https://api.github.com/users/jstrachan/events{/privacy}",
          "received_events_url": "https://api.github.com/users/jstrachan/received_events",
          "type": "User",
          "site_admin": false
        },
        "content_type": "application/zip",
        "state": "uploaded",
        "size": 9190454,
        "download_count": 12,
        "created_at": "2016-07-20T17:01:03Z",
        "updated_at": "2016-07-20T17:01:05Z",
        "browser_download_url": "https://github.com/fabric8io/gofabric8/releases/download/v0.4.34/gofabric8-0.4.34-windows-amd64.zip"
      }
    ],
    "tarball_url": "https://api.github.com/repos/fabric8io/gofabric8/tarball/v0.4.34",
    "zipball_url": "https://api.github.com/repos/fabric8io/gofabric8/zipball/v0.4.34",
    "body": null
  },
  {
    "url": "https://api.github.com/repos/fabric8io/gofabric8/releases/3666370",
    "assets_url": "https://api.github.com/repos/fabric8io/gofabric8/releases/3666370/assets",
    "upload_url": "https://uploads.github.com/repos/fabric8io/gofabric8/releases/3666370/assets{?name,label}",
    "html_url": "https://github.com/fabric8io/gofabric8/releases/tag/v0.4.33",
    "id": 3666370,
    "tag_name": "v0.4.33",
    "target_commitish": "master",
    "name": "0.4.33",
    "draft": false,
    "author": {
      "login": "jstrachan",
      "id": 30140,
      "avatar_url": "https://avatars.githubusercontent.com/u/30140?v=3",
      "gravatar_id": "",
      "url": "https://api.github.com/users/jstrachan",
      "html_url": "https://github.com/jstrachan",
      "followers_url": "https://api.github.com/users/jstrachan/followers",
      "following_url": "https://api.github.com/users/jstrachan/following{/other_user}",
      "gists_url": "https://api.github.com/users/jstrachan/gists{/gist_id}",
      "starred_url": "https://api.github.com/users/jstrachan/starred{/owner}{/repo}",
      "subscriptions_url": "https://api.github.com/users/jstrachan/subscriptions",
      "organizations_url": "https://api.github.com/users/jstrachan/orgs",
      "repos_url": "https://api.github.com/users/jstrachan/repos",
      "events_url": "https://api.github.com/users/jstrachan/events{/privacy}",
      "received_events_url": "https://api.github.com/users/jstrachan/received_events",
      "type": "User",
      "site_admin": false
    },
    "prerelease": false,
    "created_at": "2016-07-15T12:24:52Z",
    "published_at": "2016-07-15T12:31:27Z",
    "assets": [
      {
        "url": "https://api.github.com/repos/fabric8io/gofabric8/releases/assets/1995691",
        "id": 1995691,
        "name": "gofabric8-0.4.33-darwin-amd64.tar.gz",
        "label": "",
        "uploader": {
          "login": "jstrachan",
          "id": 30140,
          "avatar_url": "https://avatars.githubusercontent.com/u/30140?v=3",
          "gravatar_id": "",
          "url": "https://api.github.com/users/jstrachan",
          "html_url": "https://github.com/jstrachan",
          "followers_url": "https://api.github.com/users/jstrachan/followers",
          "following_url": "https://api.github.com/users/jstrachan/following{/other_user}",
          "gists_url": "https://api.github.com/users/jstrachan/gists{/gist_id}",
          "starred_url": "https://api.github.com/users/jstrachan/starred{/owner}{/repo}",
          "subscriptions_url": "https://api.github.com/users/jstrachan/subscriptions",
          "organizations_url": "https://api.github.com/users/jstrachan/orgs",
          "repos_url": "https://api.github.com/users/jstrachan/repos",
          "events_url": "https://api.github.com/users/jstrachan/events{/privacy}",
          "received_events_url": "https://api.github.com/users/jstrachan/received_events",
          "type": "User",
          "site_admin": false
        },
        "content_type": "application/gzip",
        "state": "uploaded",
        "size": 9137932,
        "download_count": 13,
        "created_at": "2016-07-15T12:31:28Z",
        "updated_at": "2016-07-15T12:31:29Z",
        "browser_download_url": "https://github.com/fabric8io/gofabric8/releases/download/v0.4.33/gofabric8-0.4.33-darwin-amd64.tar.gz"
      },
      {
        "url": "https://api.github.com/repos/fabric8io/gofabric8/releases/assets/1995692",
        "id": 1995692,
        "name": "gofabric8-0.4.33-linux-amd64.tar.gz",
        "label": "",
        "uploader": {
          "login": "jstrachan",
          "id": 30140,
          "avatar_url": "https://avatars.githubusercontent.com/u/30140?v=3",
          "gravatar_id": "",
          "url": "https://api.github.com/users/jstrachan",
          "html_url": "https://github.com/jstrachan",
          "followers_url": "https://api.github.com/users/jstrachan/followers",
          "following_url": "https://api.github.com/users/jstrachan/following{/other_user}",
          "gists_url": "https://api.github.com/users/jstrachan/gists{/gist_id}",
          "starred_url": "https://api.github.com/users/jstrachan/starred{/owner}{/repo}",
          "subscriptions_url": "https://api.github.com/users/jstrachan/subscriptions",
          "organizations_url": "https://api.github.com/users/jstrachan/orgs",
          "repos_url": "https://api.github.com/users/jstrachan/repos",
          "events_url": "https://api.github.com/users/jstrachan/events{/privacy}",
          "received_events_url": "https://api.github.com/users/jstrachan/received_events",
          "type": "User",
          "site_admin": false
        },
        "content_type": "application/gzip",
        "state": "uploaded",
        "size": 9271312,
        "download_count": 200,
        "created_at": "2016-07-15T12:31:29Z",
        "updated_at": "2016-07-15T12:31:31Z",
        "browser_download_url": "https://github.com/fabric8io/gofabric8/releases/download/v0.4.33/gofabric8-0.4.33-linux-amd64.tar.gz"
      },
      {
        "url": "https://api.github.com/repos/fabric8io/gofabric8/releases/assets/1995693",
        "id": 1995693,
        "name": "gofabric8-0.4.33-linux-arm.tar.gz",
        "label": "",
        "uploader": {
          "login": "jstrachan",
          "id": 30140,
          "avatar_url": "https://avatars.githubusercontent.com/u/30140?v=3",
          "gravatar_id": "",
          "url": "https://api.github.com/users/jstrachan",
          "html_url": "https://github.com/jstrachan",
          "followers_url": "https://api.github.com/users/jstrachan/followers",
          "following_url": "https://api.github.com/users/jstrachan/following{/other_user}",
          "gists_url": "https://api.github.com/users/jstrachan/gists{/gist_id}",
          "starred_url": "https://api.github.com/users/jstrachan/starred{/owner}{/repo}",
          "subscriptions_url": "https://api.github.com/users/jstrachan/subscriptions",
          "organizations_url": "https://api.github.com/users/jstrachan/orgs",
          "repos_url": "https://api.github.com/users/jstrachan/repos",
          "events_url": "https://api.github.com/users/jstrachan/events{/privacy}",
          "received_events_url": "https://api.github.com/users/jstrachan/received_events",
          "type": "User",
          "site_admin": false
        },
        "content_type": "application/gzip",
        "state": "uploaded",
        "size": 8326498,
        "download_count": 0,
        "created_at": "2016-07-15T12:31:31Z",
        "updated_at": "2016-07-15T12:31:33Z",
        "browser_download_url": "https://github.com/fabric8io/gofabric8/releases/download/v0.4.33/gofabric8-0.4.33-linux-arm.tar.gz"
      },
      {
        "url": "https://api.github.com/repos/fabric8io/gofabric8/releases/assets/1995694",
        "id": 1995694,
        "name": "gofabric8-0.4.33-windows-amd64.zip",
        "label": "",
        "uploader": {
          "login": "jstrachan",
          "id": 30140,
          "avatar_url": "https://avatars.githubusercontent.com/u/30140?v=3",
          "gravatar_id": "",
          "url": "https://api.github.com/users/jstrachan",
          "html_url": "https://github.com/jstrachan",
          "followers_url": "https://api.github.com/users/jstrachan/followers",
          "following_url": "https://api.github.com/users/jstrachan/following{/other_user}",
          "gists_url": "https://api.github.com/users/jstrachan/gists{/gist_id}",
          "starred_url": "https://api.github.com/users/jstrachan/starred{/owner}{/repo}",
          "subscriptions_url": "https://api.github.com/users/jstrachan/subscriptions",
          "organizations_url": "https://api.github.com/users/jstrachan/orgs",
          "repos_url": "https://api.github.com/users/jstrachan/repos",
          "events_url": "https://api.github.com/users/jstrachan/events{/privacy}",
          "received_events_url": "https://api.github.com/users/jstrachan/received_events",
          "type": "User",
          "site_admin": false
        },
        "content_type": "application/zip",
        "state": "uploaded",
        "size": 9190456,
        "download_count": 12,
        "created_at": "2016-07-15T12:31:34Z",
        "updated_at": "2016-07-15T12:31:35Z",
        "browser_download_url": "https://github.com/fabric8io/gofabric8/releases/download/v0.4.33/gofabric8-0.4.33-windows-amd64.zip"
      }
    ],
    "tarball_url": "https://api.github.com/repos/fabric8io/gofabric8/tarball/v0.4.33",
    "zipball_url": "https://api.github.com/repos/fabric8io/gofabric8/zipball/v0.4.33",
    "body": null
  },
  {
    "url": "https://api.github.com/repos/fabric8io/gofabric8/releases/3665868",
    "assets_url": "https://api.github.com/repos/fabric8io/gofabric8/releases/3665868/assets",
    "upload_url": "https://uploads.github.com/repos/fabric8io/gofabric8/releases/3665868/assets{?name,label}",
    "html_url": "https://github.com/fabric8io/gofabric8/releases/tag/v0.4.32",
    "id": 3665868,
    "tag_name": "v0.4.32",
    "target_commitish": "master",
    "name": "0.4.32",
    "draft": false,
    "author": {
      "login": "jstrachan",
      "id": 30140,
      "avatar_url": "https://avatars.githubusercontent.com/u/30140?v=3",
      "gravatar_id": "",
      "url": "https://api.github.com/users/jstrachan",
      "html_url": "https://github.com/jstrachan",
      "followers_url": "https://api.github.com/users/jstrachan/followers",
      "following_url": "https://api.github.com/users/jstrachan/following{/other_user}",
      "gists_url": "https://api.github.com/users/jstrachan/gists{/gist_id}",
      "starred_url": "https://api.github.com/users/jstrachan/starred{/owner}{/repo}",
      "subscriptions_url": "https://api.github.com/users/jstrachan/subscriptions",
      "organizations_url": "https://api.github.com/users/jstrachan/orgs",
      "repos_url": "https://api.github.com/users/jstrachan/repos",
      "events_url": "https://api.github.com/users/jstrachan/events{/privacy}",
      "received_events_url": "https://api.github.com/users/jstrachan/received_events",
      "type": "User",
      "site_admin": false
    },
    "prerelease": false,
    "created_at": "2016-07-15T11:01:12Z",
    "published_at": "2016-07-15T11:08:39Z",
    "assets": [
      {
        "url": "https://api.github.com/repos/fabric8io/gofabric8/releases/assets/1995380",
        "id": 1995380,
        "name": "gofabric8-0.4.32-darwin-amd64.tar.gz",
        "label": "",
        "uploader": {
          "login": "jstrachan",
          "id": 30140,
          "avatar_url": "https://avatars.githubusercontent.com/u/30140?v=3",
          "gravatar_id": "",
          "url": "https://api.github.com/users/jstrachan",
          "html_url": "https://github.com/jstrachan",
          "followers_url": "https://api.github.com/users/jstrachan/followers",
          "following_url": "https://api.github.com/users/jstrachan/following{/other_user}",
          "gists_url": "https://api.github.com/users/jstrachan/gists{/gist_id}",
          "starred_url": "https://api.github.com/users/jstrachan/starred{/owner}{/repo}",
          "subscriptions_url": "https://api.github.com/users/jstrachan/subscriptions",
          "organizations_url": "https://api.github.com/users/jstrachan/orgs",
          "repos_url": "https://api.github.com/users/jstrachan/repos",
          "events_url": "https://api.github.com/users/jstrachan/events{/privacy}",
          "received_events_url": "https://api.github.com/users/jstrachan/received_events",
          "type": "User",
          "site_admin": false
        },
        "content_type": "application/gzip",
        "state": "uploaded",
        "size": 9138493,
        "download_count": 0,
        "created_at": "2016-07-15T11:08:39Z",
        "updated_at": "2016-07-15T11:08:42Z",
        "browser_download_url": "https://github.com/fabric8io/gofabric8/releases/download/v0.4.32/gofabric8-0.4.32-darwin-amd64.tar.gz"
      },
      {
        "url": "https://api.github.com/repos/fabric8io/gofabric8/releases/assets/1995381",
        "id": 1995381,
        "name": "gofabric8-0.4.32-linux-amd64.tar.gz",
        "label": "",
        "uploader": {
          "login": "jstrachan",
          "id": 30140,
          "avatar_url": "https://avatars.githubusercontent.com/u/30140?v=3",
          "gravatar_id": "",
          "url": "https://api.github.com/users/jstrachan",
          "html_url": "https://github.com/jstrachan",
          "followers_url": "https://api.github.com/users/jstrachan/followers",
          "following_url": "https://api.github.com/users/jstrachan/following{/other_user}",
          "gists_url": "https://api.github.com/users/jstrachan/gists{/gist_id}",
          "starred_url": "https://api.github.com/users/jstrachan/starred{/owner}{/repo}",
          "subscriptions_url": "https://api.github.com/users/jstrachan/subscriptions",
          "organizations_url": "https://api.github.com/users/jstrachan/orgs",
          "repos_url": "https://api.github.com/users/jstrachan/repos",
          "events_url": "https://api.github.com/users/jstrachan/events{/privacy}",
          "received_events_url": "https://api.github.com/users/jstrachan/received_events",
          "type": "User",
          "site_admin": false
        },
        "content_type": "application/gzip",
        "state": "uploaded",
        "size": 9270899,
        "download_count": 2,
        "created_at": "2016-07-15T11:08:43Z",
        "updated_at": "2016-07-15T11:08:44Z",
        "browser_download_url": "https://github.com/fabric8io/gofabric8/releases/download/v0.4.32/gofabric8-0.4.32-linux-amd64.tar.gz"
      },
      {
        "url": "https://api.github.com/repos/fabric8io/gofabric8/releases/assets/1995382",
        "id": 1995382,
        "name": "gofabric8-0.4.32-linux-arm.tar.gz",
        "label": "",
        "uploader": {
          "login": "jstrachan",
          "id": 30140,
          "avatar_url": "https://avatars.githubusercontent.com/u/30140?v=3",
          "gravatar_id": "",
          "url": "https://api.github.com/users/jstrachan",
          "html_url": "https://github.com/jstrachan",
          "followers_url": "https://api.github.com/users/jstrachan/followers",
          "following_url": "https://api.github.com/users/jstrachan/following{/other_user}",
          "gists_url": "https://api.github.com/users/jstrachan/gists{/gist_id}",
          "starred_url": "https://api.github.com/users/jstrachan/starred{/owner}{/repo}",
          "subscriptions_url": "https://api.github.com/users/jstrachan/subscriptions",
          "organizations_url": "https://api.github.com/users/jstrachan/orgs",
          "repos_url": "https://api.github.com/users/jstrachan/repos",
          "events_url": "https://api.github.com/users/jstrachan/events{/privacy}",
          "received_events_url": "https://api.github.com/users/jstrachan/received_events",
          "type": "User",
          "site_admin": false
        },
        "content_type": "application/gzip",
        "state": "uploaded",
        "size": 8325318,
        "download_count": 0,
        "created_at": "2016-07-15T11:08:45Z",
        "updated_at": "2016-07-15T11:08:46Z",
        "browser_download_url": "https://github.com/fabric8io/gofabric8/releases/download/v0.4.32/gofabric8-0.4.32-linux-arm.tar.gz"
      },
      {
        "url": "https://api.github.com/repos/fabric8io/gofabric8/releases/assets/1995383",
        "id": 1995383,
        "name": "gofabric8-0.4.32-windows-amd64.zip",
        "label": "",
        "uploader": {
          "login": "jstrachan",
          "id": 30140,
          "avatar_url": "https://avatars.githubusercontent.com/u/30140?v=3",
          "gravatar_id": "",
          "url": "https://api.github.com/users/jstrachan",
          "html_url": "https://github.com/jstrachan",
          "followers_url": "https://api.github.com/users/jstrachan/followers",
          "following_url": "https://api.github.com/users/jstrachan/following{/other_user}",
          "gists_url": "https://api.github.com/users/jstrachan/gists{/gist_id}",
          "starred_url": "https://api.github.com/users/jstrachan/starred{/owner}{/repo}",
          "subscriptions_url": "https://api.github.com/users/jstrachan/subscriptions",
          "organizations_url": "https://api.github.com/users/jstrachan/orgs",
          "repos_url": "https://api.github.com/users/jstrachan/repos",
          "events_url": "https://api.github.com/users/jstrachan/events{/privacy}",
          "received_events_url": "https://api.github.com/users/jstrachan/received_events",
          "type": "User",
          "site_admin": false
        },
        "content_type": "application/zip",
        "state": "uploaded",
        "size": 9191444,
        "download_count": 0,
        "created_at": "2016-07-15T11:08:46Z",
        "updated_at": "2016-07-15T11:08:47Z",
        "browser_download_url": "https://github.com/fabric8io/gofabric8/releases/download/v0.4.32/gofabric8-0.4.32-windows-amd64.zip"
      }
    ],
    "tarball_url": "https://api.github.com/repos/fabric8io/gofabric8/tarball/v0.4.32",
    "zipball_url": "https://api.github.com/repos/fabric8io/gofabric8/zipball/v0.4.32",
    "body": null
  },
  {
    "url": "https://api.github.com/repos/fabric8io/gofabric8/releases/3580281",
    "assets_url": "https://api.github.com/repos/fabric8io/gofabric8/releases/3580281/assets",
    "upload_url": "https://uploads.github.com/repos/fabric8io/gofabric8/releases/3580281/assets{?name,label}",
    "html_url": "https://github.com/fabric8io/gofabric8/releases/tag/v0.4.31",
    "id": 3580281,
    "tag_name": "v0.4.31",
    "target_commitish": "master",
    "name": "0.4.31",
    "draft": false,
    "author": {
      "login": "jstrachan",
      "id": 30140,
      "avatar_url": "https://avatars.githubusercontent.com/u/30140?v=3",
      "gravatar_id": "",
      "url": "https://api.github.com/users/jstrachan",
      "html_url": "https://github.com/jstrachan",
      "followers_url": "https://api.github.com/users/jstrachan/followers",
      "following_url": "https://api.github.com/users/jstrachan/following{/other_user}",
      "gists_url": "https://api.github.com/users/jstrachan/gists{/gist_id}",
      "starred_url": "https://api.github.com/users/jstrachan/starred{/owner}{/repo}",
      "subscriptions_url": "https://api.github.com/users/jstrachan/subscriptions",
      "organizations_url": "https://api.github.com/users/jstrachan/orgs",
      "repos_url": "https://api.github.com/users/jstrachan/repos",
      "events_url": "https://api.github.com/users/jstrachan/events{/privacy}",
      "received_events_url": "https://api.github.com/users/jstrachan/received_events",
      "type": "User",
      "site_admin": false
    },
    "prerelease": false,
    "created_at": "2016-07-04T08:57:38Z",
    "published_at": "2016-07-04T09:05:18Z",
    "assets": [
      {
        "url": "https://api.github.com/repos/fabric8io/gofabric8/releases/assets/1938929",
        "id": 1938929,
        "name": "gofabric8-0.4.31-darwin-amd64.tar.gz",
        "label": "",
        "uploader": {
          "login": "jstrachan",
          "id": 30140,
          "avatar_url": "https://avatars.githubusercontent.com/u/30140?v=3",
          "gravatar_id": "",
          "url": "https://api.github.com/users/jstrachan",
          "html_url": "https://github.com/jstrachan",
          "followers_url": "https://api.github.com/users/jstrachan/followers",
          "following_url": "https://api.github.com/users/jstrachan/following{/other_user}",
          "gists_url": "https://api.github.com/users/jstrachan/gists{/gist_id}",
          "starred_url": "https://api.github.com/users/jstrachan/starred{/owner}{/repo}",
          "subscriptions_url": "https://api.github.com/users/jstrachan/subscriptions",
          "organizations_url": "https://api.github.com/users/jstrachan/orgs",
          "repos_url": "https://api.github.com/users/jstrachan/repos",
          "events_url": "https://api.github.com/users/jstrachan/events{/privacy}",
          "received_events_url": "https://api.github.com/users/jstrachan/received_events",
          "type": "User",
          "site_admin": false
        },
        "content_type": "application/gzip",
        "state": "uploaded",
        "size": 9101478,
        "download_count": 37,
        "created_at": "2016-07-04T09:05:19Z",
        "updated_at": "2016-07-04T09:05:20Z",
        "browser_download_url": "https://github.com/fabric8io/gofabric8/releases/download/v0.4.31/gofabric8-0.4.31-darwin-amd64.tar.gz"
      },
      {
        "url": "https://api.github.com/repos/fabric8io/gofabric8/releases/assets/1938930",
        "id": 1938930,
        "name": "gofabric8-0.4.31-linux-amd64.tar.gz",
        "label": "",
        "uploader": {
          "login": "jstrachan",
          "id": 30140,
          "avatar_url": "https://avatars.githubusercontent.com/u/30140?v=3",
          "gravatar_id": "",
          "url": "https://api.github.com/users/jstrachan",
          "html_url": "https://github.com/jstrachan",
          "followers_url": "https://api.github.com/users/jstrachan/followers",
          "following_url": "https://api.github.com/users/jstrachan/following{/other_user}",
          "gists_url": "https://api.github.com/users/jstrachan/gists{/gist_id}",
          "starred_url": "https://api.github.com/users/jstrachan/starred{/owner}{/repo}",
          "subscriptions_url": "https://api.github.com/users/jstrachan/subscriptions",
          "organizations_url": "https://api.github.com/users/jstrachan/orgs",
          "repos_url": "https://api.github.com/users/jstrachan/repos",
          "events_url": "https://api.github.com/users/jstrachan/events{/privacy}",
          "received_events_url": "https://api.github.com/users/jstrachan/received_events",
          "type": "User",
          "site_admin": false
        },
        "content_type": "application/gzip",
        "state": "uploaded",
        "size": 9232058,
        "download_count": 474,
        "created_at": "2016-07-04T09:05:20Z",
        "updated_at": "2016-07-04T09:05:23Z",
        "browser_download_url": "https://github.com/fabric8io/gofabric8/releases/download/v0.4.31/gofabric8-0.4.31-linux-amd64.tar.gz"
      },
      {
        "url": "https://api.github.com/repos/fabric8io/gofabric8/releases/assets/1938931",
        "id": 1938931,
        "name": "gofabric8-0.4.31-linux-arm.tar.gz",
        "label": "",
        "uploader": {
          "login": "jstrachan",
          "id": 30140,
          "avatar_url": "https://avatars.githubusercontent.com/u/30140?v=3",
          "gravatar_id": "",
          "url": "https://api.github.com/users/jstrachan",
          "html_url": "https://github.com/jstrachan",
          "followers_url": "https://api.github.com/users/jstrachan/followers",
          "following_url": "https://api.github.com/users/jstrachan/following{/other_user}",
          "gists_url": "https://api.github.com/users/jstrachan/gists{/gist_id}",
          "starred_url": "https://api.github.com/users/jstrachan/starred{/owner}{/repo}",
          "subscriptions_url": "https://api.github.com/users/jstrachan/subscriptions",
          "organizations_url": "https://api.github.com/users/jstrachan/orgs",
          "repos_url": "https://api.github.com/users/jstrachan/repos",
          "events_url": "https://api.github.com/users/jstrachan/events{/privacy}",
          "received_events_url": "https://api.github.com/users/jstrachan/received_events",
          "type": "User",
          "site_admin": false
        },
        "content_type": "application/gzip",
        "state": "uploaded",
        "size": 8293224,
        "download_count": 6,
        "created_at": "2016-07-04T09:05:24Z",
        "updated_at": "2016-07-04T09:05:25Z",
        "browser_download_url": "https://github.com/fabric8io/gofabric8/releases/download/v0.4.31/gofabric8-0.4.31-linux-arm.tar.gz"
      },
      {
        "url": "https://api.github.com/repos/fabric8io/gofabric8/releases/assets/1938932",
        "id": 1938932,
        "name": "gofabric8-0.4.31-windows-amd64.zip",
        "label": "",
        "uploader": {
          "login": "jstrachan",
          "id": 30140,
          "avatar_url": "https://avatars.githubusercontent.com/u/30140?v=3",
          "gravatar_id": "",
          "url": "https://api.github.com/users/jstrachan",
          "html_url": "https://github.com/jstrachan",
          "followers_url": "https://api.github.com/users/jstrachan/followers",
          "following_url": "https://api.github.com/users/jstrachan/following{/other_user}",
          "gists_url": "https://api.github.com/users/jstrachan/gists{/gist_id}",
          "starred_url": "https://api.github.com/users/jstrachan/starred{/owner}{/repo}",
          "subscriptions_url": "https://api.github.com/users/jstrachan/subscriptions",
          "organizations_url": "https://api.github.com/users/jstrachan/orgs",
          "repos_url": "https://api.github.com/users/jstrachan/repos",
          "events_url": "https://api.github.com/users/jstrachan/events{/privacy}",
          "received_events_url": "https://api.github.com/users/jstrachan/received_events",
          "type": "User",
          "site_admin": false
        },
        "content_type": "application/zip",
        "state": "uploaded",
        "size": 9149577,
        "download_count": 7,
        "created_at": "2016-07-04T09:05:25Z",
        "updated_at": "2016-07-04T09:05:27Z",
        "browser_download_url": "https://github.com/fabric8io/gofabric8/releases/download/v0.4.31/gofabric8-0.4.31-windows-amd64.zip"
      }
    ],
    "tarball_url": "https://api.github.com/repos/fabric8io/gofabric8/tarball/v0.4.31",
    "zipball_url": "https://api.github.com/repos/fabric8io/gofabric8/zipball/v0.4.31",
    "body": null
  },
  {
    "url": "https://api.github.com/repos/fabric8io/gofabric8/releases/3447534",
    "assets_url": "https://api.github.com/repos/fabric8io/gofabric8/releases/3447534/assets",
    "upload_url": "https://uploads.github.com/repos/fabric8io/gofabric8/releases/3447534/assets{?name,label}",
    "html_url": "https://github.com/fabric8io/gofabric8/releases/tag/v0.4.30",
    "id": 3447534,
    "tag_name": "v0.4.30",
    "target_commitish": "master",
    "name": "0.4.30",
    "draft": false,
    "author": {
      "login": "jstrachan",
      "id": 30140,
      "avatar_url": "https://avatars.githubusercontent.com/u/30140?v=3",
      "gravatar_id": "",
      "url": "https://api.github.com/users/jstrachan",
      "html_url": "https://github.com/jstrachan",
      "followers_url": "https://api.github.com/users/jstrachan/followers",
      "following_url": "https://api.github.com/users/jstrachan/following{/other_user}",
      "gists_url": "https://api.github.com/users/jstrachan/gists{/gist_id}",
      "starred_url": "https://api.github.com/users/jstrachan/starred{/owner}{/repo}",
      "subscriptions_url": "https://api.github.com/users/jstrachan/subscriptions",
      "organizations_url": "https://api.github.com/users/jstrachan/orgs",
      "repos_url": "https://api.github.com/users/jstrachan/repos",
      "events_url": "https://api.github.com/users/jstrachan/events{/privacy}",
      "received_events_url": "https://api.github.com/users/jstrachan/received_events",
      "type": "User",
      "site_admin": false
    },
    "prerelease": false,
    "created_at": "2016-06-15T08:25:00Z",
    "published_at": "2016-06-15T08:32:29Z",
    "assets": [
      {
        "url": "https://api.github.com/repos/fabric8io/gofabric8/releases/assets/1851149",
        "id": 1851149,
        "name": "gofabric8-0.4.30-darwin-amd64.tar.gz",
        "label": "",
        "uploader": {
          "login": "jstrachan",
          "id": 30140,
          "avatar_url": "https://avatars.githubusercontent.com/u/30140?v=3",
          "gravatar_id": "",
          "url": "https://api.github.com/users/jstrachan",
          "html_url": "https://github.com/jstrachan",
          "followers_url": "https://api.github.com/users/jstrachan/followers",
          "following_url": "https://api.github.com/users/jstrachan/following{/other_user}",
          "gists_url": "https://api.github.com/users/jstrachan/gists{/gist_id}",
          "starred_url": "https://api.github.com/users/jstrachan/starred{/owner}{/repo}",
          "subscriptions_url": "https://api.github.com/users/jstrachan/subscriptions",
          "organizations_url": "https://api.github.com/users/jstrachan/orgs",
          "repos_url": "https://api.github.com/users/jstrachan/repos",
          "events_url": "https://api.github.com/users/jstrachan/events{/privacy}",
          "received_events_url": "https://api.github.com/users/jstrachan/received_events",
          "type": "User",
          "site_admin": false
        },
        "content_type": "application/gzip",
        "state": "uploaded",
        "size": 9098908,
        "download_count": 53,
        "created_at": "2016-06-15T08:32:30Z",
        "updated_at": "2016-06-15T08:32:31Z",
        "browser_download_url": "https://github.com/fabric8io/gofabric8/releases/download/v0.4.30/gofabric8-0.4.30-darwin-amd64.tar.gz"
      },
      {
        "url": "https://api.github.com/repos/fabric8io/gofabric8/releases/assets/1851151",
        "id": 1851151,
        "name": "gofabric8-0.4.30-linux-amd64.tar.gz",
        "label": "",
        "uploader": {
          "login": "jstrachan",
          "id": 30140,
          "avatar_url": "https://avatars.githubusercontent.com/u/30140?v=3",
          "gravatar_id": "",
          "url": "https://api.github.com/users/jstrachan",
          "html_url": "https://github.com/jstrachan",
          "followers_url": "https://api.github.com/users/jstrachan/followers",
          "following_url": "https://api.github.com/users/jstrachan/following{/other_user}",
          "gists_url": "https://api.github.com/users/jstrachan/gists{/gist_id}",
          "starred_url": "https://api.github.com/users/jstrachan/starred{/owner}{/repo}",
          "subscriptions_url": "https://api.github.com/users/jstrachan/subscriptions",
          "organizations_url": "https://api.github.com/users/jstrachan/orgs",
          "repos_url": "https://api.github.com/users/jstrachan/repos",
          "events_url": "https://api.github.com/users/jstrachan/events{/privacy}",
          "received_events_url": "https://api.github.com/users/jstrachan/received_events",
          "type": "User",
          "site_admin": false
        },
        "content_type": "application/gzip",
        "state": "uploaded",
        "size": 9228783,
        "download_count": 694,
        "created_at": "2016-06-15T08:32:31Z",
        "updated_at": "2016-06-15T08:32:33Z",
        "browser_download_url": "https://github.com/fabric8io/gofabric8/releases/download/v0.4.30/gofabric8-0.4.30-linux-amd64.tar.gz"
      },
      {
        "url": "https://api.github.com/repos/fabric8io/gofabric8/releases/assets/1851153",
        "id": 1851153,
        "name": "gofabric8-0.4.30-linux-arm.tar.gz",
        "label": "",
        "uploader": {
          "login": "jstrachan",
          "id": 30140,
          "avatar_url": "https://avatars.githubusercontent.com/u/30140?v=3",
          "gravatar_id": "",
          "url": "https://api.github.com/users/jstrachan",
          "html_url": "https://github.com/jstrachan",
          "followers_url": "https://api.github.com/users/jstrachan/followers",
          "following_url": "https://api.github.com/users/jstrachan/following{/other_user}",
          "gists_url": "https://api.github.com/users/jstrachan/gists{/gist_id}",
          "starred_url": "https://api.github.com/users/jstrachan/starred{/owner}{/repo}",
          "subscriptions_url": "https://api.github.com/users/jstrachan/subscriptions",
          "organizations_url": "https://api.github.com/users/jstrachan/orgs",
          "repos_url": "https://api.github.com/users/jstrachan/repos",
          "events_url": "https://api.github.com/users/jstrachan/events{/privacy}",
          "received_events_url": "https://api.github.com/users/jstrachan/received_events",
          "type": "User",
          "site_admin": false
        },
        "content_type": "application/gzip",
        "state": "uploaded",
        "size": 8292857,
        "download_count": 3,
        "created_at": "2016-06-15T08:32:33Z",
        "updated_at": "2016-06-15T08:32:34Z",
        "browser_download_url": "https://github.com/fabric8io/gofabric8/releases/download/v0.4.30/gofabric8-0.4.30-linux-arm.tar.gz"
      },
      {
        "url": "https://api.github.com/repos/fabric8io/gofabric8/releases/assets/1851154",
        "id": 1851154,
        "name": "gofabric8-0.4.30-windows-amd64.zip",
        "label": "",
        "uploader": {
          "login": "jstrachan",
          "id": 30140,
          "avatar_url": "https://avatars.githubusercontent.com/u/30140?v=3",
          "gravatar_id": "",
          "url": "https://api.github.com/users/jstrachan",
          "html_url": "https://github.com/jstrachan",
          "followers_url": "https://api.github.com/users/jstrachan/followers",
          "following_url": "https://api.github.com/users/jstrachan/following{/other_user}",
          "gists_url": "https://api.github.com/users/jstrachan/gists{/gist_id}",
          "starred_url": "https://api.github.com/users/jstrachan/starred{/owner}{/repo}",
          "subscriptions_url": "https://api.github.com/users/jstrachan/subscriptions",
          "organizations_url": "https://api.github.com/users/jstrachan/orgs",
          "repos_url": "https://api.github.com/users/jstrachan/repos",
          "events_url": "https://api.github.com/users/jstrachan/events{/privacy}",
          "received_events_url": "https://api.github.com/users/jstrachan/received_events",
          "type": "User",
          "site_admin": false
        },
        "content_type": "application/zip",
        "state": "uploaded",
        "size": 9152774,
        "download_count": 12,
        "created_at": "2016-06-15T08:32:35Z",
        "updated_at": "2016-06-15T08:32:37Z",
        "browser_download_url": "https://github.com/fabric8io/gofabric8/releases/download/v0.4.30/gofabric8-0.4.30-windows-amd64.zip"
      }
    ],
    "tarball_url": "https://api.github.com/repos/fabric8io/gofabric8/tarball/v0.4.30",
    "zipball_url": "https://api.github.com/repos/fabric8io/gofabric8/zipball/v0.4.30",
    "body": null
  },
  {
    "url": "https://api.github.com/repos/fabric8io/gofabric8/releases/3443511",
    "assets_url": "https://api.github.com/repos/fabric8io/gofabric8/releases/3443511/assets",
    "upload_url": "https://uploads.github.com/repos/fabric8io/gofabric8/releases/3443511/assets{?name,label}",
    "html_url": "https://github.com/fabric8io/gofabric8/releases/tag/v0.4.29",
    "id": 3443511,
    "tag_name": "v0.4.29",
    "target_commitish": "master",
    "name": "0.4.29",
    "draft": false,
    "author": {
      "login": "jstrachan",
      "id": 30140,
      "avatar_url": "https://avatars.githubusercontent.com/u/30140?v=3",
      "gravatar_id": "",
      "url": "https://api.github.com/users/jstrachan",
      "html_url": "https://github.com/jstrachan",
      "followers_url": "https://api.github.com/users/jstrachan/followers",
      "following_url": "https://api.github.com/users/jstrachan/following{/other_user}",
      "gists_url": "https://api.github.com/users/jstrachan/gists{/gist_id}",
      "starred_url": "https://api.github.com/users/jstrachan/starred{/owner}{/repo}",
      "subscriptions_url": "https://api.github.com/users/jstrachan/subscriptions",
      "organizations_url": "https://api.github.com/users/jstrachan/orgs",
      "repos_url": "https://api.github.com/users/jstrachan/repos",
      "events_url": "https://api.github.com/users/jstrachan/events{/privacy}",
      "received_events_url": "https://api.github.com/users/jstrachan/received_events",
      "type": "User",
      "site_admin": false
    },
    "prerelease": false,
    "created_at": "2016-06-14T19:27:58Z",
    "published_at": "2016-06-14T19:35:13Z",
    "assets": [
      {
        "url": "https://api.github.com/repos/fabric8io/gofabric8/releases/assets/1848278",
        "id": 1848278,
        "name": "gofabric8-0.4.29-darwin-amd64.tar.gz",
        "label": "",
        "uploader": {
          "login": "jstrachan",
          "id": 30140,
          "avatar_url": "https://avatars.githubusercontent.com/u/30140?v=3",
          "gravatar_id": "",
          "url": "https://api.github.com/users/jstrachan",
          "html_url": "https://github.com/jstrachan",
          "followers_url": "https://api.github.com/users/jstrachan/followers",
          "following_url": "https://api.github.com/users/jstrachan/following{/other_user}",
          "gists_url": "https://api.github.com/users/jstrachan/gists{/gist_id}",
          "starred_url": "https://api.github.com/users/jstrachan/starred{/owner}{/repo}",
          "subscriptions_url": "https://api.github.com/users/jstrachan/subscriptions",
          "organizations_url": "https://api.github.com/users/jstrachan/orgs",
          "repos_url": "https://api.github.com/users/jstrachan/repos",
          "events_url": "https://api.github.com/users/jstrachan/events{/privacy}",
          "received_events_url": "https://api.github.com/users/jstrachan/received_events",
          "type": "User",
          "site_admin": false
        },
        "content_type": "application/gzip",
        "state": "uploaded",
        "size": 9101764,
        "download_count": 3,
        "created_at": "2016-06-14T19:35:13Z",
        "updated_at": "2016-06-14T19:35:14Z",
        "browser_download_url": "https://github.com/fabric8io/gofabric8/releases/download/v0.4.29/gofabric8-0.4.29-darwin-amd64.tar.gz"
      },
      {
        "url": "https://api.github.com/repos/fabric8io/gofabric8/releases/assets/1848279",
        "id": 1848279,
        "name": "gofabric8-0.4.29-linux-amd64.tar.gz",
        "label": "",
        "uploader": {
          "login": "jstrachan",
          "id": 30140,
          "avatar_url": "https://avatars.githubusercontent.com/u/30140?v=3",
          "gravatar_id": "",
          "url": "https://api.github.com/users/jstrachan",
          "html_url": "https://github.com/jstrachan",
          "followers_url": "https://api.github.com/users/jstrachan/followers",
          "following_url": "https://api.github.com/users/jstrachan/following{/other_user}",
          "gists_url": "https://api.github.com/users/jstrachan/gists{/gist_id}",
          "starred_url": "https://api.github.com/users/jstrachan/starred{/owner}{/repo}",
          "subscriptions_url": "https://api.github.com/users/jstrachan/subscriptions",
          "organizations_url": "https://api.github.com/users/jstrachan/orgs",
          "repos_url": "https://api.github.com/users/jstrachan/repos",
          "events_url": "https://api.github.com/users/jstrachan/events{/privacy}",
          "received_events_url": "https://api.github.com/users/jstrachan/received_events",
          "type": "User",
          "site_admin": false
        },
        "content_type": "application/gzip",
        "state": "uploaded",
        "size": 9230972,
        "download_count": 19,
        "created_at": "2016-06-14T19:35:15Z",
        "updated_at": "2016-06-14T19:35:16Z",
        "browser_download_url": "https://github.com/fabric8io/gofabric8/releases/download/v0.4.29/gofabric8-0.4.29-linux-amd64.tar.gz"
      },
      {
        "url": "https://api.github.com/repos/fabric8io/gofabric8/releases/assets/1848280",
        "id": 1848280,
        "name": "gofabric8-0.4.29-linux-arm.tar.gz",
        "label": "",
        "uploader": {
          "login": "jstrachan",
          "id": 30140,
          "avatar_url": "https://avatars.githubusercontent.com/u/30140?v=3",
          "gravatar_id": "",
          "url": "https://api.github.com/users/jstrachan",
          "html_url": "https://github.com/jstrachan",
          "followers_url": "https://api.github.com/users/jstrachan/followers",
          "following_url": "https://api.github.com/users/jstrachan/following{/other_user}",
          "gists_url": "https://api.github.com/users/jstrachan/gists{/gist_id}",
          "starred_url": "https://api.github.com/users/jstrachan/starred{/owner}{/repo}",
          "subscriptions_url": "https://api.github.com/users/jstrachan/subscriptions",
          "organizations_url": "https://api.github.com/users/jstrachan/orgs",
          "repos_url": "https://api.github.com/users/jstrachan/repos",
          "events_url": "https://api.github.com/users/jstrachan/events{/privacy}",
          "received_events_url": "https://api.github.com/users/jstrachan/received_events",
          "type": "User",
          "site_admin": false
        },
        "content_type": "application/gzip",
        "state": "uploaded",
        "size": 8290727,
        "download_count": 0,
        "created_at": "2016-06-14T19:35:16Z",
        "updated_at": "2016-06-14T19:35:17Z",
        "browser_download_url": "https://github.com/fabric8io/gofabric8/releases/download/v0.4.29/gofabric8-0.4.29-linux-arm.tar.gz"
      },
      {
        "url": "https://api.github.com/repos/fabric8io/gofabric8/releases/assets/1848281",
        "id": 1848281,
        "name": "gofabric8-0.4.29-windows-amd64.zip",
        "label": "",
        "uploader": {
          "login": "jstrachan",
          "id": 30140,
          "avatar_url": "https://avatars.githubusercontent.com/u/30140?v=3",
          "gravatar_id": "",
          "url": "https://api.github.com/users/jstrachan",
          "html_url": "https://github.com/jstrachan",
          "followers_url": "https://api.github.com/users/jstrachan/followers",
          "following_url": "https://api.github.com/users/jstrachan/following{/other_user}",
          "gists_url": "https://api.github.com/users/jstrachan/gists{/gist_id}",
          "starred_url": "https://api.github.com/users/jstrachan/starred{/owner}{/repo}",
          "subscriptions_url": "https://api.github.com/users/jstrachan/subscriptions",
          "organizations_url": "https://api.github.com/users/jstrachan/orgs",
          "repos_url": "https://api.github.com/users/jstrachan/repos",
          "events_url": "https://api.github.com/users/jstrachan/events{/privacy}",
          "received_events_url": "https://api.github.com/users/jstrachan/received_events",
          "type": "User",
          "site_admin": false
        },
        "content_type": "application/zip",
        "state": "uploaded",
        "size": 9151870,
        "download_count": 0,
        "created_at": "2016-06-14T19:35:17Z",
        "updated_at": "2016-06-14T19:35:18Z",
        "browser_download_url": "https://github.com/fabric8io/gofabric8/releases/download/v0.4.29/gofabric8-0.4.29-windows-amd64.zip"
      }
    ],
    "tarball_url": "https://api.github.com/repos/fabric8io/gofabric8/tarball/v0.4.29",
    "zipball_url": "https://api.github.com/repos/fabric8io/gofabric8/zipball/v0.4.29",
    "body": null
  },
  {
    "url": "https://api.github.com/repos/fabric8io/gofabric8/releases/3419486",
    "assets_url": "https://api.github.com/repos/fabric8io/gofabric8/releases/3419486/assets",
    "upload_url": "https://uploads.github.com/repos/fabric8io/gofabric8/releases/3419486/assets{?name,label}",
    "html_url": "https://github.com/fabric8io/gofabric8/releases/tag/v0.4.28",
    "id": 3419486,
    "tag_name": "v0.4.28",
    "target_commitish": "master",
    "name": "0.4.28",
    "draft": false,
    "author": {
      "login": "jstrachan",
      "id": 30140,
      "avatar_url": "https://avatars.githubusercontent.com/u/30140?v=3",
      "gravatar_id": "",
      "url": "https://api.github.com/users/jstrachan",
      "html_url": "https://github.com/jstrachan",
      "followers_url": "https://api.github.com/users/jstrachan/followers",
      "following_url": "https://api.github.com/users/jstrachan/following{/other_user}",
      "gists_url": "https://api.github.com/users/jstrachan/gists{/gist_id}",
      "starred_url": "https://api.github.com/users/jstrachan/starred{/owner}{/repo}",
      "subscriptions_url": "https://api.github.com/users/jstrachan/subscriptions",
      "organizations_url": "https://api.github.com/users/jstrachan/orgs",
      "repos_url": "https://api.github.com/users/jstrachan/repos",
      "events_url": "https://api.github.com/users/jstrachan/events{/privacy}",
      "received_events_url": "https://api.github.com/users/jstrachan/received_events",
      "type": "User",
      "site_admin": false
    },
    "prerelease": false,
    "created_at": "2016-06-10T16:28:24Z",
    "published_at": "2016-06-10T16:35:23Z",
    "assets": [
      {
        "url": "https://api.github.com/repos/fabric8io/gofabric8/releases/assets/1828567",
        "id": 1828567,
        "name": "gofabric8-0.4.28-darwin-amd64.tar.gz",
        "label": "",
        "uploader": {
          "login": "jstrachan",
          "id": 30140,
          "avatar_url": "https://avatars.githubusercontent.com/u/30140?v=3",
          "gravatar_id": "",
          "url": "https://api.github.com/users/jstrachan",
          "html_url": "https://github.com/jstrachan",
          "followers_url": "https://api.github.com/users/jstrachan/followers",
          "following_url": "https://api.github.com/users/jstrachan/following{/other_user}",
          "gists_url": "https://api.github.com/users/jstrachan/gists{/gist_id}",
          "starred_url": "https://api.github.com/users/jstrachan/starred{/owner}{/repo}",
          "subscriptions_url": "https://api.github.com/users/jstrachan/subscriptions",
          "organizations_url": "https://api.github.com/users/jstrachan/orgs",
          "repos_url": "https://api.github.com/users/jstrachan/repos",
          "events_url": "https://api.github.com/users/jstrachan/events{/privacy}",
          "received_events_url": "https://api.github.com/users/jstrachan/received_events",
          "type": "User",
          "site_admin": false
        },
        "content_type": "application/gzip",
        "state": "uploaded",
        "size": 9056716,
        "download_count": 6,
        "created_at": "2016-06-10T16:35:23Z",
        "updated_at": "2016-06-10T16:35:30Z",
        "browser_download_url": "https://github.com/fabric8io/gofabric8/releases/download/v0.4.28/gofabric8-0.4.28-darwin-amd64.tar.gz"
      },
      {
        "url": "https://api.github.com/repos/fabric8io/gofabric8/releases/assets/1828568",
        "id": 1828568,
        "name": "gofabric8-0.4.28-linux-amd64.tar.gz",
        "label": "",
        "uploader": {
          "login": "jstrachan",
          "id": 30140,
          "avatar_url": "https://avatars.githubusercontent.com/u/30140?v=3",
          "gravatar_id": "",
          "url": "https://api.github.com/users/jstrachan",
          "html_url": "https://github.com/jstrachan",
          "followers_url": "https://api.github.com/users/jstrachan/followers",
          "following_url": "https://api.github.com/users/jstrachan/following{/other_user}",
          "gists_url": "https://api.github.com/users/jstrachan/gists{/gist_id}",
          "starred_url": "https://api.github.com/users/jstrachan/starred{/owner}{/repo}",
          "subscriptions_url": "https://api.github.com/users/jstrachan/subscriptions",
          "organizations_url": "https://api.github.com/users/jstrachan/orgs",
          "repos_url": "https://api.github.com/users/jstrachan/repos",
          "events_url": "https://api.github.com/users/jstrachan/events{/privacy}",
          "received_events_url": "https://api.github.com/users/jstrachan/received_events",
          "type": "User",
          "site_admin": false
        },
        "content_type": "application/gzip",
        "state": "uploaded",
        "size": 9187584,
        "download_count": 212,
        "created_at": "2016-06-10T16:35:31Z",
        "updated_at": "2016-06-10T16:35:32Z",
        "browser_download_url": "https://github.com/fabric8io/gofabric8/releases/download/v0.4.28/gofabric8-0.4.28-linux-amd64.tar.gz"
      },
      {
        "url": "https://api.github.com/repos/fabric8io/gofabric8/releases/assets/1828569",
        "id": 1828569,
        "name": "gofabric8-0.4.28-linux-arm.tar.gz",
        "label": "",
        "uploader": {
          "login": "jstrachan",
          "id": 30140,
          "avatar_url": "https://avatars.githubusercontent.com/u/30140?v=3",
          "gravatar_id": "",
          "url": "https://api.github.com/users/jstrachan",
          "html_url": "https://github.com/jstrachan",
          "followers_url": "https://api.github.com/users/jstrachan/followers",
          "following_url": "https://api.github.com/users/jstrachan/following{/other_user}",
          "gists_url": "https://api.github.com/users/jstrachan/gists{/gist_id}",
          "starred_url": "https://api.github.com/users/jstrachan/starred{/owner}{/repo}",
          "subscriptions_url": "https://api.github.com/users/jstrachan/subscriptions",
          "organizations_url": "https://api.github.com/users/jstrachan/orgs",
          "repos_url": "https://api.github.com/users/jstrachan/repos",
          "events_url": "https://api.github.com/users/jstrachan/events{/privacy}",
          "received_events_url": "https://api.github.com/users/jstrachan/received_events",
          "type": "User",
          "site_admin": false
        },
        "content_type": "application/gzip",
        "state": "uploaded",
        "size": 8250796,
        "download_count": 0,
        "created_at": "2016-06-10T16:35:32Z",
        "updated_at": "2016-06-10T16:35:33Z",
        "browser_download_url": "https://github.com/fabric8io/gofabric8/releases/download/v0.4.28/gofabric8-0.4.28-linux-arm.tar.gz"
      },
      {
        "url": "https://api.github.com/repos/fabric8io/gofabric8/releases/assets/1828570",
        "id": 1828570,
        "name": "gofabric8-0.4.28-windows-amd64.zip",
        "label": "",
        "uploader": {
          "login": "jstrachan",
          "id": 30140,
          "avatar_url": "https://avatars.githubusercontent.com/u/30140?v=3",
          "gravatar_id": "",
          "url": "https://api.github.com/users/jstrachan",
          "html_url": "https://github.com/jstrachan",
          "followers_url": "https://api.github.com/users/jstrachan/followers",
          "following_url": "https://api.github.com/users/jstrachan/following{/other_user}",
          "gists_url": "https://api.github.com/users/jstrachan/gists{/gist_id}",
          "starred_url": "https://api.github.com/users/jstrachan/starred{/owner}{/repo}",
          "subscriptions_url": "https://api.github.com/users/jstrachan/subscriptions",
          "organizations_url": "https://api.github.com/users/jstrachan/orgs",
          "repos_url": "https://api.github.com/users/jstrachan/repos",
          "events_url": "https://api.github.com/users/jstrachan/events{/privacy}",
          "received_events_url": "https://api.github.com/users/jstrachan/received_events",
          "type": "User",
          "site_admin": false
        },
        "content_type": "application/zip",
        "state": "uploaded",
        "size": 9107730,
        "download_count": 0,
        "created_at": "2016-06-10T16:35:34Z",
        "updated_at": "2016-06-10T16:35:35Z",
        "browser_download_url": "https://github.com/fabric8io/gofabric8/releases/download/v0.4.28/gofabric8-0.4.28-windows-amd64.zip"
      }
    ],
    "tarball_url": "https://api.github.com/repos/fabric8io/gofabric8/tarball/v0.4.28",
    "zipball_url": "https://api.github.com/repos/fabric8io/gofabric8/zipball/v0.4.28",
    "body": null
  },
  {
    "url": "https://api.github.com/repos/fabric8io/gofabric8/releases/3340551",
    "assets_url": "https://api.github.com/repos/fabric8io/gofabric8/releases/3340551/assets",
    "upload_url": "https://uploads.github.com/repos/fabric8io/gofabric8/releases/3340551/assets{?name,label}",
    "html_url": "https://github.com/fabric8io/gofabric8/releases/tag/v0.4.27",
    "id": 3340551,
    "tag_name": "v0.4.27",
    "target_commitish": "master",
    "name": "0.4.27",
    "draft": false,
    "author": {
      "login": "jstrachan",
      "id": 30140,
      "avatar_url": "https://avatars.githubusercontent.com/u/30140?v=3",
      "gravatar_id": "",
      "url": "https://api.github.com/users/jstrachan",
      "html_url": "https://github.com/jstrachan",
      "followers_url": "https://api.github.com/users/jstrachan/followers",
      "following_url": "https://api.github.com/users/jstrachan/following{/other_user}",
      "gists_url": "https://api.github.com/users/jstrachan/gists{/gist_id}",
      "starred_url": "https://api.github.com/users/jstrachan/starred{/owner}{/repo}",
      "subscriptions_url": "https://api.github.com/users/jstrachan/subscriptions",
      "organizations_url": "https://api.github.com/users/jstrachan/orgs",
      "repos_url": "https://api.github.com/users/jstrachan/repos",
      "events_url": "https://api.github.com/users/jstrachan/events{/privacy}",
      "received_events_url": "https://api.github.com/users/jstrachan/received_events",
      "type": "User",
      "site_admin": false
    },
    "prerelease": false,
    "created_at": "2016-05-31T13:57:30Z",
    "published_at": "2016-05-31T14:03:24Z",
    "assets": [
      {
        "url": "https://api.github.com/repos/fabric8io/gofabric8/releases/assets/1771436",
        "id": 1771436,
        "name": "gofabric8-0.4.27-darwin-amd64.tar.gz",
        "label": "",
        "uploader": {
          "login": "jstrachan",
          "id": 30140,
          "avatar_url": "https://avatars.githubusercontent.com/u/30140?v=3",
          "gravatar_id": "",
          "url": "https://api.github.com/users/jstrachan",
          "html_url": "https://github.com/jstrachan",
          "followers_url": "https://api.github.com/users/jstrachan/followers",
          "following_url": "https://api.github.com/users/jstrachan/following{/other_user}",
          "gists_url": "https://api.github.com/users/jstrachan/gists{/gist_id}",
          "starred_url": "https://api.github.com/users/jstrachan/starred{/owner}{/repo}",
          "subscriptions_url": "https://api.github.com/users/jstrachan/subscriptions",
          "organizations_url": "https://api.github.com/users/jstrachan/orgs",
          "repos_url": "https://api.github.com/users/jstrachan/repos",
          "events_url": "https://api.github.com/users/jstrachan/events{/privacy}",
          "received_events_url": "https://api.github.com/users/jstrachan/received_events",
          "type": "User",
          "site_admin": false
        },
        "content_type": "application/gzip",
        "state": "uploaded",
        "size": 9054981,
        "download_count": 35,
        "created_at": "2016-05-31T14:03:25Z",
        "updated_at": "2016-05-31T14:03:26Z",
        "browser_download_url": "https://github.com/fabric8io/gofabric8/releases/download/v0.4.27/gofabric8-0.4.27-darwin-amd64.tar.gz"
      },
      {
        "url": "https://api.github.com/repos/fabric8io/gofabric8/releases/assets/1771439",
        "id": 1771439,
        "name": "gofabric8-0.4.27-linux-amd64.tar.gz",
        "label": "",
        "uploader": {
          "login": "jstrachan",
          "id": 30140,
          "avatar_url": "https://avatars.githubusercontent.com/u/30140?v=3",
          "gravatar_id": "",
          "url": "https://api.github.com/users/jstrachan",
          "html_url": "https://github.com/jstrachan",
          "followers_url": "https://api.github.com/users/jstrachan/followers",
          "following_url": "https://api.github.com/users/jstrachan/following{/other_user}",
          "gists_url": "https://api.github.com/users/jstrachan/gists{/gist_id}",
          "starred_url": "https://api.github.com/users/jstrachan/starred{/owner}{/repo}",
          "subscriptions_url": "https://api.github.com/users/jstrachan/subscriptions",
          "organizations_url": "https://api.github.com/users/jstrachan/orgs",
          "repos_url": "https://api.github.com/users/jstrachan/repos",
          "events_url": "https://api.github.com/users/jstrachan/events{/privacy}",
          "received_events_url": "https://api.github.com/users/jstrachan/received_events",
          "type": "User",
          "site_admin": false
        },
        "content_type": "application/gzip",
        "state": "uploaded",
        "size": 9188586,
        "download_count": 326,
        "created_at": "2016-05-31T14:03:26Z",
        "updated_at": "2016-05-31T14:03:27Z",
        "browser_download_url": "https://github.com/fabric8io/gofabric8/releases/download/v0.4.27/gofabric8-0.4.27-linux-amd64.tar.gz"
      },
      {
        "url": "https://api.github.com/repos/fabric8io/gofabric8/releases/assets/1771441",
        "id": 1771441,
        "name": "gofabric8-0.4.27-linux-arm.tar.gz",
        "label": "",
        "uploader": {
          "login": "jstrachan",
          "id": 30140,
          "avatar_url": "https://avatars.githubusercontent.com/u/30140?v=3",
          "gravatar_id": "",
          "url": "https://api.github.com/users/jstrachan",
          "html_url": "https://github.com/jstrachan",
          "followers_url": "https://api.github.com/users/jstrachan/followers",
          "following_url": "https://api.github.com/users/jstrachan/following{/other_user}",
          "gists_url": "https://api.github.com/users/jstrachan/gists{/gist_id}",
          "starred_url": "https://api.github.com/users/jstrachan/starred{/owner}{/repo}",
          "subscriptions_url": "https://api.github.com/users/jstrachan/subscriptions",
          "organizations_url": "https://api.github.com/users/jstrachan/orgs",
          "repos_url": "https://api.github.com/users/jstrachan/repos",
          "events_url": "https://api.github.com/users/jstrachan/events{/privacy}",
          "received_events_url": "https://api.github.com/users/jstrachan/received_events",
          "type": "User",
          "site_admin": false
        },
        "content_type": "application/gzip",
        "state": "uploaded",
        "size": 8251236,
        "download_count": 5,
        "created_at": "2016-05-31T14:03:27Z",
        "updated_at": "2016-05-31T14:03:30Z",
        "browser_download_url": "https://github.com/fabric8io/gofabric8/releases/download/v0.4.27/gofabric8-0.4.27-linux-arm.tar.gz"
      },
      {
        "url": "https://api.github.com/repos/fabric8io/gofabric8/releases/assets/1771445",
        "id": 1771445,
        "name": "gofabric8-0.4.27-windows-amd64.zip",
        "label": "",
        "uploader": {
          "login": "jstrachan",
          "id": 30140,
          "avatar_url": "https://avatars.githubusercontent.com/u/30140?v=3",
          "gravatar_id": "",
          "url": "https://api.github.com/users/jstrachan",
          "html_url": "https://github.com/jstrachan",
          "followers_url": "https://api.github.com/users/jstrachan/followers",
          "following_url": "https://api.github.com/users/jstrachan/following{/other_user}",
          "gists_url": "https://api.github.com/users/jstrachan/gists{/gist_id}",
          "starred_url": "https://api.github.com/users/jstrachan/starred{/owner}{/repo}",
          "subscriptions_url": "https://api.github.com/users/jstrachan/subscriptions",
          "organizations_url": "https://api.github.com/users/jstrachan/orgs",
          "repos_url": "https://api.github.com/users/jstrachan/repos",
          "events_url": "https://api.github.com/users/jstrachan/events{/privacy}",
          "received_events_url": "https://api.github.com/users/jstrachan/received_events",
          "type": "User",
          "site_admin": false
        },
        "content_type": "application/zip",
        "state": "uploaded",
        "size": 9108029,
        "download_count": 2,
        "created_at": "2016-05-31T14:03:30Z",
        "updated_at": "2016-05-31T14:03:32Z",
        "browser_download_url": "https://github.com/fabric8io/gofabric8/releases/download/v0.4.27/gofabric8-0.4.27-windows-amd64.zip"
      }
    ],
    "tarball_url": "https://api.github.com/repos/fabric8io/gofabric8/tarball/v0.4.27",
    "zipball_url": "https://api.github.com/repos/fabric8io/gofabric8/zipball/v0.4.27",
    "body": null
  },
  {
    "url": "https://api.github.com/repos/fabric8io/gofabric8/releases/3340364",
    "assets_url": "https://api.github.com/repos/fabric8io/gofabric8/releases/3340364/assets",
    "upload_url": "https://uploads.github.com/repos/fabric8io/gofabric8/releases/3340364/assets{?name,label}",
    "html_url": "https://github.com/fabric8io/gofabric8/releases/tag/v0.4.26",
    "id": 3340364,
    "tag_name": "v0.4.26",
    "target_commitish": "master",
    "name": "0.4.26",
    "draft": false,
    "author": {
      "login": "jstrachan",
      "id": 30140,
      "avatar_url": "https://avatars.githubusercontent.com/u/30140?v=3",
      "gravatar_id": "",
      "url": "https://api.github.com/users/jstrachan",
      "html_url": "https://github.com/jstrachan",
      "followers_url": "https://api.github.com/users/jstrachan/followers",
      "following_url": "https://api.github.com/users/jstrachan/following{/other_user}",
      "gists_url": "https://api.github.com/users/jstrachan/gists{/gist_id}",
      "starred_url": "https://api.github.com/users/jstrachan/starred{/owner}{/repo}",
      "subscriptions_url": "https://api.github.com/users/jstrachan/subscriptions",
      "organizations_url": "https://api.github.com/users/jstrachan/orgs",
      "repos_url": "https://api.github.com/users/jstrachan/repos",
      "events_url": "https://api.github.com/users/jstrachan/events{/privacy}",
      "received_events_url": "https://api.github.com/users/jstrachan/received_events",
      "type": "User",
      "site_admin": false
    },
    "prerelease": false,
    "created_at": "2016-05-31T13:36:43Z",
    "published_at": "2016-05-31T13:43:29Z",
    "assets": [
      {
        "url": "https://api.github.com/repos/fabric8io/gofabric8/releases/assets/1771295",
        "id": 1771295,
        "name": "gofabric8-0.4.26-darwin-amd64.tar.gz",
        "label": "",
        "uploader": {
          "login": "jstrachan",
          "id": 30140,
          "avatar_url": "https://avatars.githubusercontent.com/u/30140?v=3",
          "gravatar_id": "",
          "url": "https://api.github.com/users/jstrachan",
          "html_url": "https://github.com/jstrachan",
          "followers_url": "https://api.github.com/users/jstrachan/followers",
          "following_url": "https://api.github.com/users/jstrachan/following{/other_user}",
          "gists_url": "https://api.github.com/users/jstrachan/gists{/gist_id}",
          "starred_url": "https://api.github.com/users/jstrachan/starred{/owner}{/repo}",
          "subscriptions_url": "https://api.github.com/users/jstrachan/subscriptions",
          "organizations_url": "https://api.github.com/users/jstrachan/orgs",
          "repos_url": "https://api.github.com/users/jstrachan/repos",
          "events_url": "https://api.github.com/users/jstrachan/events{/privacy}",
          "received_events_url": "https://api.github.com/users/jstrachan/received_events",
          "type": "User",
          "site_admin": false
        },
        "content_type": "application/gzip",
        "state": "uploaded",
        "size": 9055000,
        "download_count": 1,
        "created_at": "2016-05-31T13:43:29Z",
        "updated_at": "2016-05-31T13:43:31Z",
        "browser_download_url": "https://github.com/fabric8io/gofabric8/releases/download/v0.4.26/gofabric8-0.4.26-darwin-amd64.tar.gz"
      },
      {
        "url": "https://api.github.com/repos/fabric8io/gofabric8/releases/assets/1771296",
        "id": 1771296,
        "name": "gofabric8-0.4.26-linux-amd64.tar.gz",
        "label": "",
        "uploader": {
          "login": "jstrachan",
          "id": 30140,
          "avatar_url": "https://avatars.githubusercontent.com/u/30140?v=3",
          "gravatar_id": "",
          "url": "https://api.github.com/users/jstrachan",
          "html_url": "https://github.com/jstrachan",
          "followers_url": "https://api.github.com/users/jstrachan/followers",
          "following_url": "https://api.github.com/users/jstrachan/following{/other_user}",
          "gists_url": "https://api.github.com/users/jstrachan/gists{/gist_id}",
          "starred_url": "https://api.github.com/users/jstrachan/starred{/owner}{/repo}",
          "subscriptions_url": "https://api.github.com/users/jstrachan/subscriptions",
          "organizations_url": "https://api.github.com/users/jstrachan/orgs",
          "repos_url": "https://api.github.com/users/jstrachan/repos",
          "events_url": "https://api.github.com/users/jstrachan/events{/privacy}",
          "received_events_url": "https://api.github.com/users/jstrachan/received_events",
          "type": "User",
          "site_admin": false
        },
        "content_type": "application/gzip",
        "state": "uploaded",
        "size": 9188587,
        "download_count": 3,
        "created_at": "2016-05-31T13:43:31Z",
        "updated_at": "2016-05-31T13:43:32Z",
        "browser_download_url": "https://github.com/fabric8io/gofabric8/releases/download/v0.4.26/gofabric8-0.4.26-linux-amd64.tar.gz"
      },
      {
        "url": "https://api.github.com/repos/fabric8io/gofabric8/releases/assets/1771297",
        "id": 1771297,
        "name": "gofabric8-0.4.26-linux-arm.tar.gz",
        "label": "",
        "uploader": {
          "login": "jstrachan",
          "id": 30140,
          "avatar_url": "https://avatars.githubusercontent.com/u/30140?v=3",
          "gravatar_id": "",
          "url": "https://api.github.com/users/jstrachan",
          "html_url": "https://github.com/jstrachan",
          "followers_url": "https://api.github.com/users/jstrachan/followers",
          "following_url": "https://api.github.com/users/jstrachan/following{/other_user}",
          "gists_url": "https://api.github.com/users/jstrachan/gists{/gist_id}",
          "starred_url": "https://api.github.com/users/jstrachan/starred{/owner}{/repo}",
          "subscriptions_url": "https://api.github.com/users/jstrachan/subscriptions",
          "organizations_url": "https://api.github.com/users/jstrachan/orgs",
          "repos_url": "https://api.github.com/users/jstrachan/repos",
          "events_url": "https://api.github.com/users/jstrachan/events{/privacy}",
          "received_events_url": "https://api.github.com/users/jstrachan/received_events",
          "type": "User",
          "site_admin": false
        },
        "content_type": "application/gzip",
        "state": "uploaded",
        "size": 8251296,
        "download_count": 0,
        "created_at": "2016-05-31T13:43:33Z",
        "updated_at": "2016-05-31T13:43:34Z",
        "browser_download_url": "https://github.com/fabric8io/gofabric8/releases/download/v0.4.26/gofabric8-0.4.26-linux-arm.tar.gz"
      },
      {
        "url": "https://api.github.com/repos/fabric8io/gofabric8/releases/assets/1771298",
        "id": 1771298,
        "name": "gofabric8-0.4.26-windows-amd64.zip",
        "label": "",
        "uploader": {
          "login": "jstrachan",
          "id": 30140,
          "avatar_url": "https://avatars.githubusercontent.com/u/30140?v=3",
          "gravatar_id": "",
          "url": "https://api.github.com/users/jstrachan",
          "html_url": "https://github.com/jstrachan",
          "followers_url": "https://api.github.com/users/jstrachan/followers",
          "following_url": "https://api.github.com/users/jstrachan/following{/other_user}",
          "gists_url": "https://api.github.com/users/jstrachan/gists{/gist_id}",
          "starred_url": "https://api.github.com/users/jstrachan/starred{/owner}{/repo}",
          "subscriptions_url": "https://api.github.com/users/jstrachan/subscriptions",
          "organizations_url": "https://api.github.com/users/jstrachan/orgs",
          "repos_url": "https://api.github.com/users/jstrachan/repos",
          "events_url": "https://api.github.com/users/jstrachan/events{/privacy}",
          "received_events_url": "https://api.github.com/users/jstrachan/received_events",
          "type": "User",
          "site_admin": false
        },
        "content_type": "application/zip",
        "state": "uploaded",
        "size": 9108029,
        "download_count": 0,
        "created_at": "2016-05-31T13:43:34Z",
        "updated_at": "2016-05-31T13:43:36Z",
        "browser_download_url": "https://github.com/fabric8io/gofabric8/releases/download/v0.4.26/gofabric8-0.4.26-windows-amd64.zip"
      }
    ],
    "tarball_url": "https://api.github.com/repos/fabric8io/gofabric8/tarball/v0.4.26",
    "zipball_url": "https://api.github.com/repos/fabric8io/gofabric8/zipball/v0.4.26",
    "body": null
  },
  {
    "url": "https://api.github.com/repos/fabric8io/gofabric8/releases/3322544",
    "assets_url": "https://api.github.com/repos/fabric8io/gofabric8/releases/3322544/assets",
    "upload_url": "https://uploads.github.com/repos/fabric8io/gofabric8/releases/3322544/assets{?name,label}",
    "html_url": "https://github.com/fabric8io/gofabric8/releases/tag/v0.4.25",
    "id": 3322544,
    "tag_name": "v0.4.25",
    "target_commitish": "master",
    "name": "0.4.25",
    "draft": false,
    "author": {
      "login": "jstrachan",
      "id": 30140,
      "avatar_url": "https://avatars.githubusercontent.com/u/30140?v=3",
      "gravatar_id": "",
      "url": "https://api.github.com/users/jstrachan",
      "html_url": "https://github.com/jstrachan",
      "followers_url": "https://api.github.com/users/jstrachan/followers",
      "following_url": "https://api.github.com/users/jstrachan/following{/other_user}",
      "gists_url": "https://api.github.com/users/jstrachan/gists{/gist_id}",
      "starred_url": "https://api.github.com/users/jstrachan/starred{/owner}{/repo}",
      "subscriptions_url": "https://api.github.com/users/jstrachan/subscriptions",
      "organizations_url": "https://api.github.com/users/jstrachan/orgs",
      "repos_url": "https://api.github.com/users/jstrachan/repos",
      "events_url": "https://api.github.com/users/jstrachan/events{/privacy}",
      "received_events_url": "https://api.github.com/users/jstrachan/received_events",
      "type": "User",
      "site_admin": false
    },
    "prerelease": false,
    "created_at": "2016-05-27T16:37:08Z",
    "published_at": "2016-05-27T16:43:23Z",
    "assets": [
      {
        "url": "https://api.github.com/repos/fabric8io/gofabric8/releases/assets/1753941",
        "id": 1753941,
        "name": "gofabric8-0.4.25-darwin-amd64.tar.gz",
        "label": "",
        "uploader": {
          "login": "jstrachan",
          "id": 30140,
          "avatar_url": "https://avatars.githubusercontent.com/u/30140?v=3",
          "gravatar_id": "",
          "url": "https://api.github.com/users/jstrachan",
          "html_url": "https://github.com/jstrachan",
          "followers_url": "https://api.github.com/users/jstrachan/followers",
          "following_url": "https://api.github.com/users/jstrachan/following{/other_user}",
          "gists_url": "https://api.github.com/users/jstrachan/gists{/gist_id}",
          "starred_url": "https://api.github.com/users/jstrachan/starred{/owner}{/repo}",
          "subscriptions_url": "https://api.github.com/users/jstrachan/subscriptions",
          "organizations_url": "https://api.github.com/users/jstrachan/orgs",
          "repos_url": "https://api.github.com/users/jstrachan/repos",
          "events_url": "https://api.github.com/users/jstrachan/events{/privacy}",
          "received_events_url": "https://api.github.com/users/jstrachan/received_events",
          "type": "User",
          "site_admin": false
        },
        "content_type": "application/gzip",
        "state": "uploaded",
        "size": 9055127,
        "download_count": 2,
        "created_at": "2016-05-27T16:43:23Z",
        "updated_at": "2016-05-27T16:43:25Z",
        "browser_download_url": "https://github.com/fabric8io/gofabric8/releases/download/v0.4.25/gofabric8-0.4.25-darwin-amd64.tar.gz"
      },
      {
        "url": "https://api.github.com/repos/fabric8io/gofabric8/releases/assets/1753942",
        "id": 1753942,
        "name": "gofabric8-0.4.25-linux-amd64.tar.gz",
        "label": "",
        "uploader": {
          "login": "jstrachan",
          "id": 30140,
          "avatar_url": "https://avatars.githubusercontent.com/u/30140?v=3",
          "gravatar_id": "",
          "url": "https://api.github.com/users/jstrachan",
          "html_url": "https://github.com/jstrachan",
          "followers_url": "https://api.github.com/users/jstrachan/followers",
          "following_url": "https://api.github.com/users/jstrachan/following{/other_user}",
          "gists_url": "https://api.github.com/users/jstrachan/gists{/gist_id}",
          "starred_url": "https://api.github.com/users/jstrachan/starred{/owner}{/repo}",
          "subscriptions_url": "https://api.github.com/users/jstrachan/subscriptions",
          "organizations_url": "https://api.github.com/users/jstrachan/orgs",
          "repos_url": "https://api.github.com/users/jstrachan/repos",
          "events_url": "https://api.github.com/users/jstrachan/events{/privacy}",
          "received_events_url": "https://api.github.com/users/jstrachan/received_events",
          "type": "User",
          "site_admin": false
        },
        "content_type": "application/gzip",
        "state": "uploaded",
        "size": 9187794,
        "download_count": 21,
        "created_at": "2016-05-27T16:43:25Z",
        "updated_at": "2016-05-27T16:43:26Z",
        "browser_download_url": "https://github.com/fabric8io/gofabric8/releases/download/v0.4.25/gofabric8-0.4.25-linux-amd64.tar.gz"
      },
      {
        "url": "https://api.github.com/repos/fabric8io/gofabric8/releases/assets/1753943",
        "id": 1753943,
        "name": "gofabric8-0.4.25-linux-arm.tar.gz",
        "label": "",
        "uploader": {
          "login": "jstrachan",
          "id": 30140,
          "avatar_url": "https://avatars.githubusercontent.com/u/30140?v=3",
          "gravatar_id": "",
          "url": "https://api.github.com/users/jstrachan",
          "html_url": "https://github.com/jstrachan",
          "followers_url": "https://api.github.com/users/jstrachan/followers",
          "following_url": "https://api.github.com/users/jstrachan/following{/other_user}",
          "gists_url": "https://api.github.com/users/jstrachan/gists{/gist_id}",
          "starred_url": "https://api.github.com/users/jstrachan/starred{/owner}{/repo}",
          "subscriptions_url": "https://api.github.com/users/jstrachan/subscriptions",
          "organizations_url": "https://api.github.com/users/jstrachan/orgs",
          "repos_url": "https://api.github.com/users/jstrachan/repos",
          "events_url": "https://api.github.com/users/jstrachan/events{/privacy}",
          "received_events_url": "https://api.github.com/users/jstrachan/received_events",
          "type": "User",
          "site_admin": false
        },
        "content_type": "application/gzip",
        "state": "uploaded",
        "size": 8253427,
        "download_count": 1,
        "created_at": "2016-05-27T16:43:27Z",
        "updated_at": "2016-05-27T16:43:28Z",
        "browser_download_url": "https://github.com/fabric8io/gofabric8/releases/download/v0.4.25/gofabric8-0.4.25-linux-arm.tar.gz"
      },
      {
        "url": "https://api.github.com/repos/fabric8io/gofabric8/releases/assets/1753944",
        "id": 1753944,
        "name": "gofabric8-0.4.25-windows-amd64.zip",
        "label": "",
        "uploader": {
          "login": "jstrachan",
          "id": 30140,
          "avatar_url": "https://avatars.githubusercontent.com/u/30140?v=3",
          "gravatar_id": "",
          "url": "https://api.github.com/users/jstrachan",
          "html_url": "https://github.com/jstrachan",
          "followers_url": "https://api.github.com/users/jstrachan/followers",
          "following_url": "https://api.github.com/users/jstrachan/following{/other_user}",
          "gists_url": "https://api.github.com/users/jstrachan/gists{/gist_id}",
          "starred_url": "https://api.github.com/users/jstrachan/starred{/owner}{/repo}",
          "subscriptions_url": "https://api.github.com/users/jstrachan/subscriptions",
          "organizations_url": "https://api.github.com/users/jstrachan/orgs",
          "repos_url": "https://api.github.com/users/jstrachan/repos",
          "events_url": "https://api.github.com/users/jstrachan/events{/privacy}",
          "received_events_url": "https://api.github.com/users/jstrachan/received_events",
          "type": "User",
          "site_admin": false
        },
        "content_type": "application/zip",
        "state": "uploaded",
        "size": 9107258,
        "download_count": 0,
        "created_at": "2016-05-27T16:43:29Z",
        "updated_at": "2016-05-27T16:43:30Z",
        "browser_download_url": "https://github.com/fabric8io/gofabric8/releases/download/v0.4.25/gofabric8-0.4.25-windows-amd64.zip"
      }
    ],
    "tarball_url": "https://api.github.com/repos/fabric8io/gofabric8/tarball/v0.4.25",
    "zipball_url": "https://api.github.com/repos/fabric8io/gofabric8/zipball/v0.4.25",
    "body": null
  },
  {
    "url": "https://api.github.com/repos/fabric8io/gofabric8/releases/3320785",
    "assets_url": "https://api.github.com/repos/fabric8io/gofabric8/releases/3320785/assets",
    "upload_url": "https://uploads.github.com/repos/fabric8io/gofabric8/releases/3320785/assets{?name,label}",
    "html_url": "https://github.com/fabric8io/gofabric8/releases/tag/v0.4.24",
    "id": 3320785,
    "tag_name": "v0.4.24",
    "target_commitish": "master",
    "name": "0.4.24",
    "draft": false,
    "author": {
      "login": "jstrachan",
      "id": 30140,
      "avatar_url": "https://avatars.githubusercontent.com/u/30140?v=3",
      "gravatar_id": "",
      "url": "https://api.github.com/users/jstrachan",
      "html_url": "https://github.com/jstrachan",
      "followers_url": "https://api.github.com/users/jstrachan/followers",
      "following_url": "https://api.github.com/users/jstrachan/following{/other_user}",
      "gists_url": "https://api.github.com/users/jstrachan/gists{/gist_id}",
      "starred_url": "https://api.github.com/users/jstrachan/starred{/owner}{/repo}",
      "subscriptions_url": "https://api.github.com/users/jstrachan/subscriptions",
      "organizations_url": "https://api.github.com/users/jstrachan/orgs",
      "repos_url": "https://api.github.com/users/jstrachan/repos",
      "events_url": "https://api.github.com/users/jstrachan/events{/privacy}",
      "received_events_url": "https://api.github.com/users/jstrachan/received_events",
      "type": "User",
      "site_admin": false
    },
    "prerelease": false,
    "created_at": "2016-05-27T12:58:24Z",
    "published_at": "2016-05-27T13:04:10Z",
    "assets": [
      {
        "url": "https://api.github.com/repos/fabric8io/gofabric8/releases/assets/1752942",
        "id": 1752942,
        "name": "gofabric8-0.4.24-darwin-amd64.tar.gz",
        "label": "",
        "uploader": {
          "login": "jstrachan",
          "id": 30140,
          "avatar_url": "https://avatars.githubusercontent.com/u/30140?v=3",
          "gravatar_id": "",
          "url": "https://api.github.com/users/jstrachan",
          "html_url": "https://github.com/jstrachan",
          "followers_url": "https://api.github.com/users/jstrachan/followers",
          "following_url": "https://api.github.com/users/jstrachan/following{/other_user}",
          "gists_url": "https://api.github.com/users/jstrachan/gists{/gist_id}",
          "starred_url": "https://api.github.com/users/jstrachan/starred{/owner}{/repo}",
          "subscriptions_url": "https://api.github.com/users/jstrachan/subscriptions",
          "organizations_url": "https://api.github.com/users/jstrachan/orgs",
          "repos_url": "https://api.github.com/users/jstrachan/repos",
          "events_url": "https://api.github.com/users/jstrachan/events{/privacy}",
          "received_events_url": "https://api.github.com/users/jstrachan/received_events",
          "type": "User",
          "site_admin": false
        },
        "content_type": "application/gzip",
        "state": "uploaded",
        "size": 9053664,
        "download_count": 0,
        "created_at": "2016-05-27T13:04:10Z",
        "updated_at": "2016-05-27T13:04:11Z",
        "browser_download_url": "https://github.com/fabric8io/gofabric8/releases/download/v0.4.24/gofabric8-0.4.24-darwin-amd64.tar.gz"
      },
      {
        "url": "https://api.github.com/repos/fabric8io/gofabric8/releases/assets/1752943",
        "id": 1752943,
        "name": "gofabric8-0.4.24-linux-amd64.tar.gz",
        "label": "",
        "uploader": {
          "login": "jstrachan",
          "id": 30140,
          "avatar_url": "https://avatars.githubusercontent.com/u/30140?v=3",
          "gravatar_id": "",
          "url": "https://api.github.com/users/jstrachan",
          "html_url": "https://github.com/jstrachan",
          "followers_url": "https://api.github.com/users/jstrachan/followers",
          "following_url": "https://api.github.com/users/jstrachan/following{/other_user}",
          "gists_url": "https://api.github.com/users/jstrachan/gists{/gist_id}",
          "starred_url": "https://api.github.com/users/jstrachan/starred{/owner}{/repo}",
          "subscriptions_url": "https://api.github.com/users/jstrachan/subscriptions",
          "organizations_url": "https://api.github.com/users/jstrachan/orgs",
          "repos_url": "https://api.github.com/users/jstrachan/repos",
          "events_url": "https://api.github.com/users/jstrachan/events{/privacy}",
          "received_events_url": "https://api.github.com/users/jstrachan/received_events",
          "type": "User",
          "site_admin": false
        },
        "content_type": "application/gzip",
        "state": "uploaded",
        "size": 9187799,
        "download_count": 81,
        "created_at": "2016-05-27T13:04:12Z",
        "updated_at": "2016-05-27T13:04:13Z",
        "browser_download_url": "https://github.com/fabric8io/gofabric8/releases/download/v0.4.24/gofabric8-0.4.24-linux-amd64.tar.gz"
      },
      {
        "url": "https://api.github.com/repos/fabric8io/gofabric8/releases/assets/1752944",
        "id": 1752944,
        "name": "gofabric8-0.4.24-linux-arm.tar.gz",
        "label": "",
        "uploader": {
          "login": "jstrachan",
          "id": 30140,
          "avatar_url": "https://avatars.githubusercontent.com/u/30140?v=3",
          "gravatar_id": "",
          "url": "https://api.github.com/users/jstrachan",
          "html_url": "https://github.com/jstrachan",
          "followers_url": "https://api.github.com/users/jstrachan/followers",
          "following_url": "https://api.github.com/users/jstrachan/following{/other_user}",
          "gists_url": "https://api.github.com/users/jstrachan/gists{/gist_id}",
          "starred_url": "https://api.github.com/users/jstrachan/starred{/owner}{/repo}",
          "subscriptions_url": "https://api.github.com/users/jstrachan/subscriptions",
          "organizations_url": "https://api.github.com/users/jstrachan/orgs",
          "repos_url": "https://api.github.com/users/jstrachan/repos",
          "events_url": "https://api.github.com/users/jstrachan/events{/privacy}",
          "received_events_url": "https://api.github.com/users/jstrachan/received_events",
          "type": "User",
          "site_admin": false
        },
        "content_type": "application/gzip",
        "state": "uploaded",
        "size": 8250783,
        "download_count": 0,
        "created_at": "2016-05-27T13:04:14Z",
        "updated_at": "2016-05-27T13:04:15Z",
        "browser_download_url": "https://github.com/fabric8io/gofabric8/releases/download/v0.4.24/gofabric8-0.4.24-linux-arm.tar.gz"
      },
      {
        "url": "https://api.github.com/repos/fabric8io/gofabric8/releases/assets/1752945",
        "id": 1752945,
        "name": "gofabric8-0.4.24-windows-amd64.zip",
        "label": "",
        "uploader": {
          "login": "jstrachan",
          "id": 30140,
          "avatar_url": "https://avatars.githubusercontent.com/u/30140?v=3",
          "gravatar_id": "",
          "url": "https://api.github.com/users/jstrachan",
          "html_url": "https://github.com/jstrachan",
          "followers_url": "https://api.github.com/users/jstrachan/followers",
          "following_url": "https://api.github.com/users/jstrachan/following{/other_user}",
          "gists_url": "https://api.github.com/users/jstrachan/gists{/gist_id}",
          "starred_url": "https://api.github.com/users/jstrachan/starred{/owner}{/repo}",
          "subscriptions_url": "https://api.github.com/users/jstrachan/subscriptions",
          "organizations_url": "https://api.github.com/users/jstrachan/orgs",
          "repos_url": "https://api.github.com/users/jstrachan/repos",
          "events_url": "https://api.github.com/users/jstrachan/events{/privacy}",
          "received_events_url": "https://api.github.com/users/jstrachan/received_events",
          "type": "User",
          "site_admin": false
        },
        "content_type": "application/zip",
        "state": "uploaded",
        "size": 9104689,
        "download_count": 0,
        "created_at": "2016-05-27T13:04:15Z",
        "updated_at": "2016-05-27T13:04:16Z",
        "browser_download_url": "https://github.com/fabric8io/gofabric8/releases/download/v0.4.24/gofabric8-0.4.24-windows-amd64.zip"
      }
    ],
    "tarball_url": "https://api.github.com/repos/fabric8io/gofabric8/tarball/v0.4.24",
    "zipball_url": "https://api.github.com/repos/fabric8io/gofabric8/zipball/v0.4.24",
    "body": null
  },
  {
    "url": "https://api.github.com/repos/fabric8io/gofabric8/releases/3320625",
    "assets_url": "https://api.github.com/repos/fabric8io/gofabric8/releases/3320625/assets",
    "upload_url": "https://uploads.github.com/repos/fabric8io/gofabric8/releases/3320625/assets{?name,label}",
    "html_url": "https://github.com/fabric8io/gofabric8/releases/tag/v0.4.23",
    "id": 3320625,
    "tag_name": "v0.4.23",
    "target_commitish": "master",
    "name": "0.4.23",
    "draft": false,
    "author": {
      "login": "jstrachan",
      "id": 30140,
      "avatar_url": "https://avatars.githubusercontent.com/u/30140?v=3",
      "gravatar_id": "",
      "url": "https://api.github.com/users/jstrachan",
      "html_url": "https://github.com/jstrachan",
      "followers_url": "https://api.github.com/users/jstrachan/followers",
      "following_url": "https://api.github.com/users/jstrachan/following{/other_user}",
      "gists_url": "https://api.github.com/users/jstrachan/gists{/gist_id}",
      "starred_url": "https://api.github.com/users/jstrachan/starred{/owner}{/repo}",
      "subscriptions_url": "https://api.github.com/users/jstrachan/subscriptions",
      "organizations_url": "https://api.github.com/users/jstrachan/orgs",
      "repos_url": "https://api.github.com/users/jstrachan/repos",
      "events_url": "https://api.github.com/users/jstrachan/events{/privacy}",
      "received_events_url": "https://api.github.com/users/jstrachan/received_events",
      "type": "User",
      "site_admin": false
    },
    "prerelease": false,
    "created_at": "2016-05-27T12:31:53Z",
    "published_at": "2016-05-27T12:37:52Z",
    "assets": [
      {
        "url": "https://api.github.com/repos/fabric8io/gofabric8/releases/assets/1752848",
        "id": 1752848,
        "name": "gofabric8-0.4.23-darwin-amd64.tar.gz",
        "label": "",
        "uploader": {
          "login": "jstrachan",
          "id": 30140,
          "avatar_url": "https://avatars.githubusercontent.com/u/30140?v=3",
          "gravatar_id": "",
          "url": "https://api.github.com/users/jstrachan",
          "html_url": "https://github.com/jstrachan",
          "followers_url": "https://api.github.com/users/jstrachan/followers",
          "following_url": "https://api.github.com/users/jstrachan/following{/other_user}",
          "gists_url": "https://api.github.com/users/jstrachan/gists{/gist_id}",
          "starred_url": "https://api.github.com/users/jstrachan/starred{/owner}{/repo}",
          "subscriptions_url": "https://api.github.com/users/jstrachan/subscriptions",
          "organizations_url": "https://api.github.com/users/jstrachan/orgs",
          "repos_url": "https://api.github.com/users/jstrachan/repos",
          "events_url": "https://api.github.com/users/jstrachan/events{/privacy}",
          "received_events_url": "https://api.github.com/users/jstrachan/received_events",
          "type": "User",
          "site_admin": false
        },
        "content_type": "application/gzip",
        "state": "uploaded",
        "size": 9053698,
        "download_count": 1,
        "created_at": "2016-05-27T12:37:53Z",
        "updated_at": "2016-05-27T12:37:54Z",
        "browser_download_url": "https://github.com/fabric8io/gofabric8/releases/download/v0.4.23/gofabric8-0.4.23-darwin-amd64.tar.gz"
      },
      {
        "url": "https://api.github.com/repos/fabric8io/gofabric8/releases/assets/1752849",
        "id": 1752849,
        "name": "gofabric8-0.4.23-linux-amd64.tar.gz",
        "label": "",
        "uploader": {
          "login": "jstrachan",
          "id": 30140,
          "avatar_url": "https://avatars.githubusercontent.com/u/30140?v=3",
          "gravatar_id": "",
          "url": "https://api.github.com/users/jstrachan",
          "html_url": "https://github.com/jstrachan",
          "followers_url": "https://api.github.com/users/jstrachan/followers",
          "following_url": "https://api.github.com/users/jstrachan/following{/other_user}",
          "gists_url": "https://api.github.com/users/jstrachan/gists{/gist_id}",
          "starred_url": "https://api.github.com/users/jstrachan/starred{/owner}{/repo}",
          "subscriptions_url": "https://api.github.com/users/jstrachan/subscriptions",
          "organizations_url": "https://api.github.com/users/jstrachan/orgs",
          "repos_url": "https://api.github.com/users/jstrachan/repos",
          "events_url": "https://api.github.com/users/jstrachan/events{/privacy}",
          "received_events_url": "https://api.github.com/users/jstrachan/received_events",
          "type": "User",
          "site_admin": false
        },
        "content_type": "application/gzip",
        "state": "uploaded",
        "size": 9187728,
        "download_count": 0,
        "created_at": "2016-05-27T12:37:54Z",
        "updated_at": "2016-05-27T12:37:56Z",
        "browser_download_url": "https://github.com/fabric8io/gofabric8/releases/download/v0.4.23/gofabric8-0.4.23-linux-amd64.tar.gz"
      },
      {
        "url": "https://api.github.com/repos/fabric8io/gofabric8/releases/assets/1752850",
        "id": 1752850,
        "name": "gofabric8-0.4.23-linux-arm.tar.gz",
        "label": "",
        "uploader": {
          "login": "jstrachan",
          "id": 30140,
          "avatar_url": "https://avatars.githubusercontent.com/u/30140?v=3",
          "gravatar_id": "",
          "url": "https://api.github.com/users/jstrachan",
          "html_url": "https://github.com/jstrachan",
          "followers_url": "https://api.github.com/users/jstrachan/followers",
          "following_url": "https://api.github.com/users/jstrachan/following{/other_user}",
          "gists_url": "https://api.github.com/users/jstrachan/gists{/gist_id}",
          "starred_url": "https://api.github.com/users/jstrachan/starred{/owner}{/repo}",
          "subscriptions_url": "https://api.github.com/users/jstrachan/subscriptions",
          "organizations_url": "https://api.github.com/users/jstrachan/orgs",
          "repos_url": "https://api.github.com/users/jstrachan/repos",
          "events_url": "https://api.github.com/users/jstrachan/events{/privacy}",
          "received_events_url": "https://api.github.com/users/jstrachan/received_events",
          "type": "User",
          "site_admin": false
        },
        "content_type": "application/gzip",
        "state": "uploaded",
        "size": 8250911,
        "download_count": 0,
        "created_at": "2016-05-27T12:37:56Z",
        "updated_at": "2016-05-27T12:37:57Z",
        "browser_download_url": "https://github.com/fabric8io/gofabric8/releases/download/v0.4.23/gofabric8-0.4.23-linux-arm.tar.gz"
      },
      {
        "url": "https://api.github.com/repos/fabric8io/gofabric8/releases/assets/1752851",
        "id": 1752851,
        "name": "gofabric8-0.4.23-windows-amd64.zip",
        "label": "",
        "uploader": {
          "login": "jstrachan",
          "id": 30140,
          "avatar_url": "https://avatars.githubusercontent.com/u/30140?v=3",
          "gravatar_id": "",
          "url": "https://api.github.com/users/jstrachan",
          "html_url": "https://github.com/jstrachan",
          "followers_url": "https://api.github.com/users/jstrachan/followers",
          "following_url": "https://api.github.com/users/jstrachan/following{/other_user}",
          "gists_url": "https://api.github.com/users/jstrachan/gists{/gist_id}",
          "starred_url": "https://api.github.com/users/jstrachan/starred{/owner}{/repo}",
          "subscriptions_url": "https://api.github.com/users/jstrachan/subscriptions",
          "organizations_url": "https://api.github.com/users/jstrachan/orgs",
          "repos_url": "https://api.github.com/users/jstrachan/repos",
          "events_url": "https://api.github.com/users/jstrachan/events{/privacy}",
          "received_events_url": "https://api.github.com/users/jstrachan/received_events",
          "type": "User",
          "site_admin": false
        },
        "content_type": "application/zip",
        "state": "uploaded",
        "size": 9104671,
        "download_count": 0,
        "created_at": "2016-05-27T12:37:58Z",
        "updated_at": "2016-05-27T12:37:59Z",
        "browser_download_url": "https://github.com/fabric8io/gofabric8/releases/download/v0.4.23/gofabric8-0.4.23-windows-amd64.zip"
      }
    ],
    "tarball_url": "https://api.github.com/repos/fabric8io/gofabric8/tarball/v0.4.23",
    "zipball_url": "https://api.github.com/repos/fabric8io/gofabric8/zipball/v0.4.23",
    "body": null
  },
  {
    "url": "https://api.github.com/repos/fabric8io/gofabric8/releases/3312250",
    "assets_url": "https://api.github.com/repos/fabric8io/gofabric8/releases/3312250/assets",
    "upload_url": "https://uploads.github.com/repos/fabric8io/gofabric8/releases/3312250/assets{?name,label}",
    "html_url": "https://github.com/fabric8io/gofabric8/releases/tag/v0.4.21",
    "id": 3312250,
    "tag_name": "v0.4.21",
    "target_commitish": "master",
    "name": "0.4.21",
    "draft": false,
    "author": {
      "login": "jstrachan",
      "id": 30140,
      "avatar_url": "https://avatars.githubusercontent.com/u/30140?v=3",
      "gravatar_id": "",
      "url": "https://api.github.com/users/jstrachan",
      "html_url": "https://github.com/jstrachan",
      "followers_url": "https://api.github.com/users/jstrachan/followers",
      "following_url": "https://api.github.com/users/jstrachan/following{/other_user}",
      "gists_url": "https://api.github.com/users/jstrachan/gists{/gist_id}",
      "starred_url": "https://api.github.com/users/jstrachan/starred{/owner}{/repo}",
      "subscriptions_url": "https://api.github.com/users/jstrachan/subscriptions",
      "organizations_url": "https://api.github.com/users/jstrachan/orgs",
      "repos_url": "https://api.github.com/users/jstrachan/repos",
      "events_url": "https://api.github.com/users/jstrachan/events{/privacy}",
      "received_events_url": "https://api.github.com/users/jstrachan/received_events",
      "type": "User",
      "site_admin": false
    },
    "prerelease": false,
    "created_at": "2016-05-26T13:17:50Z",
    "published_at": "2016-05-26T13:21:40Z",
    "assets": [
      {
        "url": "https://api.github.com/repos/fabric8io/gofabric8/releases/assets/1748332",
        "id": 1748332,
        "name": "gofabric8-0.4.21-darwin-amd64.tar.gz",
        "label": "",
        "uploader": {
          "login": "jstrachan",
          "id": 30140,
          "avatar_url": "https://avatars.githubusercontent.com/u/30140?v=3",
          "gravatar_id": "",
          "url": "https://api.github.com/users/jstrachan",
          "html_url": "https://github.com/jstrachan",
          "followers_url": "https://api.github.com/users/jstrachan/followers",
          "following_url": "https://api.github.com/users/jstrachan/following{/other_user}",
          "gists_url": "https://api.github.com/users/jstrachan/gists{/gist_id}",
          "starred_url": "https://api.github.com/users/jstrachan/starred{/owner}{/repo}",
          "subscriptions_url": "https://api.github.com/users/jstrachan/subscriptions",
          "organizations_url": "https://api.github.com/users/jstrachan/orgs",
          "repos_url": "https://api.github.com/users/jstrachan/repos",
          "events_url": "https://api.github.com/users/jstrachan/events{/privacy}",
          "received_events_url": "https://api.github.com/users/jstrachan/received_events",
          "type": "User",
          "site_admin": false
        },
        "content_type": "application/gzip",
        "state": "uploaded",
        "size": 9052938,
        "download_count": 0,
        "created_at": "2016-05-26T13:21:41Z",
        "updated_at": "2016-05-26T13:21:42Z",
        "browser_download_url": "https://github.com/fabric8io/gofabric8/releases/download/v0.4.21/gofabric8-0.4.21-darwin-amd64.tar.gz"
      },
      {
        "url": "https://api.github.com/repos/fabric8io/gofabric8/releases/assets/1748333",
        "id": 1748333,
        "name": "gofabric8-0.4.21-linux-amd64.tar.gz",
        "label": "",
        "uploader": {
          "login": "jstrachan",
          "id": 30140,
          "avatar_url": "https://avatars.githubusercontent.com/u/30140?v=3",
          "gravatar_id": "",
          "url": "https://api.github.com/users/jstrachan",
          "html_url": "https://github.com/jstrachan",
          "followers_url": "https://api.github.com/users/jstrachan/followers",
          "following_url": "https://api.github.com/users/jstrachan/following{/other_user}",
          "gists_url": "https://api.github.com/users/jstrachan/gists{/gist_id}",
          "starred_url": "https://api.github.com/users/jstrachan/starred{/owner}{/repo}",
          "subscriptions_url": "https://api.github.com/users/jstrachan/subscriptions",
          "organizations_url": "https://api.github.com/users/jstrachan/orgs",
          "repos_url": "https://api.github.com/users/jstrachan/repos",
          "events_url": "https://api.github.com/users/jstrachan/events{/privacy}",
          "received_events_url": "https://api.github.com/users/jstrachan/received_events",
          "type": "User",
          "site_admin": false
        },
        "content_type": "application/gzip",
        "state": "uploaded",
        "size": 9186192,
        "download_count": 84,
        "created_at": "2016-05-26T13:21:42Z",
        "updated_at": "2016-05-26T13:21:43Z",
        "browser_download_url": "https://github.com/fabric8io/gofabric8/releases/download/v0.4.21/gofabric8-0.4.21-linux-amd64.tar.gz"
      },
      {
        "url": "https://api.github.com/repos/fabric8io/gofabric8/releases/assets/1748334",
        "id": 1748334,
        "name": "gofabric8-0.4.21-windows-amd64.zip",
        "label": "",
        "uploader": {
          "login": "jstrachan",
          "id": 30140,
          "avatar_url": "https://avatars.githubusercontent.com/u/30140?v=3",
          "gravatar_id": "",
          "url": "https://api.github.com/users/jstrachan",
          "html_url": "https://github.com/jstrachan",
          "followers_url": "https://api.github.com/users/jstrachan/followers",
          "following_url": "https://api.github.com/users/jstrachan/following{/other_user}",
          "gists_url": "https://api.github.com/users/jstrachan/gists{/gist_id}",
          "starred_url": "https://api.github.com/users/jstrachan/starred{/owner}{/repo}",
          "subscriptions_url": "https://api.github.com/users/jstrachan/subscriptions",
          "organizations_url": "https://api.github.com/users/jstrachan/orgs",
          "repos_url": "https://api.github.com/users/jstrachan/repos",
          "events_url": "https://api.github.com/users/jstrachan/events{/privacy}",
          "received_events_url": "https://api.github.com/users/jstrachan/received_events",
          "type": "User",
          "site_admin": false
        },
        "content_type": "application/zip",
        "state": "uploaded",
        "size": 9107913,
        "download_count": 0,
        "created_at": "2016-05-26T13:21:44Z",
        "updated_at": "2016-05-26T13:21:45Z",
        "browser_download_url": "https://github.com/fabric8io/gofabric8/releases/download/v0.4.21/gofabric8-0.4.21-windows-amd64.zip"
      }
    ],
    "tarball_url": "https://api.github.com/repos/fabric8io/gofabric8/tarball/v0.4.21",
    "zipball_url": "https://api.github.com/repos/fabric8io/gofabric8/zipball/v0.4.21",
    "body": null
  },
  {
    "url": "https://api.github.com/repos/fabric8io/gofabric8/releases/3309882",
    "assets_url": "https://api.github.com/repos/fabric8io/gofabric8/releases/3309882/assets",
    "upload_url": "https://uploads.github.com/repos/fabric8io/gofabric8/releases/3309882/assets{?name,label}",
    "html_url": "https://github.com/fabric8io/gofabric8/releases/tag/v0.4.20",
    "id": 3309882,
    "tag_name": "v0.4.20",
    "target_commitish": "master",
    "name": "0.4.20",
    "draft": false,
    "author": {
      "login": "jstrachan",
      "id": 30140,
      "avatar_url": "https://avatars.githubusercontent.com/u/30140?v=3",
      "gravatar_id": "",
      "url": "https://api.github.com/users/jstrachan",
      "html_url": "https://github.com/jstrachan",
      "followers_url": "https://api.github.com/users/jstrachan/followers",
      "following_url": "https://api.github.com/users/jstrachan/following{/other_user}",
      "gists_url": "https://api.github.com/users/jstrachan/gists{/gist_id}",
      "starred_url": "https://api.github.com/users/jstrachan/starred{/owner}{/repo}",
      "subscriptions_url": "https://api.github.com/users/jstrachan/subscriptions",
      "organizations_url": "https://api.github.com/users/jstrachan/orgs",
      "repos_url": "https://api.github.com/users/jstrachan/repos",
      "events_url": "https://api.github.com/users/jstrachan/events{/privacy}",
      "received_events_url": "https://api.github.com/users/jstrachan/received_events",
      "type": "User",
      "site_admin": false
    },
    "prerelease": false,
    "created_at": "2016-05-26T07:25:04Z",
    "published_at": "2016-05-26T07:29:04Z",
    "assets": [
      {
        "url": "https://api.github.com/repos/fabric8io/gofabric8/releases/assets/1746921",
        "id": 1746921,
        "name": "gofabric8-0.4.20-darwin-amd64.tar.gz",
        "label": "",
        "uploader": {
          "login": "jstrachan",
          "id": 30140,
          "avatar_url": "https://avatars.githubusercontent.com/u/30140?v=3",
          "gravatar_id": "",
          "url": "https://api.github.com/users/jstrachan",
          "html_url": "https://github.com/jstrachan",
          "followers_url": "https://api.github.com/users/jstrachan/followers",
          "following_url": "https://api.github.com/users/jstrachan/following{/other_user}",
          "gists_url": "https://api.github.com/users/jstrachan/gists{/gist_id}",
          "starred_url": "https://api.github.com/users/jstrachan/starred{/owner}{/repo}",
          "subscriptions_url": "https://api.github.com/users/jstrachan/subscriptions",
          "organizations_url": "https://api.github.com/users/jstrachan/orgs",
          "repos_url": "https://api.github.com/users/jstrachan/repos",
          "events_url": "https://api.github.com/users/jstrachan/events{/privacy}",
          "received_events_url": "https://api.github.com/users/jstrachan/received_events",
          "type": "User",
          "site_admin": false
        },
        "content_type": "application/gzip",
        "state": "uploaded",
        "size": 8771435,
        "download_count": 0,
        "created_at": "2016-05-26T07:29:05Z",
        "updated_at": "2016-05-26T07:29:06Z",
        "browser_download_url": "https://github.com/fabric8io/gofabric8/releases/download/v0.4.20/gofabric8-0.4.20-darwin-amd64.tar.gz"
      },
      {
        "url": "https://api.github.com/repos/fabric8io/gofabric8/releases/assets/1746922",
        "id": 1746922,
        "name": "gofabric8-0.4.20-linux-amd64.tar.gz",
        "label": "",
        "uploader": {
          "login": "jstrachan",
          "id": 30140,
          "avatar_url": "https://avatars.githubusercontent.com/u/30140?v=3",
          "gravatar_id": "",
          "url": "https://api.github.com/users/jstrachan",
          "html_url": "https://github.com/jstrachan",
          "followers_url": "https://api.github.com/users/jstrachan/followers",
          "following_url": "https://api.github.com/users/jstrachan/following{/other_user}",
          "gists_url": "https://api.github.com/users/jstrachan/gists{/gist_id}",
          "starred_url": "https://api.github.com/users/jstrachan/starred{/owner}{/repo}",
          "subscriptions_url": "https://api.github.com/users/jstrachan/subscriptions",
          "organizations_url": "https://api.github.com/users/jstrachan/orgs",
          "repos_url": "https://api.github.com/users/jstrachan/repos",
          "events_url": "https://api.github.com/users/jstrachan/events{/privacy}",
          "received_events_url": "https://api.github.com/users/jstrachan/received_events",
          "type": "User",
          "site_admin": false
        },
        "content_type": "application/gzip",
        "state": "uploaded",
        "size": 8906981,
        "download_count": 4,
        "created_at": "2016-05-26T07:29:07Z",
        "updated_at": "2016-05-26T07:29:08Z",
        "browser_download_url": "https://github.com/fabric8io/gofabric8/releases/download/v0.4.20/gofabric8-0.4.20-linux-amd64.tar.gz"
      },
      {
        "url": "https://api.github.com/repos/fabric8io/gofabric8/releases/assets/1746923",
        "id": 1746923,
        "name": "gofabric8-0.4.20-windows-amd64.zip",
        "label": "",
        "uploader": {
          "login": "jstrachan",
          "id": 30140,
          "avatar_url": "https://avatars.githubusercontent.com/u/30140?v=3",
          "gravatar_id": "",
          "url": "https://api.github.com/users/jstrachan",
          "html_url": "https://github.com/jstrachan",
          "followers_url": "https://api.github.com/users/jstrachan/followers",
          "following_url": "https://api.github.com/users/jstrachan/following{/other_user}",
          "gists_url": "https://api.github.com/users/jstrachan/gists{/gist_id}",
          "starred_url": "https://api.github.com/users/jstrachan/starred{/owner}{/repo}",
          "subscriptions_url": "https://api.github.com/users/jstrachan/subscriptions",
          "organizations_url": "https://api.github.com/users/jstrachan/orgs",
          "repos_url": "https://api.github.com/users/jstrachan/repos",
          "events_url": "https://api.github.com/users/jstrachan/events{/privacy}",
          "received_events_url": "https://api.github.com/users/jstrachan/received_events",
          "type": "User",
          "site_admin": false
        },
        "content_type": "application/zip",
        "state": "uploaded",
        "size": 8827497,
        "download_count": 0,
        "created_at": "2016-05-26T07:29:08Z",
        "updated_at": "2016-05-26T07:29:10Z",
        "browser_download_url": "https://github.com/fabric8io/gofabric8/releases/download/v0.4.20/gofabric8-0.4.20-windows-amd64.zip"
      }
    ],
    "tarball_url": "https://api.github.com/repos/fabric8io/gofabric8/tarball/v0.4.20",
    "zipball_url": "https://api.github.com/repos/fabric8io/gofabric8/zipball/v0.4.20",
    "body": null
  },
  {
    "url": "https://api.github.com/repos/fabric8io/gofabric8/releases/3301899",
    "assets_url": "https://api.github.com/repos/fabric8io/gofabric8/releases/3301899/assets",
    "upload_url": "https://uploads.github.com/repos/fabric8io/gofabric8/releases/3301899/assets{?name,label}",
    "html_url": "https://github.com/fabric8io/gofabric8/releases/tag/v0.4.19",
    "id": 3301899,
    "tag_name": "v0.4.19",
    "target_commitish": "master",
    "name": "0.4.19",
    "draft": false,
    "author": {
      "login": "jstrachan",
      "id": 30140,
      "avatar_url": "https://avatars.githubusercontent.com/u/30140?v=3",
      "gravatar_id": "",
      "url": "https://api.github.com/users/jstrachan",
      "html_url": "https://github.com/jstrachan",
      "followers_url": "https://api.github.com/users/jstrachan/followers",
      "following_url": "https://api.github.com/users/jstrachan/following{/other_user}",
      "gists_url": "https://api.github.com/users/jstrachan/gists{/gist_id}",
      "starred_url": "https://api.github.com/users/jstrachan/starred{/owner}{/repo}",
      "subscriptions_url": "https://api.github.com/users/jstrachan/subscriptions",
      "organizations_url": "https://api.github.com/users/jstrachan/orgs",
      "repos_url": "https://api.github.com/users/jstrachan/repos",
      "events_url": "https://api.github.com/users/jstrachan/events{/privacy}",
      "received_events_url": "https://api.github.com/users/jstrachan/received_events",
      "type": "User",
      "site_admin": false
    },
    "prerelease": false,
    "created_at": "2016-05-25T11:00:17Z",
    "published_at": "2016-05-25T11:03:58Z",
    "assets": [
      {
        "url": "https://api.github.com/repos/fabric8io/gofabric8/releases/assets/1742226",
        "id": 1742226,
        "name": "gofabric8-0.4.19-darwin-amd64.tar.gz",
        "label": "",
        "uploader": {
          "login": "jstrachan",
          "id": 30140,
          "avatar_url": "https://avatars.githubusercontent.com/u/30140?v=3",
          "gravatar_id": "",
          "url": "https://api.github.com/users/jstrachan",
          "html_url": "https://github.com/jstrachan",
          "followers_url": "https://api.github.com/users/jstrachan/followers",
          "following_url": "https://api.github.com/users/jstrachan/following{/other_user}",
          "gists_url": "https://api.github.com/users/jstrachan/gists{/gist_id}",
          "starred_url": "https://api.github.com/users/jstrachan/starred{/owner}{/repo}",
          "subscriptions_url": "https://api.github.com/users/jstrachan/subscriptions",
          "organizations_url": "https://api.github.com/users/jstrachan/orgs",
          "repos_url": "https://api.github.com/users/jstrachan/repos",
          "events_url": "https://api.github.com/users/jstrachan/events{/privacy}",
          "received_events_url": "https://api.github.com/users/jstrachan/received_events",
          "type": "User",
          "site_admin": false
        },
        "content_type": "application/gzip",
        "state": "uploaded",
        "size": 8770215,
        "download_count": 0,
        "created_at": "2016-05-25T11:03:59Z",
        "updated_at": "2016-05-25T11:04:00Z",
        "browser_download_url": "https://github.com/fabric8io/gofabric8/releases/download/v0.4.19/gofabric8-0.4.19-darwin-amd64.tar.gz"
      },
      {
        "url": "https://api.github.com/repos/fabric8io/gofabric8/releases/assets/1742227",
        "id": 1742227,
        "name": "gofabric8-0.4.19-linux-amd64.tar.gz",
        "label": "",
        "uploader": {
          "login": "jstrachan",
          "id": 30140,
          "avatar_url": "https://avatars.githubusercontent.com/u/30140?v=3",
          "gravatar_id": "",
          "url": "https://api.github.com/users/jstrachan",
          "html_url": "https://github.com/jstrachan",
          "followers_url": "https://api.github.com/users/jstrachan/followers",
          "following_url": "https://api.github.com/users/jstrachan/following{/other_user}",
          "gists_url": "https://api.github.com/users/jstrachan/gists{/gist_id}",
          "starred_url": "https://api.github.com/users/jstrachan/starred{/owner}{/repo}",
          "subscriptions_url": "https://api.github.com/users/jstrachan/subscriptions",
          "organizations_url": "https://api.github.com/users/jstrachan/orgs",
          "repos_url": "https://api.github.com/users/jstrachan/repos",
          "events_url": "https://api.github.com/users/jstrachan/events{/privacy}",
          "received_events_url": "https://api.github.com/users/jstrachan/received_events",
          "type": "User",
          "site_admin": false
        },
        "content_type": "application/gzip",
        "state": "uploaded",
        "size": 8902589,
        "download_count": 37,
        "created_at": "2016-05-25T11:04:00Z",
        "updated_at": "2016-05-25T11:04:01Z",
        "browser_download_url": "https://github.com/fabric8io/gofabric8/releases/download/v0.4.19/gofabric8-0.4.19-linux-amd64.tar.gz"
      },
      {
        "url": "https://api.github.com/repos/fabric8io/gofabric8/releases/assets/1742228",
        "id": 1742228,
        "name": "gofabric8-0.4.19-windows-amd64.zip",
        "label": "",
        "uploader": {
          "login": "jstrachan",
          "id": 30140,
          "avatar_url": "https://avatars.githubusercontent.com/u/30140?v=3",
          "gravatar_id": "",
          "url": "https://api.github.com/users/jstrachan",
          "html_url": "https://github.com/jstrachan",
          "followers_url": "https://api.github.com/users/jstrachan/followers",
          "following_url": "https://api.github.com/users/jstrachan/following{/other_user}",
          "gists_url": "https://api.github.com/users/jstrachan/gists{/gist_id}",
          "starred_url": "https://api.github.com/users/jstrachan/starred{/owner}{/repo}",
          "subscriptions_url": "https://api.github.com/users/jstrachan/subscriptions",
          "organizations_url": "https://api.github.com/users/jstrachan/orgs",
          "repos_url": "https://api.github.com/users/jstrachan/repos",
          "events_url": "https://api.github.com/users/jstrachan/events{/privacy}",
          "received_events_url": "https://api.github.com/users/jstrachan/received_events",
          "type": "User",
          "site_admin": false
        },
        "content_type": "application/zip",
        "state": "uploaded",
        "size": 8826111,
        "download_count": 0,
        "created_at": "2016-05-25T11:04:02Z",
        "updated_at": "2016-05-25T11:04:03Z",
        "browser_download_url": "https://github.com/fabric8io/gofabric8/releases/download/v0.4.19/gofabric8-0.4.19-windows-amd64.zip"
      }
    ],
    "tarball_url": "https://api.github.com/repos/fabric8io/gofabric8/tarball/v0.4.19",
    "zipball_url": "https://api.github.com/repos/fabric8io/gofabric8/zipball/v0.4.19",
    "body": null
  },
  {
    "url": "https://api.github.com/repos/fabric8io/gofabric8/releases/3300709",
    "assets_url": "https://api.github.com/repos/fabric8io/gofabric8/releases/3300709/assets",
    "upload_url": "https://uploads.github.com/repos/fabric8io/gofabric8/releases/3300709/assets{?name,label}",
    "html_url": "https://github.com/fabric8io/gofabric8/releases/tag/v0.4.18",
    "id": 3300709,
    "tag_name": "v0.4.18",
    "target_commitish": "master",
    "name": "0.4.18",
    "draft": false,
    "author": {
      "login": "jstrachan",
      "id": 30140,
      "avatar_url": "https://avatars.githubusercontent.com/u/30140?v=3",
      "gravatar_id": "",
      "url": "https://api.github.com/users/jstrachan",
      "html_url": "https://github.com/jstrachan",
      "followers_url": "https://api.github.com/users/jstrachan/followers",
      "following_url": "https://api.github.com/users/jstrachan/following{/other_user}",
      "gists_url": "https://api.github.com/users/jstrachan/gists{/gist_id}",
      "starred_url": "https://api.github.com/users/jstrachan/starred{/owner}{/repo}",
      "subscriptions_url": "https://api.github.com/users/jstrachan/subscriptions",
      "organizations_url": "https://api.github.com/users/jstrachan/orgs",
      "repos_url": "https://api.github.com/users/jstrachan/repos",
      "events_url": "https://api.github.com/users/jstrachan/events{/privacy}",
      "received_events_url": "https://api.github.com/users/jstrachan/received_events",
      "type": "User",
      "site_admin": false
    },
    "prerelease": false,
    "created_at": "2016-05-25T08:51:35Z",
    "published_at": "2016-05-25T08:55:31Z",
    "assets": [
      {
        "url": "https://api.github.com/repos/fabric8io/gofabric8/releases/assets/1741516",
        "id": 1741516,
        "name": "gofabric8-0.4.18-darwin-amd64.tar.gz",
        "label": "",
        "uploader": {
          "login": "jstrachan",
          "id": 30140,
          "avatar_url": "https://avatars.githubusercontent.com/u/30140?v=3",
          "gravatar_id": "",
          "url": "https://api.github.com/users/jstrachan",
          "html_url": "https://github.com/jstrachan",
          "followers_url": "https://api.github.com/users/jstrachan/followers",
          "following_url": "https://api.github.com/users/jstrachan/following{/other_user}",
          "gists_url": "https://api.github.com/users/jstrachan/gists{/gist_id}",
          "starred_url": "https://api.github.com/users/jstrachan/starred{/owner}{/repo}",
          "subscriptions_url": "https://api.github.com/users/jstrachan/subscriptions",
          "organizations_url": "https://api.github.com/users/jstrachan/orgs",
          "repos_url": "https://api.github.com/users/jstrachan/repos",
          "events_url": "https://api.github.com/users/jstrachan/events{/privacy}",
          "received_events_url": "https://api.github.com/users/jstrachan/received_events",
          "type": "User",
          "site_admin": false
        },
        "content_type": "application/gzip",
        "state": "uploaded",
        "size": 8768588,
        "download_count": 0,
        "created_at": "2016-05-25T08:55:32Z",
        "updated_at": "2016-05-25T08:55:33Z",
        "browser_download_url": "https://github.com/fabric8io/gofabric8/releases/download/v0.4.18/gofabric8-0.4.18-darwin-amd64.tar.gz"
      },
      {
        "url": "https://api.github.com/repos/fabric8io/gofabric8/releases/assets/1741517",
        "id": 1741517,
        "name": "gofabric8-0.4.18-linux-amd64.tar.gz",
        "label": "",
        "uploader": {
          "login": "jstrachan",
          "id": 30140,
          "avatar_url": "https://avatars.githubusercontent.com/u/30140?v=3",
          "gravatar_id": "",
          "url": "https://api.github.com/users/jstrachan",
          "html_url": "https://github.com/jstrachan",
          "followers_url": "https://api.github.com/users/jstrachan/followers",
          "following_url": "https://api.github.com/users/jstrachan/following{/other_user}",
          "gists_url": "https://api.github.com/users/jstrachan/gists{/gist_id}",
          "starred_url": "https://api.github.com/users/jstrachan/starred{/owner}{/repo}",
          "subscriptions_url": "https://api.github.com/users/jstrachan/subscriptions",
          "organizations_url": "https://api.github.com/users/jstrachan/orgs",
          "repos_url": "https://api.github.com/users/jstrachan/repos",
          "events_url": "https://api.github.com/users/jstrachan/events{/privacy}",
          "received_events_url": "https://api.github.com/users/jstrachan/received_events",
          "type": "User",
          "site_admin": false
        },
        "content_type": "application/gzip",
        "state": "uploaded",
        "size": 8901408,
        "download_count": 3,
        "created_at": "2016-05-25T08:55:33Z",
        "updated_at": "2016-05-25T08:55:35Z",
        "browser_download_url": "https://github.com/fabric8io/gofabric8/releases/download/v0.4.18/gofabric8-0.4.18-linux-amd64.tar.gz"
      },
      {
        "url": "https://api.github.com/repos/fabric8io/gofabric8/releases/assets/1741518",
        "id": 1741518,
        "name": "gofabric8-0.4.18-windows-amd64.zip",
        "label": "",
        "uploader": {
          "login": "jstrachan",
          "id": 30140,
          "avatar_url": "https://avatars.githubusercontent.com/u/30140?v=3",
          "gravatar_id": "",
          "url": "https://api.github.com/users/jstrachan",
          "html_url": "https://github.com/jstrachan",
          "followers_url": "https://api.github.com/users/jstrachan/followers",
          "following_url": "https://api.github.com/users/jstrachan/following{/other_user}",
          "gists_url": "https://api.github.com/users/jstrachan/gists{/gist_id}",
          "starred_url": "https://api.github.com/users/jstrachan/starred{/owner}{/repo}",
          "subscriptions_url": "https://api.github.com/users/jstrachan/subscriptions",
          "organizations_url": "https://api.github.com/users/jstrachan/orgs",
          "repos_url": "https://api.github.com/users/jstrachan/repos",
          "events_url": "https://api.github.com/users/jstrachan/events{/privacy}",
          "received_events_url": "https://api.github.com/users/jstrachan/received_events",
          "type": "User",
          "site_admin": false
        },
        "content_type": "application/zip",
        "state": "uploaded",
        "size": 8825863,
        "download_count": 0,
        "created_at": "2016-05-25T08:55:35Z",
        "updated_at": "2016-05-25T08:55:36Z",
        "browser_download_url": "https://github.com/fabric8io/gofabric8/releases/download/v0.4.18/gofabric8-0.4.18-windows-amd64.zip"
      }
    ],
    "tarball_url": "https://api.github.com/repos/fabric8io/gofabric8/tarball/v0.4.18",
    "zipball_url": "https://api.github.com/repos/fabric8io/gofabric8/zipball/v0.4.18",
    "body": null
  },
  {
    "url": "https://api.github.com/repos/fabric8io/gofabric8/releases/3278251",
    "assets_url": "https://api.github.com/repos/fabric8io/gofabric8/releases/3278251/assets",
    "upload_url": "https://uploads.github.com/repos/fabric8io/gofabric8/releases/3278251/assets{?name,label}",
    "html_url": "https://github.com/fabric8io/gofabric8/releases/tag/v0.4.17",
    "id": 3278251,
    "tag_name": "v0.4.17",
    "target_commitish": "master",
    "name": "0.4.17",
    "draft": false,
    "author": {
      "login": "jstrachan",
      "id": 30140,
      "avatar_url": "https://avatars.githubusercontent.com/u/30140?v=3",
      "gravatar_id": "",
      "url": "https://api.github.com/users/jstrachan",
      "html_url": "https://github.com/jstrachan",
      "followers_url": "https://api.github.com/users/jstrachan/followers",
      "following_url": "https://api.github.com/users/jstrachan/following{/other_user}",
      "gists_url": "https://api.github.com/users/jstrachan/gists{/gist_id}",
      "starred_url": "https://api.github.com/users/jstrachan/starred{/owner}{/repo}",
      "subscriptions_url": "https://api.github.com/users/jstrachan/subscriptions",
      "organizations_url": "https://api.github.com/users/jstrachan/orgs",
      "repos_url": "https://api.github.com/users/jstrachan/repos",
      "events_url": "https://api.github.com/users/jstrachan/events{/privacy}",
      "received_events_url": "https://api.github.com/users/jstrachan/received_events",
      "type": "User",
      "site_admin": false
    },
    "prerelease": false,
    "created_at": "2016-05-22T10:34:47Z",
    "published_at": "2016-05-22T10:38:51Z",
    "assets": [
      {
        "url": "https://api.github.com/repos/fabric8io/gofabric8/releases/assets/1725928",
        "id": 1725928,
        "name": "gofabric8-0.4.17-darwin-amd64.tar.gz",
        "label": "",
        "uploader": {
          "login": "jstrachan",
          "id": 30140,
          "avatar_url": "https://avatars.githubusercontent.com/u/30140?v=3",
          "gravatar_id": "",
          "url": "https://api.github.com/users/jstrachan",
          "html_url": "https://github.com/jstrachan",
          "followers_url": "https://api.github.com/users/jstrachan/followers",
          "following_url": "https://api.github.com/users/jstrachan/following{/other_user}",
          "gists_url": "https://api.github.com/users/jstrachan/gists{/gist_id}",
          "starred_url": "https://api.github.com/users/jstrachan/starred{/owner}{/repo}",
          "subscriptions_url": "https://api.github.com/users/jstrachan/subscriptions",
          "organizations_url": "https://api.github.com/users/jstrachan/orgs",
          "repos_url": "https://api.github.com/users/jstrachan/repos",
          "events_url": "https://api.github.com/users/jstrachan/events{/privacy}",
          "received_events_url": "https://api.github.com/users/jstrachan/received_events",
          "type": "User",
          "site_admin": false
        },
        "content_type": "application/gzip",
        "state": "uploaded",
        "size": 8768792,
        "download_count": 2,
        "created_at": "2016-05-22T10:38:51Z",
        "updated_at": "2016-05-22T10:38:52Z",
        "browser_download_url": "https://github.com/fabric8io/gofabric8/releases/download/v0.4.17/gofabric8-0.4.17-darwin-amd64.tar.gz"
      },
      {
        "url": "https://api.github.com/repos/fabric8io/gofabric8/releases/assets/1725929",
        "id": 1725929,
        "name": "gofabric8-0.4.17-linux-amd64.tar.gz",
        "label": "",
        "uploader": {
          "login": "jstrachan",
          "id": 30140,
          "avatar_url": "https://avatars.githubusercontent.com/u/30140?v=3",
          "gravatar_id": "",
          "url": "https://api.github.com/users/jstrachan",
          "html_url": "https://github.com/jstrachan",
          "followers_url": "https://api.github.com/users/jstrachan/followers",
          "following_url": "https://api.github.com/users/jstrachan/following{/other_user}",
          "gists_url": "https://api.github.com/users/jstrachan/gists{/gist_id}",
          "starred_url": "https://api.github.com/users/jstrachan/starred{/owner}{/repo}",
          "subscriptions_url": "https://api.github.com/users/jstrachan/subscriptions",
          "organizations_url": "https://api.github.com/users/jstrachan/orgs",
          "repos_url": "https://api.github.com/users/jstrachan/repos",
          "events_url": "https://api.github.com/users/jstrachan/events{/privacy}",
          "received_events_url": "https://api.github.com/users/jstrachan/received_events",
          "type": "User",
          "site_admin": false
        },
        "content_type": "application/gzip",
        "state": "uploaded",
        "size": 8901053,
        "download_count": 35,
        "created_at": "2016-05-22T10:38:53Z",
        "updated_at": "2016-05-22T10:38:54Z",
        "browser_download_url": "https://github.com/fabric8io/gofabric8/releases/download/v0.4.17/gofabric8-0.4.17-linux-amd64.tar.gz"
      },
      {
        "url": "https://api.github.com/repos/fabric8io/gofabric8/releases/assets/1725930",
        "id": 1725930,
        "name": "gofabric8-0.4.17-windows-amd64.zip",
        "label": "",
        "uploader": {
          "login": "jstrachan",
          "id": 30140,
          "avatar_url": "https://avatars.githubusercontent.com/u/30140?v=3",
          "gravatar_id": "",
          "url": "https://api.github.com/users/jstrachan",
          "html_url": "https://github.com/jstrachan",
          "followers_url": "https://api.github.com/users/jstrachan/followers",
          "following_url": "https://api.github.com/users/jstrachan/following{/other_user}",
          "gists_url": "https://api.github.com/users/jstrachan/gists{/gist_id}",
          "starred_url": "https://api.github.com/users/jstrachan/starred{/owner}{/repo}",
          "subscriptions_url": "https://api.github.com/users/jstrachan/subscriptions",
          "organizations_url": "https://api.github.com/users/jstrachan/orgs",
          "repos_url": "https://api.github.com/users/jstrachan/repos",
          "events_url": "https://api.github.com/users/jstrachan/events{/privacy}",
          "received_events_url": "https://api.github.com/users/jstrachan/received_events",
          "type": "User",
          "site_admin": false
        },
        "content_type": "application/zip",
        "state": "uploaded",
        "size": 8825196,
        "download_count": 5,
        "created_at": "2016-05-22T10:38:54Z",
        "updated_at": "2016-05-22T10:38:55Z",
        "browser_download_url": "https://github.com/fabric8io/gofabric8/releases/download/v0.4.17/gofabric8-0.4.17-windows-amd64.zip"
      }
    ],
    "tarball_url": "https://api.github.com/repos/fabric8io/gofabric8/tarball/v0.4.17",
    "zipball_url": "https://api.github.com/repos/fabric8io/gofabric8/zipball/v0.4.17",
    "body": null
  },
  {
    "url": "https://api.github.com/repos/fabric8io/gofabric8/releases/3270958",
    "assets_url": "https://api.github.com/repos/fabric8io/gofabric8/releases/3270958/assets",
    "upload_url": "https://uploads.github.com/repos/fabric8io/gofabric8/releases/3270958/assets{?name,label}",
    "html_url": "https://github.com/fabric8io/gofabric8/releases/tag/v0.4.16",
    "id": 3270958,
    "tag_name": "v0.4.16",
    "target_commitish": "master",
    "name": "0.4.16",
    "draft": false,
    "author": {
      "login": "jstrachan",
      "id": 30140,
      "avatar_url": "https://avatars.githubusercontent.com/u/30140?v=3",
      "gravatar_id": "",
      "url": "https://api.github.com/users/jstrachan",
      "html_url": "https://github.com/jstrachan",
      "followers_url": "https://api.github.com/users/jstrachan/followers",
      "following_url": "https://api.github.com/users/jstrachan/following{/other_user}",
      "gists_url": "https://api.github.com/users/jstrachan/gists{/gist_id}",
      "starred_url": "https://api.github.com/users/jstrachan/starred{/owner}{/repo}",
      "subscriptions_url": "https://api.github.com/users/jstrachan/subscriptions",
      "organizations_url": "https://api.github.com/users/jstrachan/orgs",
      "repos_url": "https://api.github.com/users/jstrachan/repos",
      "events_url": "https://api.github.com/users/jstrachan/events{/privacy}",
      "received_events_url": "https://api.github.com/users/jstrachan/received_events",
      "type": "User",
      "site_admin": false
    },
    "prerelease": false,
    "created_at": "2016-05-20T14:28:41Z",
    "published_at": "2016-05-20T14:32:31Z",
    "assets": [
      {
        "url": "https://api.github.com/repos/fabric8io/gofabric8/releases/assets/1719439",
        "id": 1719439,
        "name": "gofabric8-0.4.16-darwin-amd64.tar.gz",
        "label": "",
        "uploader": {
          "login": "jstrachan",
          "id": 30140,
          "avatar_url": "https://avatars.githubusercontent.com/u/30140?v=3",
          "gravatar_id": "",
          "url": "https://api.github.com/users/jstrachan",
          "html_url": "https://github.com/jstrachan",
          "followers_url": "https://api.github.com/users/jstrachan/followers",
          "following_url": "https://api.github.com/users/jstrachan/following{/other_user}",
          "gists_url": "https://api.github.com/users/jstrachan/gists{/gist_id}",
          "starred_url": "https://api.github.com/users/jstrachan/starred{/owner}{/repo}",
          "subscriptions_url": "https://api.github.com/users/jstrachan/subscriptions",
          "organizations_url": "https://api.github.com/users/jstrachan/orgs",
          "repos_url": "https://api.github.com/users/jstrachan/repos",
          "events_url": "https://api.github.com/users/jstrachan/events{/privacy}",
          "received_events_url": "https://api.github.com/users/jstrachan/received_events",
          "type": "User",
          "site_admin": false
        },
        "content_type": "application/gzip",
        "state": "uploaded",
        "size": 8764884,
        "download_count": 1,
        "created_at": "2016-05-20T14:32:32Z",
        "updated_at": "2016-05-20T14:32:33Z",
        "browser_download_url": "https://github.com/fabric8io/gofabric8/releases/download/v0.4.16/gofabric8-0.4.16-darwin-amd64.tar.gz"
      },
      {
        "url": "https://api.github.com/repos/fabric8io/gofabric8/releases/assets/1719440",
        "id": 1719440,
        "name": "gofabric8-0.4.16-linux-amd64.tar.gz",
        "label": "",
        "uploader": {
          "login": "jstrachan",
          "id": 30140,
          "avatar_url": "https://avatars.githubusercontent.com/u/30140?v=3",
          "gravatar_id": "",
          "url": "https://api.github.com/users/jstrachan",
          "html_url": "https://github.com/jstrachan",
          "followers_url": "https://api.github.com/users/jstrachan/followers",
          "following_url": "https://api.github.com/users/jstrachan/following{/other_user}",
          "gists_url": "https://api.github.com/users/jstrachan/gists{/gist_id}",
          "starred_url": "https://api.github.com/users/jstrachan/starred{/owner}{/repo}",
          "subscriptions_url": "https://api.github.com/users/jstrachan/subscriptions",
          "organizations_url": "https://api.github.com/users/jstrachan/orgs",
          "repos_url": "https://api.github.com/users/jstrachan/repos",
          "events_url": "https://api.github.com/users/jstrachan/events{/privacy}",
          "received_events_url": "https://api.github.com/users/jstrachan/received_events",
          "type": "User",
          "site_admin": false
        },
        "content_type": "application/gzip",
        "state": "uploaded",
        "size": 8899314,
        "download_count": 8,
        "created_at": "2016-05-20T14:32:34Z",
        "updated_at": "2016-05-20T14:32:36Z",
        "browser_download_url": "https://github.com/fabric8io/gofabric8/releases/download/v0.4.16/gofabric8-0.4.16-linux-amd64.tar.gz"
      },
      {
        "url": "https://api.github.com/repos/fabric8io/gofabric8/releases/assets/1719441",
        "id": 1719441,
        "name": "gofabric8-0.4.16-windows-amd64.zip",
        "label": "",
        "uploader": {
          "login": "jstrachan",
          "id": 30140,
          "avatar_url": "https://avatars.githubusercontent.com/u/30140?v=3",
          "gravatar_id": "",
          "url": "https://api.github.com/users/jstrachan",
          "html_url": "https://github.com/jstrachan",
          "followers_url": "https://api.github.com/users/jstrachan/followers",
          "following_url": "https://api.github.com/users/jstrachan/following{/other_user}",
          "gists_url": "https://api.github.com/users/jstrachan/gists{/gist_id}",
          "starred_url": "https://api.github.com/users/jstrachan/starred{/owner}{/repo}",
          "subscriptions_url": "https://api.github.com/users/jstrachan/subscriptions",
          "organizations_url": "https://api.github.com/users/jstrachan/orgs",
          "repos_url": "https://api.github.com/users/jstrachan/repos",
          "events_url": "https://api.github.com/users/jstrachan/events{/privacy}",
          "received_events_url": "https://api.github.com/users/jstrachan/received_events",
          "type": "User",
          "site_admin": false
        },
        "content_type": "application/zip",
        "state": "uploaded",
        "size": 8823093,
        "download_count": 0,
        "created_at": "2016-05-20T14:32:37Z",
        "updated_at": "2016-05-20T14:32:38Z",
        "browser_download_url": "https://github.com/fabric8io/gofabric8/releases/download/v0.4.16/gofabric8-0.4.16-windows-amd64.zip"
      }
    ],
    "tarball_url": "https://api.github.com/repos/fabric8io/gofabric8/tarball/v0.4.16",
    "zipball_url": "https://api.github.com/repos/fabric8io/gofabric8/zipball/v0.4.16",
    "body": null
  },
  {
    "url": "https://api.github.com/repos/fabric8io/gofabric8/releases/3249781",
    "assets_url": "https://api.github.com/repos/fabric8io/gofabric8/releases/3249781/assets",
    "upload_url": "https://uploads.github.com/repos/fabric8io/gofabric8/releases/3249781/assets{?name,label}",
    "html_url": "https://github.com/fabric8io/gofabric8/releases/tag/v0.4.15",
    "id": 3249781,
    "tag_name": "v0.4.15",
    "target_commitish": "master",
    "name": "0.4.15",
    "draft": false,
    "author": {
      "login": "jstrachan",
      "id": 30140,
      "avatar_url": "https://avatars.githubusercontent.com/u/30140?v=3",
      "gravatar_id": "",
      "url": "https://api.github.com/users/jstrachan",
      "html_url": "https://github.com/jstrachan",
      "followers_url": "https://api.github.com/users/jstrachan/followers",
      "following_url": "https://api.github.com/users/jstrachan/following{/other_user}",
      "gists_url": "https://api.github.com/users/jstrachan/gists{/gist_id}",
      "starred_url": "https://api.github.com/users/jstrachan/starred{/owner}{/repo}",
      "subscriptions_url": "https://api.github.com/users/jstrachan/subscriptions",
      "organizations_url": "https://api.github.com/users/jstrachan/orgs",
      "repos_url": "https://api.github.com/users/jstrachan/repos",
      "events_url": "https://api.github.com/users/jstrachan/events{/privacy}",
      "received_events_url": "https://api.github.com/users/jstrachan/received_events",
      "type": "User",
      "site_admin": false
    },
    "prerelease": false,
    "created_at": "2016-05-18T09:31:39Z",
    "published_at": "2016-05-18T09:35:02Z",
    "assets": [
      {
        "url": "https://api.github.com/repos/fabric8io/gofabric8/releases/assets/1701338",
        "id": 1701338,
        "name": "gofabric8-0.4.15-darwin-amd64.tar.gz",
        "label": "",
        "uploader": {
          "login": "jstrachan",
          "id": 30140,
          "avatar_url": "https://avatars.githubusercontent.com/u/30140?v=3",
          "gravatar_id": "",
          "url": "https://api.github.com/users/jstrachan",
          "html_url": "https://github.com/jstrachan",
          "followers_url": "https://api.github.com/users/jstrachan/followers",
          "following_url": "https://api.github.com/users/jstrachan/following{/other_user}",
          "gists_url": "https://api.github.com/users/jstrachan/gists{/gist_id}",
          "starred_url": "https://api.github.com/users/jstrachan/starred{/owner}{/repo}",
          "subscriptions_url": "https://api.github.com/users/jstrachan/subscriptions",
          "organizations_url": "https://api.github.com/users/jstrachan/orgs",
          "repos_url": "https://api.github.com/users/jstrachan/repos",
          "events_url": "https://api.github.com/users/jstrachan/events{/privacy}",
          "received_events_url": "https://api.github.com/users/jstrachan/received_events",
          "type": "User",
          "site_admin": false
        },
        "content_type": "application/gzip",
        "state": "uploaded",
        "size": 8760674,
        "download_count": 2,
        "created_at": "2016-05-18T09:35:03Z",
        "updated_at": "2016-05-18T09:35:04Z",
        "browser_download_url": "https://github.com/fabric8io/gofabric8/releases/download/v0.4.15/gofabric8-0.4.15-darwin-amd64.tar.gz"
      },
      {
        "url": "https://api.github.com/repos/fabric8io/gofabric8/releases/assets/1701339",
        "id": 1701339,
        "name": "gofabric8-0.4.15-linux-amd64.tar.gz",
        "label": "",
        "uploader": {
          "login": "jstrachan",
          "id": 30140,
          "avatar_url": "https://avatars.githubusercontent.com/u/30140?v=3",
          "gravatar_id": "",
          "url": "https://api.github.com/users/jstrachan",
          "html_url": "https://github.com/jstrachan",
          "followers_url": "https://api.github.com/users/jstrachan/followers",
          "following_url": "https://api.github.com/users/jstrachan/following{/other_user}",
          "gists_url": "https://api.github.com/users/jstrachan/gists{/gist_id}",
          "starred_url": "https://api.github.com/users/jstrachan/starred{/owner}{/repo}",
          "subscriptions_url": "https://api.github.com/users/jstrachan/subscriptions",
          "organizations_url": "https://api.github.com/users/jstrachan/orgs",
          "repos_url": "https://api.github.com/users/jstrachan/repos",
          "events_url": "https://api.github.com/users/jstrachan/events{/privacy}",
          "received_events_url": "https://api.github.com/users/jstrachan/received_events",
          "type": "User",
          "site_admin": false
        },
        "content_type": "application/gzip",
        "state": "uploaded",
        "size": 8892721,
        "download_count": 33,
        "created_at": "2016-05-18T09:35:04Z",
        "updated_at": "2016-05-18T09:35:05Z",
        "browser_download_url": "https://github.com/fabric8io/gofabric8/releases/download/v0.4.15/gofabric8-0.4.15-linux-amd64.tar.gz"
      },
      {
        "url": "https://api.github.com/repos/fabric8io/gofabric8/releases/assets/1701340",
        "id": 1701340,
        "name": "gofabric8-0.4.15-windows-amd64.zip",
        "label": "",
        "uploader": {
          "login": "jstrachan",
          "id": 30140,
          "avatar_url": "https://avatars.githubusercontent.com/u/30140?v=3",
          "gravatar_id": "",
          "url": "https://api.github.com/users/jstrachan",
          "html_url": "https://github.com/jstrachan",
          "followers_url": "https://api.github.com/users/jstrachan/followers",
          "following_url": "https://api.github.com/users/jstrachan/following{/other_user}",
          "gists_url": "https://api.github.com/users/jstrachan/gists{/gist_id}",
          "starred_url": "https://api.github.com/users/jstrachan/starred{/owner}{/repo}",
          "subscriptions_url": "https://api.github.com/users/jstrachan/subscriptions",
          "organizations_url": "https://api.github.com/users/jstrachan/orgs",
          "repos_url": "https://api.github.com/users/jstrachan/repos",
          "events_url": "https://api.github.com/users/jstrachan/events{/privacy}",
          "received_events_url": "https://api.github.com/users/jstrachan/received_events",
          "type": "User",
          "site_admin": false
        },
        "content_type": "application/zip",
        "state": "uploaded",
        "size": 8814241,
        "download_count": 1,
        "created_at": "2016-05-18T09:35:06Z",
        "updated_at": "2016-05-18T09:35:08Z",
        "browser_download_url": "https://github.com/fabric8io/gofabric8/releases/download/v0.4.15/gofabric8-0.4.15-windows-amd64.zip"
      }
    ],
    "tarball_url": "https://api.github.com/repos/fabric8io/gofabric8/tarball/v0.4.15",
    "zipball_url": "https://api.github.com/repos/fabric8io/gofabric8/zipball/v0.4.15",
    "body": null
  },
  {
    "url": "https://api.github.com/repos/fabric8io/gofabric8/releases/3249586",
    "assets_url": "https://api.github.com/repos/fabric8io/gofabric8/releases/3249586/assets",
    "upload_url": "https://uploads.github.com/repos/fabric8io/gofabric8/releases/3249586/assets{?name,label}",
    "html_url": "https://github.com/fabric8io/gofabric8/releases/tag/v0.4.14",
    "id": 3249586,
    "tag_name": "v0.4.14",
    "target_commitish": "master",
    "name": "0.4.14",
    "draft": false,
    "author": {
      "login": "jstrachan",
      "id": 30140,
      "avatar_url": "https://avatars.githubusercontent.com/u/30140?v=3",
      "gravatar_id": "",
      "url": "https://api.github.com/users/jstrachan",
      "html_url": "https://github.com/jstrachan",
      "followers_url": "https://api.github.com/users/jstrachan/followers",
      "following_url": "https://api.github.com/users/jstrachan/following{/other_user}",
      "gists_url": "https://api.github.com/users/jstrachan/gists{/gist_id}",
      "starred_url": "https://api.github.com/users/jstrachan/starred{/owner}{/repo}",
      "subscriptions_url": "https://api.github.com/users/jstrachan/subscriptions",
      "organizations_url": "https://api.github.com/users/jstrachan/orgs",
      "repos_url": "https://api.github.com/users/jstrachan/repos",
      "events_url": "https://api.github.com/users/jstrachan/events{/privacy}",
      "received_events_url": "https://api.github.com/users/jstrachan/received_events",
      "type": "User",
      "site_admin": false
    },
    "prerelease": false,
    "created_at": "2016-05-18T09:11:37Z",
    "published_at": "2016-05-18T09:15:43Z",
    "assets": [
      {
        "url": "https://api.github.com/repos/fabric8io/gofabric8/releases/assets/1701212",
        "id": 1701212,
        "name": "gofabric8-0.4.14-darwin-amd64.tar.gz",
        "label": "",
        "uploader": {
          "login": "jstrachan",
          "id": 30140,
          "avatar_url": "https://avatars.githubusercontent.com/u/30140?v=3",
          "gravatar_id": "",
          "url": "https://api.github.com/users/jstrachan",
          "html_url": "https://github.com/jstrachan",
          "followers_url": "https://api.github.com/users/jstrachan/followers",
          "following_url": "https://api.github.com/users/jstrachan/following{/other_user}",
          "gists_url": "https://api.github.com/users/jstrachan/gists{/gist_id}",
          "starred_url": "https://api.github.com/users/jstrachan/starred{/owner}{/repo}",
          "subscriptions_url": "https://api.github.com/users/jstrachan/subscriptions",
          "organizations_url": "https://api.github.com/users/jstrachan/orgs",
          "repos_url": "https://api.github.com/users/jstrachan/repos",
          "events_url": "https://api.github.com/users/jstrachan/events{/privacy}",
          "received_events_url": "https://api.github.com/users/jstrachan/received_events",
          "type": "User",
          "site_admin": false
        },
        "content_type": "application/gzip",
        "state": "uploaded",
        "size": 8761024,
        "download_count": 1,
        "created_at": "2016-05-18T09:15:43Z",
        "updated_at": "2016-05-18T09:15:45Z",
        "browser_download_url": "https://github.com/fabric8io/gofabric8/releases/download/v0.4.14/gofabric8-0.4.14-darwin-amd64.tar.gz"
      },
      {
        "url": "https://api.github.com/repos/fabric8io/gofabric8/releases/assets/1701213",
        "id": 1701213,
        "name": "gofabric8-0.4.14-linux-amd64.tar.gz",
        "label": "",
        "uploader": {
          "login": "jstrachan",
          "id": 30140,
          "avatar_url": "https://avatars.githubusercontent.com/u/30140?v=3",
          "gravatar_id": "",
          "url": "https://api.github.com/users/jstrachan",
          "html_url": "https://github.com/jstrachan",
          "followers_url": "https://api.github.com/users/jstrachan/followers",
          "following_url": "https://api.github.com/users/jstrachan/following{/other_user}",
          "gists_url": "https://api.github.com/users/jstrachan/gists{/gist_id}",
          "starred_url": "https://api.github.com/users/jstrachan/starred{/owner}{/repo}",
          "subscriptions_url": "https://api.github.com/users/jstrachan/subscriptions",
          "organizations_url": "https://api.github.com/users/jstrachan/orgs",
          "repos_url": "https://api.github.com/users/jstrachan/repos",
          "events_url": "https://api.github.com/users/jstrachan/events{/privacy}",
          "received_events_url": "https://api.github.com/users/jstrachan/received_events",
          "type": "User",
          "site_admin": false
        },
        "content_type": "application/gzip",
        "state": "uploaded",
        "size": 8894376,
        "download_count": 3,
        "created_at": "2016-05-18T09:15:45Z",
        "updated_at": "2016-05-18T09:15:46Z",
        "browser_download_url": "https://github.com/fabric8io/gofabric8/releases/download/v0.4.14/gofabric8-0.4.14-linux-amd64.tar.gz"
      },
      {
        "url": "https://api.github.com/repos/fabric8io/gofabric8/releases/assets/1701214",
        "id": 1701214,
        "name": "gofabric8-0.4.14-windows-amd64.zip",
        "label": "",
        "uploader": {
          "login": "jstrachan",
          "id": 30140,
          "avatar_url": "https://avatars.githubusercontent.com/u/30140?v=3",
          "gravatar_id": "",
          "url": "https://api.github.com/users/jstrachan",
          "html_url": "https://github.com/jstrachan",
          "followers_url": "https://api.github.com/users/jstrachan/followers",
          "following_url": "https://api.github.com/users/jstrachan/following{/other_user}",
          "gists_url": "https://api.github.com/users/jstrachan/gists{/gist_id}",
          "starred_url": "https://api.github.com/users/jstrachan/starred{/owner}{/repo}",
          "subscriptions_url": "https://api.github.com/users/jstrachan/subscriptions",
          "organizations_url": "https://api.github.com/users/jstrachan/orgs",
          "repos_url": "https://api.github.com/users/jstrachan/repos",
          "events_url": "https://api.github.com/users/jstrachan/events{/privacy}",
          "received_events_url": "https://api.github.com/users/jstrachan/received_events",
          "type": "User",
          "site_admin": false
        },
        "content_type": "application/zip",
        "state": "uploaded",
        "size": 8814462,
        "download_count": 0,
        "created_at": "2016-05-18T09:15:47Z",
        "updated_at": "2016-05-18T09:15:48Z",
        "browser_download_url": "https://github.com/fabric8io/gofabric8/releases/download/v0.4.14/gofabric8-0.4.14-windows-amd64.zip"
      }
    ],
    "tarball_url": "https://api.github.com/repos/fabric8io/gofabric8/tarball/v0.4.14",
    "zipball_url": "https://api.github.com/repos/fabric8io/gofabric8/zipball/v0.4.14",
    "body": null
  },
  {
    "url": "https://api.github.com/repos/fabric8io/gofabric8/releases/3232239",
    "assets_url": "https://api.github.com/repos/fabric8io/gofabric8/releases/3232239/assets",
    "upload_url": "https://uploads.github.com/repos/fabric8io/gofabric8/releases/3232239/assets{?name,label}",
    "html_url": "https://github.com/fabric8io/gofabric8/releases/tag/v0.4.13",
    "id": 3232239,
    "tag_name": "v0.4.13",
    "target_commitish": "master",
    "name": "0.4.13",
    "draft": false,
    "author": {
      "login": "jstrachan",
      "id": 30140,
      "avatar_url": "https://avatars.githubusercontent.com/u/30140?v=3",
      "gravatar_id": "",
      "url": "https://api.github.com/users/jstrachan",
      "html_url": "https://github.com/jstrachan",
      "followers_url": "https://api.github.com/users/jstrachan/followers",
      "following_url": "https://api.github.com/users/jstrachan/following{/other_user}",
      "gists_url": "https://api.github.com/users/jstrachan/gists{/gist_id}",
      "starred_url": "https://api.github.com/users/jstrachan/starred{/owner}{/repo}",
      "subscriptions_url": "https://api.github.com/users/jstrachan/subscriptions",
      "organizations_url": "https://api.github.com/users/jstrachan/orgs",
      "repos_url": "https://api.github.com/users/jstrachan/repos",
      "events_url": "https://api.github.com/users/jstrachan/events{/privacy}",
      "received_events_url": "https://api.github.com/users/jstrachan/received_events",
      "type": "User",
      "site_admin": false
    },
    "prerelease": false,
    "created_at": "2016-05-16T09:38:45Z",
    "published_at": "2016-05-16T09:42:37Z",
    "assets": [
      {
        "url": "https://api.github.com/repos/fabric8io/gofabric8/releases/assets/1689882",
        "id": 1689882,
        "name": "gofabric8-0.4.13-darwin-amd64.tar.gz",
        "label": "",
        "uploader": {
          "login": "jstrachan",
          "id": 30140,
          "avatar_url": "https://avatars.githubusercontent.com/u/30140?v=3",
          "gravatar_id": "",
          "url": "https://api.github.com/users/jstrachan",
          "html_url": "https://github.com/jstrachan",
          "followers_url": "https://api.github.com/users/jstrachan/followers",
          "following_url": "https://api.github.com/users/jstrachan/following{/other_user}",
          "gists_url": "https://api.github.com/users/jstrachan/gists{/gist_id}",
          "starred_url": "https://api.github.com/users/jstrachan/starred{/owner}{/repo}",
          "subscriptions_url": "https://api.github.com/users/jstrachan/subscriptions",
          "organizations_url": "https://api.github.com/users/jstrachan/orgs",
          "repos_url": "https://api.github.com/users/jstrachan/repos",
          "events_url": "https://api.github.com/users/jstrachan/events{/privacy}",
          "received_events_url": "https://api.github.com/users/jstrachan/received_events",
          "type": "User",
          "site_admin": false
        },
        "content_type": "application/gzip",
        "state": "uploaded",
        "size": 8760397,
        "download_count": 1,
        "created_at": "2016-05-16T09:42:38Z",
        "updated_at": "2016-05-16T09:42:39Z",
        "browser_download_url": "https://github.com/fabric8io/gofabric8/releases/download/v0.4.13/gofabric8-0.4.13-darwin-amd64.tar.gz"
      },
      {
        "url": "https://api.github.com/repos/fabric8io/gofabric8/releases/assets/1689883",
        "id": 1689883,
        "name": "gofabric8-0.4.13-linux-amd64.tar.gz",
        "label": "",
        "uploader": {
          "login": "jstrachan",
          "id": 30140,
          "avatar_url": "https://avatars.githubusercontent.com/u/30140?v=3",
          "gravatar_id": "",
          "url": "https://api.github.com/users/jstrachan",
          "html_url": "https://github.com/jstrachan",
          "followers_url": "https://api.github.com/users/jstrachan/followers",
          "following_url": "https://api.github.com/users/jstrachan/following{/other_user}",
          "gists_url": "https://api.github.com/users/jstrachan/gists{/gist_id}",
          "starred_url": "https://api.github.com/users/jstrachan/starred{/owner}{/repo}",
          "subscriptions_url": "https://api.github.com/users/jstrachan/subscriptions",
          "organizations_url": "https://api.github.com/users/jstrachan/orgs",
          "repos_url": "https://api.github.com/users/jstrachan/repos",
          "events_url": "https://api.github.com/users/jstrachan/events{/privacy}",
          "received_events_url": "https://api.github.com/users/jstrachan/received_events",
          "type": "User",
          "site_admin": false
        },
        "content_type": "application/gzip",
        "state": "uploaded",
        "size": 8891316,
        "download_count": 255,
        "created_at": "2016-05-16T09:42:39Z",
        "updated_at": "2016-05-16T09:42:40Z",
        "browser_download_url": "https://github.com/fabric8io/gofabric8/releases/download/v0.4.13/gofabric8-0.4.13-linux-amd64.tar.gz"
      },
      {
        "url": "https://api.github.com/repos/fabric8io/gofabric8/releases/assets/1689884",
        "id": 1689884,
        "name": "gofabric8-0.4.13-windows-amd64.zip",
        "label": "",
        "uploader": {
          "login": "jstrachan",
          "id": 30140,
          "avatar_url": "https://avatars.githubusercontent.com/u/30140?v=3",
          "gravatar_id": "",
          "url": "https://api.github.com/users/jstrachan",
          "html_url": "https://github.com/jstrachan",
          "followers_url": "https://api.github.com/users/jstrachan/followers",
          "following_url": "https://api.github.com/users/jstrachan/following{/other_user}",
          "gists_url": "https://api.github.com/users/jstrachan/gists{/gist_id}",
          "starred_url": "https://api.github.com/users/jstrachan/starred{/owner}{/repo}",
          "subscriptions_url": "https://api.github.com/users/jstrachan/subscriptions",
          "organizations_url": "https://api.github.com/users/jstrachan/orgs",
          "repos_url": "https://api.github.com/users/jstrachan/repos",
          "events_url": "https://api.github.com/users/jstrachan/events{/privacy}",
          "received_events_url": "https://api.github.com/users/jstrachan/received_events",
          "type": "User",
          "site_admin": false
        },
        "content_type": "application/zip",
        "state": "uploaded",
        "size": 8816390,
        "download_count": 1,
        "created_at": "2016-05-16T09:42:41Z",
        "updated_at": "2016-05-16T09:42:42Z",
        "browser_download_url": "https://github.com/fabric8io/gofabric8/releases/download/v0.4.13/gofabric8-0.4.13-windows-amd64.zip"
      }
    ],
    "tarball_url": "https://api.github.com/repos/fabric8io/gofabric8/tarball/v0.4.13",
    "zipball_url": "https://api.github.com/repos/fabric8io/gofabric8/zipball/v0.4.13",
    "body": null
  },
  {
    "url": "https://api.github.com/repos/fabric8io/gofabric8/releases/3201272",
    "assets_url": "https://api.github.com/repos/fabric8io/gofabric8/releases/3201272/assets",
    "upload_url": "https://uploads.github.com/repos/fabric8io/gofabric8/releases/3201272/assets{?name,label}",
    "html_url": "https://github.com/fabric8io/gofabric8/releases/tag/v0.4.12",
    "id": 3201272,
    "tag_name": "v0.4.12",
    "target_commitish": "master",
    "name": "0.4.12",
    "draft": false,
    "author": {
      "login": "jstrachan",
      "id": 30140,
      "avatar_url": "https://avatars.githubusercontent.com/u/30140?v=3",
      "gravatar_id": "",
      "url": "https://api.github.com/users/jstrachan",
      "html_url": "https://github.com/jstrachan",
      "followers_url": "https://api.github.com/users/jstrachan/followers",
      "following_url": "https://api.github.com/users/jstrachan/following{/other_user}",
      "gists_url": "https://api.github.com/users/jstrachan/gists{/gist_id}",
      "starred_url": "https://api.github.com/users/jstrachan/starred{/owner}{/repo}",
      "subscriptions_url": "https://api.github.com/users/jstrachan/subscriptions",
      "organizations_url": "https://api.github.com/users/jstrachan/orgs",
      "repos_url": "https://api.github.com/users/jstrachan/repos",
      "events_url": "https://api.github.com/users/jstrachan/events{/privacy}",
      "received_events_url": "https://api.github.com/users/jstrachan/received_events",
      "type": "User",
      "site_admin": false
    },
    "prerelease": false,
    "created_at": "2016-05-11T10:37:56Z",
    "published_at": "2016-05-11T10:41:52Z",
    "assets": [
      {
        "url": "https://api.github.com/repos/fabric8io/gofabric8/releases/assets/1669577",
        "id": 1669577,
        "name": "gofabric8-0.4.12-darwin-amd64.tar.gz",
        "label": "",
        "uploader": {
          "login": "jstrachan",
          "id": 30140,
          "avatar_url": "https://avatars.githubusercontent.com/u/30140?v=3",
          "gravatar_id": "",
          "url": "https://api.github.com/users/jstrachan",
          "html_url": "https://github.com/jstrachan",
          "followers_url": "https://api.github.com/users/jstrachan/followers",
          "following_url": "https://api.github.com/users/jstrachan/following{/other_user}",
          "gists_url": "https://api.github.com/users/jstrachan/gists{/gist_id}",
          "starred_url": "https://api.github.com/users/jstrachan/starred{/owner}{/repo}",
          "subscriptions_url": "https://api.github.com/users/jstrachan/subscriptions",
          "organizations_url": "https://api.github.com/users/jstrachan/orgs",
          "repos_url": "https://api.github.com/users/jstrachan/repos",
          "events_url": "https://api.github.com/users/jstrachan/events{/privacy}",
          "received_events_url": "https://api.github.com/users/jstrachan/received_events",
          "type": "User",
          "site_admin": false
        },
        "content_type": "application/gzip",
        "state": "uploaded",
        "size": 8762214,
        "download_count": 2,
        "created_at": "2016-05-11T10:41:52Z",
        "updated_at": "2016-05-11T10:41:54Z",
        "browser_download_url": "https://github.com/fabric8io/gofabric8/releases/download/v0.4.12/gofabric8-0.4.12-darwin-amd64.tar.gz"
      },
      {
        "url": "https://api.github.com/repos/fabric8io/gofabric8/releases/assets/1669578",
        "id": 1669578,
        "name": "gofabric8-0.4.12-linux-amd64.tar.gz",
        "label": "",
        "uploader": {
          "login": "jstrachan",
          "id": 30140,
          "avatar_url": "https://avatars.githubusercontent.com/u/30140?v=3",
          "gravatar_id": "",
          "url": "https://api.github.com/users/jstrachan",
          "html_url": "https://github.com/jstrachan",
          "followers_url": "https://api.github.com/users/jstrachan/followers",
          "following_url": "https://api.github.com/users/jstrachan/following{/other_user}",
          "gists_url": "https://api.github.com/users/jstrachan/gists{/gist_id}",
          "starred_url": "https://api.github.com/users/jstrachan/starred{/owner}{/repo}",
          "subscriptions_url": "https://api.github.com/users/jstrachan/subscriptions",
          "organizations_url": "https://api.github.com/users/jstrachan/orgs",
          "repos_url": "https://api.github.com/users/jstrachan/repos",
          "events_url": "https://api.github.com/users/jstrachan/events{/privacy}",
          "received_events_url": "https://api.github.com/users/jstrachan/received_events",
          "type": "User",
          "site_admin": false
        },
        "content_type": "application/gzip",
        "state": "uploaded",
        "size": 8891840,
        "download_count": 117,
        "created_at": "2016-05-11T10:41:54Z",
        "updated_at": "2016-05-11T10:41:55Z",
        "browser_download_url": "https://github.com/fabric8io/gofabric8/releases/download/v0.4.12/gofabric8-0.4.12-linux-amd64.tar.gz"
      },
      {
        "url": "https://api.github.com/repos/fabric8io/gofabric8/releases/assets/1669579",
        "id": 1669579,
        "name": "gofabric8-0.4.12-windows-amd64.zip",
        "label": "",
        "uploader": {
          "login": "jstrachan",
          "id": 30140,
          "avatar_url": "https://avatars.githubusercontent.com/u/30140?v=3",
          "gravatar_id": "",
          "url": "https://api.github.com/users/jstrachan",
          "html_url": "https://github.com/jstrachan",
          "followers_url": "https://api.github.com/users/jstrachan/followers",
          "following_url": "https://api.github.com/users/jstrachan/following{/other_user}",
          "gists_url": "https://api.github.com/users/jstrachan/gists{/gist_id}",
          "starred_url": "https://api.github.com/users/jstrachan/starred{/owner}{/repo}",
          "subscriptions_url": "https://api.github.com/users/jstrachan/subscriptions",
          "organizations_url": "https://api.github.com/users/jstrachan/orgs",
          "repos_url": "https://api.github.com/users/jstrachan/repos",
          "events_url": "https://api.github.com/users/jstrachan/events{/privacy}",
          "received_events_url": "https://api.github.com/users/jstrachan/received_events",
          "type": "User",
          "site_admin": false
        },
        "content_type": "application/zip",
        "state": "uploaded",
        "size": 8813678,
        "download_count": 1,
        "created_at": "2016-05-11T10:41:55Z",
        "updated_at": "2016-05-11T10:41:56Z",
        "browser_download_url": "https://github.com/fabric8io/gofabric8/releases/download/v0.4.12/gofabric8-0.4.12-windows-amd64.zip"
      }
    ],
    "tarball_url": "https://api.github.com/repos/fabric8io/gofabric8/tarball/v0.4.12",
    "zipball_url": "https://api.github.com/repos/fabric8io/gofabric8/zipball/v0.4.12",
    "body": null
  },
  {
    "url": "https://api.github.com/repos/fabric8io/gofabric8/releases/3098408",
    "assets_url": "https://api.github.com/repos/fabric8io/gofabric8/releases/3098408/assets",
    "upload_url": "https://uploads.github.com/repos/fabric8io/gofabric8/releases/3098408/assets{?name,label}",
    "html_url": "https://github.com/fabric8io/gofabric8/releases/tag/v0.4.11",
    "id": 3098408,
    "tag_name": "v0.4.11",
    "target_commitish": "master",
    "name": "0.4.11",
    "draft": false,
    "author": {
      "login": "jstrachan",
      "id": 30140,
      "avatar_url": "https://avatars.githubusercontent.com/u/30140?v=3",
      "gravatar_id": "",
      "url": "https://api.github.com/users/jstrachan",
      "html_url": "https://github.com/jstrachan",
      "followers_url": "https://api.github.com/users/jstrachan/followers",
      "following_url": "https://api.github.com/users/jstrachan/following{/other_user}",
      "gists_url": "https://api.github.com/users/jstrachan/gists{/gist_id}",
      "starred_url": "https://api.github.com/users/jstrachan/starred{/owner}{/repo}",
      "subscriptions_url": "https://api.github.com/users/jstrachan/subscriptions",
      "organizations_url": "https://api.github.com/users/jstrachan/orgs",
      "repos_url": "https://api.github.com/users/jstrachan/repos",
      "events_url": "https://api.github.com/users/jstrachan/events{/privacy}",
      "received_events_url": "https://api.github.com/users/jstrachan/received_events",
      "type": "User",
      "site_admin": false
    },
    "prerelease": false,
    "created_at": "2016-04-26T10:07:27Z",
    "published_at": "2016-04-26T10:11:18Z",
    "assets": [
      {
        "url": "https://api.github.com/repos/fabric8io/gofabric8/releases/assets/1600326",
        "id": 1600326,
        "name": "gofabric8-0.4.11-darwin-amd64.tar.gz",
        "label": "",
        "uploader": {
          "login": "jstrachan",
          "id": 30140,
          "avatar_url": "https://avatars.githubusercontent.com/u/30140?v=3",
          "gravatar_id": "",
          "url": "https://api.github.com/users/jstrachan",
          "html_url": "https://github.com/jstrachan",
          "followers_url": "https://api.github.com/users/jstrachan/followers",
          "following_url": "https://api.github.com/users/jstrachan/following{/other_user}",
          "gists_url": "https://api.github.com/users/jstrachan/gists{/gist_id}",
          "starred_url": "https://api.github.com/users/jstrachan/starred{/owner}{/repo}",
          "subscriptions_url": "https://api.github.com/users/jstrachan/subscriptions",
          "organizations_url": "https://api.github.com/users/jstrachan/orgs",
          "repos_url": "https://api.github.com/users/jstrachan/repos",
          "events_url": "https://api.github.com/users/jstrachan/events{/privacy}",
          "received_events_url": "https://api.github.com/users/jstrachan/received_events",
          "type": "User",
          "site_admin": false
        },
        "content_type": "application/gzip",
        "state": "uploaded",
        "size": 8760610,
        "download_count": 9,
        "created_at": "2016-04-26T10:11:18Z",
        "updated_at": "2016-04-26T10:11:19Z",
        "browser_download_url": "https://github.com/fabric8io/gofabric8/releases/download/v0.4.11/gofabric8-0.4.11-darwin-amd64.tar.gz"
      },
      {
        "url": "https://api.github.com/repos/fabric8io/gofabric8/releases/assets/1600327",
        "id": 1600327,
        "name": "gofabric8-0.4.11-linux-amd64.tar.gz",
        "label": "",
        "uploader": {
          "login": "jstrachan",
          "id": 30140,
          "avatar_url": "https://avatars.githubusercontent.com/u/30140?v=3",
          "gravatar_id": "",
          "url": "https://api.github.com/users/jstrachan",
          "html_url": "https://github.com/jstrachan",
          "followers_url": "https://api.github.com/users/jstrachan/followers",
          "following_url": "https://api.github.com/users/jstrachan/following{/other_user}",
          "gists_url": "https://api.github.com/users/jstrachan/gists{/gist_id}",
          "starred_url": "https://api.github.com/users/jstrachan/starred{/owner}{/repo}",
          "subscriptions_url": "https://api.github.com/users/jstrachan/subscriptions",
          "organizations_url": "https://api.github.com/users/jstrachan/orgs",
          "repos_url": "https://api.github.com/users/jstrachan/repos",
          "events_url": "https://api.github.com/users/jstrachan/events{/privacy}",
          "received_events_url": "https://api.github.com/users/jstrachan/received_events",
          "type": "User",
          "site_admin": false
        },
        "content_type": "application/gzip",
        "state": "uploaded",
        "size": 8890714,
        "download_count": 79,
        "created_at": "2016-04-26T10:11:20Z",
        "updated_at": "2016-04-26T10:11:21Z",
        "browser_download_url": "https://github.com/fabric8io/gofabric8/releases/download/v0.4.11/gofabric8-0.4.11-linux-amd64.tar.gz"
      },
      {
        "url": "https://api.github.com/repos/fabric8io/gofabric8/releases/assets/1600328",
        "id": 1600328,
        "name": "gofabric8-0.4.11-windows-amd64.zip",
        "label": "",
        "uploader": {
          "login": "jstrachan",
          "id": 30140,
          "avatar_url": "https://avatars.githubusercontent.com/u/30140?v=3",
          "gravatar_id": "",
          "url": "https://api.github.com/users/jstrachan",
          "html_url": "https://github.com/jstrachan",
          "followers_url": "https://api.github.com/users/jstrachan/followers",
          "following_url": "https://api.github.com/users/jstrachan/following{/other_user}",
          "gists_url": "https://api.github.com/users/jstrachan/gists{/gist_id}",
          "starred_url": "https://api.github.com/users/jstrachan/starred{/owner}{/repo}",
          "subscriptions_url": "https://api.github.com/users/jstrachan/subscriptions",
          "organizations_url": "https://api.github.com/users/jstrachan/orgs",
          "repos_url": "https://api.github.com/users/jstrachan/repos",
          "events_url": "https://api.github.com/users/jstrachan/events{/privacy}",
          "received_events_url": "https://api.github.com/users/jstrachan/received_events",
          "type": "User",
          "site_admin": false
        },
        "content_type": "application/zip",
        "state": "uploaded",
        "size": 8813000,
        "download_count": 6,
        "created_at": "2016-04-26T10:11:21Z",
        "updated_at": "2016-04-26T10:11:22Z",
        "browser_download_url": "https://github.com/fabric8io/gofabric8/releases/download/v0.4.11/gofabric8-0.4.11-windows-amd64.zip"
      }
    ],
    "tarball_url": "https://api.github.com/repos/fabric8io/gofabric8/tarball/v0.4.11",
    "zipball_url": "https://api.github.com/repos/fabric8io/gofabric8/zipball/v0.4.11",
    "body": null
  },
  {
    "url": "https://api.github.com/repos/fabric8io/gofabric8/releases/3066743",
    "assets_url": "https://api.github.com/repos/fabric8io/gofabric8/releases/3066743/assets",
    "upload_url": "https://uploads.github.com/repos/fabric8io/gofabric8/releases/3066743/assets{?name,label}",
    "html_url": "https://github.com/fabric8io/gofabric8/releases/tag/v0.4.10",
    "id": 3066743,
    "tag_name": "v0.4.10",
    "target_commitish": "master",
    "name": "0.4.10",
    "draft": false,
    "author": {
      "login": "jstrachan",
      "id": 30140,
      "avatar_url": "https://avatars.githubusercontent.com/u/30140?v=3",
      "gravatar_id": "",
      "url": "https://api.github.com/users/jstrachan",
      "html_url": "https://github.com/jstrachan",
      "followers_url": "https://api.github.com/users/jstrachan/followers",
      "following_url": "https://api.github.com/users/jstrachan/following{/other_user}",
      "gists_url": "https://api.github.com/users/jstrachan/gists{/gist_id}",
      "starred_url": "https://api.github.com/users/jstrachan/starred{/owner}{/repo}",
      "subscriptions_url": "https://api.github.com/users/jstrachan/subscriptions",
      "organizations_url": "https://api.github.com/users/jstrachan/orgs",
      "repos_url": "https://api.github.com/users/jstrachan/repos",
      "events_url": "https://api.github.com/users/jstrachan/events{/privacy}",
      "received_events_url": "https://api.github.com/users/jstrachan/received_events",
      "type": "User",
      "site_admin": false
    },
    "prerelease": false,
    "created_at": "2016-04-21T08:13:16Z",
    "published_at": "2016-04-21T08:17:20Z",
    "assets": [
      {
        "url": "https://api.github.com/repos/fabric8io/gofabric8/releases/assets/1579456",
        "id": 1579456,
        "name": "gofabric8-0.4.10-darwin-amd64.tar.gz",
        "label": "",
        "uploader": {
          "login": "jstrachan",
          "id": 30140,
          "avatar_url": "https://avatars.githubusercontent.com/u/30140?v=3",
          "gravatar_id": "",
          "url": "https://api.github.com/users/jstrachan",
          "html_url": "https://github.com/jstrachan",
          "followers_url": "https://api.github.com/users/jstrachan/followers",
          "following_url": "https://api.github.com/users/jstrachan/following{/other_user}",
          "gists_url": "https://api.github.com/users/jstrachan/gists{/gist_id}",
          "starred_url": "https://api.github.com/users/jstrachan/starred{/owner}{/repo}",
          "subscriptions_url": "https://api.github.com/users/jstrachan/subscriptions",
          "organizations_url": "https://api.github.com/users/jstrachan/orgs",
          "repos_url": "https://api.github.com/users/jstrachan/repos",
          "events_url": "https://api.github.com/users/jstrachan/events{/privacy}",
          "received_events_url": "https://api.github.com/users/jstrachan/received_events",
          "type": "User",
          "site_admin": false
        },
        "content_type": "application/gzip",
        "state": "uploaded",
        "size": 8759342,
        "download_count": 4,
        "created_at": "2016-04-21T08:17:20Z",
        "updated_at": "2016-04-21T08:17:22Z",
        "browser_download_url": "https://github.com/fabric8io/gofabric8/releases/download/v0.4.10/gofabric8-0.4.10-darwin-amd64.tar.gz"
      },
      {
        "url": "https://api.github.com/repos/fabric8io/gofabric8/releases/assets/1579457",
        "id": 1579457,
        "name": "gofabric8-0.4.10-linux-amd64.tar.gz",
        "label": "",
        "uploader": {
          "login": "jstrachan",
          "id": 30140,
          "avatar_url": "https://avatars.githubusercontent.com/u/30140?v=3",
          "gravatar_id": "",
          "url": "https://api.github.com/users/jstrachan",
          "html_url": "https://github.com/jstrachan",
          "followers_url": "https://api.github.com/users/jstrachan/followers",
          "following_url": "https://api.github.com/users/jstrachan/following{/other_user}",
          "gists_url": "https://api.github.com/users/jstrachan/gists{/gist_id}",
          "starred_url": "https://api.github.com/users/jstrachan/starred{/owner}{/repo}",
          "subscriptions_url": "https://api.github.com/users/jstrachan/subscriptions",
          "organizations_url": "https://api.github.com/users/jstrachan/orgs",
          "repos_url": "https://api.github.com/users/jstrachan/repos",
          "events_url": "https://api.github.com/users/jstrachan/events{/privacy}",
          "received_events_url": "https://api.github.com/users/jstrachan/received_events",
          "type": "User",
          "site_admin": false
        },
        "content_type": "application/gzip",
        "state": "uploaded",
        "size": 8890761,
        "download_count": 125,
        "created_at": "2016-04-21T08:17:22Z",
        "updated_at": "2016-04-21T08:17:23Z",
        "browser_download_url": "https://github.com/fabric8io/gofabric8/releases/download/v0.4.10/gofabric8-0.4.10-linux-amd64.tar.gz"
      },
      {
        "url": "https://api.github.com/repos/fabric8io/gofabric8/releases/assets/1579458",
        "id": 1579458,
        "name": "gofabric8-0.4.10-windows-amd64.zip",
        "label": "",
        "uploader": {
          "login": "jstrachan",
          "id": 30140,
          "avatar_url": "https://avatars.githubusercontent.com/u/30140?v=3",
          "gravatar_id": "",
          "url": "https://api.github.com/users/jstrachan",
          "html_url": "https://github.com/jstrachan",
          "followers_url": "https://api.github.com/users/jstrachan/followers",
          "following_url": "https://api.github.com/users/jstrachan/following{/other_user}",
          "gists_url": "https://api.github.com/users/jstrachan/gists{/gist_id}",
          "starred_url": "https://api.github.com/users/jstrachan/starred{/owner}{/repo}",
          "subscriptions_url": "https://api.github.com/users/jstrachan/subscriptions",
          "organizations_url": "https://api.github.com/users/jstrachan/orgs",
          "repos_url": "https://api.github.com/users/jstrachan/repos",
          "events_url": "https://api.github.com/users/jstrachan/events{/privacy}",
          "received_events_url": "https://api.github.com/users/jstrachan/received_events",
          "type": "User",
          "site_admin": false
        },
        "content_type": "application/zip",
        "state": "uploaded",
        "size": 8813304,
        "download_count": 1,
        "created_at": "2016-04-21T08:17:23Z",
        "updated_at": "2016-04-21T08:17:25Z",
        "browser_download_url": "https://github.com/fabric8io/gofabric8/releases/download/v0.4.10/gofabric8-0.4.10-windows-amd64.zip"
      }
    ],
    "tarball_url": "https://api.github.com/repos/fabric8io/gofabric8/tarball/v0.4.10",
    "zipball_url": "https://api.github.com/repos/fabric8io/gofabric8/zipball/v0.4.10",
    "body": null
  },
  {
    "url": "https://api.github.com/repos/fabric8io/gofabric8/releases/3027288",
    "assets_url": "https://api.github.com/repos/fabric8io/gofabric8/releases/3027288/assets",
    "upload_url": "https://uploads.github.com/repos/fabric8io/gofabric8/releases/3027288/assets{?name,label}",
    "html_url": "https://github.com/fabric8io/gofabric8/releases/tag/v0.4.9",
    "id": 3027288,
    "tag_name": "v0.4.9",
    "target_commitish": "master",
    "name": "0.4.9",
    "draft": false,
    "author": {
      "login": "jstrachan",
      "id": 30140,
      "avatar_url": "https://avatars.githubusercontent.com/u/30140?v=3",
      "gravatar_id": "",
      "url": "https://api.github.com/users/jstrachan",
      "html_url": "https://github.com/jstrachan",
      "followers_url": "https://api.github.com/users/jstrachan/followers",
      "following_url": "https://api.github.com/users/jstrachan/following{/other_user}",
      "gists_url": "https://api.github.com/users/jstrachan/gists{/gist_id}",
      "starred_url": "https://api.github.com/users/jstrachan/starred{/owner}{/repo}",
      "subscriptions_url": "https://api.github.com/users/jstrachan/subscriptions",
      "organizations_url": "https://api.github.com/users/jstrachan/orgs",
      "repos_url": "https://api.github.com/users/jstrachan/repos",
      "events_url": "https://api.github.com/users/jstrachan/events{/privacy}",
      "received_events_url": "https://api.github.com/users/jstrachan/received_events",
      "type": "User",
      "site_admin": false
    },
    "prerelease": false,
    "created_at": "2016-04-15T11:31:43Z",
    "published_at": "2016-04-15T11:35:38Z",
    "assets": [
      {
        "url": "https://api.github.com/repos/fabric8io/gofabric8/releases/assets/1554713",
        "id": 1554713,
        "name": "gofabric8-0.4.9-darwin-amd64.tar.gz",
        "label": "",
        "uploader": {
          "login": "jstrachan",
          "id": 30140,
          "avatar_url": "https://avatars.githubusercontent.com/u/30140?v=3",
          "gravatar_id": "",
          "url": "https://api.github.com/users/jstrachan",
          "html_url": "https://github.com/jstrachan",
          "followers_url": "https://api.github.com/users/jstrachan/followers",
          "following_url": "https://api.github.com/users/jstrachan/following{/other_user}",
          "gists_url": "https://api.github.com/users/jstrachan/gists{/gist_id}",
          "starred_url": "https://api.github.com/users/jstrachan/starred{/owner}{/repo}",
          "subscriptions_url": "https://api.github.com/users/jstrachan/subscriptions",
          "organizations_url": "https://api.github.com/users/jstrachan/orgs",
          "repos_url": "https://api.github.com/users/jstrachan/repos",
          "events_url": "https://api.github.com/users/jstrachan/events{/privacy}",
          "received_events_url": "https://api.github.com/users/jstrachan/received_events",
          "type": "User",
          "site_admin": false
        },
        "content_type": "application/gzip",
        "state": "uploaded",
        "size": 8760295,
        "download_count": 10,
        "created_at": "2016-04-15T11:35:39Z",
        "updated_at": "2016-04-15T11:35:40Z",
        "browser_download_url": "https://github.com/fabric8io/gofabric8/releases/download/v0.4.9/gofabric8-0.4.9-darwin-amd64.tar.gz"
      },
      {
        "url": "https://api.github.com/repos/fabric8io/gofabric8/releases/assets/1554714",
        "id": 1554714,
        "name": "gofabric8-0.4.9-linux-amd64.tar.gz",
        "label": "",
        "uploader": {
          "login": "jstrachan",
          "id": 30140,
          "avatar_url": "https://avatars.githubusercontent.com/u/30140?v=3",
          "gravatar_id": "",
          "url": "https://api.github.com/users/jstrachan",
          "html_url": "https://github.com/jstrachan",
          "followers_url": "https://api.github.com/users/jstrachan/followers",
          "following_url": "https://api.github.com/users/jstrachan/following{/other_user}",
          "gists_url": "https://api.github.com/users/jstrachan/gists{/gist_id}",
          "starred_url": "https://api.github.com/users/jstrachan/starred{/owner}{/repo}",
          "subscriptions_url": "https://api.github.com/users/jstrachan/subscriptions",
          "organizations_url": "https://api.github.com/users/jstrachan/orgs",
          "repos_url": "https://api.github.com/users/jstrachan/repos",
          "events_url": "https://api.github.com/users/jstrachan/events{/privacy}",
          "received_events_url": "https://api.github.com/users/jstrachan/received_events",
          "type": "User",
          "site_admin": false
        },
        "content_type": "application/gzip",
        "state": "uploaded",
        "size": 8890853,
        "download_count": 148,
        "created_at": "2016-04-15T11:35:40Z",
        "updated_at": "2016-04-15T11:35:42Z",
        "browser_download_url": "https://github.com/fabric8io/gofabric8/releases/download/v0.4.9/gofabric8-0.4.9-linux-amd64.tar.gz"
      },
      {
        "url": "https://api.github.com/repos/fabric8io/gofabric8/releases/assets/1554715",
        "id": 1554715,
        "name": "gofabric8-0.4.9-windows-amd64.zip",
        "label": "",
        "uploader": {
          "login": "jstrachan",
          "id": 30140,
          "avatar_url": "https://avatars.githubusercontent.com/u/30140?v=3",
          "gravatar_id": "",
          "url": "https://api.github.com/users/jstrachan",
          "html_url": "https://github.com/jstrachan",
          "followers_url": "https://api.github.com/users/jstrachan/followers",
          "following_url": "https://api.github.com/users/jstrachan/following{/other_user}",
          "gists_url": "https://api.github.com/users/jstrachan/gists{/gist_id}",
          "starred_url": "https://api.github.com/users/jstrachan/starred{/owner}{/repo}",
          "subscriptions_url": "https://api.github.com/users/jstrachan/subscriptions",
          "organizations_url": "https://api.github.com/users/jstrachan/orgs",
          "repos_url": "https://api.github.com/users/jstrachan/repos",
          "events_url": "https://api.github.com/users/jstrachan/events{/privacy}",
          "received_events_url": "https://api.github.com/users/jstrachan/received_events",
          "type": "User",
          "site_admin": false
        },
        "content_type": "application/zip",
        "state": "uploaded",
        "size": 8812295,
        "download_count": 1,
        "created_at": "2016-04-15T11:35:42Z",
        "updated_at": "2016-04-15T11:35:43Z",
        "browser_download_url": "https://github.com/fabric8io/gofabric8/releases/download/v0.4.9/gofabric8-0.4.9-windows-amd64.zip"
      }
    ],
    "tarball_url": "https://api.github.com/repos/fabric8io/gofabric8/tarball/v0.4.9",
    "zipball_url": "https://api.github.com/repos/fabric8io/gofabric8/zipball/v0.4.9",
    "body": null
  },
  {
    "url": "https://api.github.com/repos/fabric8io/gofabric8/releases/3011835",
    "assets_url": "https://api.github.com/repos/fabric8io/gofabric8/releases/3011835/assets",
    "upload_url": "https://uploads.github.com/repos/fabric8io/gofabric8/releases/3011835/assets{?name,label}",
    "html_url": "https://github.com/fabric8io/gofabric8/releases/tag/v0.4.8",
    "id": 3011835,
    "tag_name": "v0.4.8",
    "target_commitish": "master",
    "name": "0.4.8",
    "draft": false,
    "author": {
      "login": "jstrachan",
      "id": 30140,
      "avatar_url": "https://avatars.githubusercontent.com/u/30140?v=3",
      "gravatar_id": "",
      "url": "https://api.github.com/users/jstrachan",
      "html_url": "https://github.com/jstrachan",
      "followers_url": "https://api.github.com/users/jstrachan/followers",
      "following_url": "https://api.github.com/users/jstrachan/following{/other_user}",
      "gists_url": "https://api.github.com/users/jstrachan/gists{/gist_id}",
      "starred_url": "https://api.github.com/users/jstrachan/starred{/owner}{/repo}",
      "subscriptions_url": "https://api.github.com/users/jstrachan/subscriptions",
      "organizations_url": "https://api.github.com/users/jstrachan/orgs",
      "repos_url": "https://api.github.com/users/jstrachan/repos",
      "events_url": "https://api.github.com/users/jstrachan/events{/privacy}",
      "received_events_url": "https://api.github.com/users/jstrachan/received_events",
      "type": "User",
      "site_admin": false
    },
    "prerelease": false,
    "created_at": "2016-04-13T15:12:57Z",
    "published_at": "2016-04-13T15:16:55Z",
    "assets": [
      {
        "url": "https://api.github.com/repos/fabric8io/gofabric8/releases/assets/1545622",
        "id": 1545622,
        "name": "gofabric8-0.4.8-darwin-amd64.tar.gz",
        "label": "",
        "uploader": {
          "login": "jstrachan",
          "id": 30140,
          "avatar_url": "https://avatars.githubusercontent.com/u/30140?v=3",
          "gravatar_id": "",
          "url": "https://api.github.com/users/jstrachan",
          "html_url": "https://github.com/jstrachan",
          "followers_url": "https://api.github.com/users/jstrachan/followers",
          "following_url": "https://api.github.com/users/jstrachan/following{/other_user}",
          "gists_url": "https://api.github.com/users/jstrachan/gists{/gist_id}",
          "starred_url": "https://api.github.com/users/jstrachan/starred{/owner}{/repo}",
          "subscriptions_url": "https://api.github.com/users/jstrachan/subscriptions",
          "organizations_url": "https://api.github.com/users/jstrachan/orgs",
          "repos_url": "https://api.github.com/users/jstrachan/repos",
          "events_url": "https://api.github.com/users/jstrachan/events{/privacy}",
          "received_events_url": "https://api.github.com/users/jstrachan/received_events",
          "type": "User",
          "site_admin": false
        },
        "content_type": "application/gzip",
        "state": "uploaded",
        "size": 8755691,
        "download_count": 1,
        "created_at": "2016-04-13T15:16:55Z",
        "updated_at": "2016-04-13T15:16:56Z",
        "browser_download_url": "https://github.com/fabric8io/gofabric8/releases/download/v0.4.8/gofabric8-0.4.8-darwin-amd64.tar.gz"
      },
      {
        "url": "https://api.github.com/repos/fabric8io/gofabric8/releases/assets/1545623",
        "id": 1545623,
        "name": "gofabric8-0.4.8-linux-amd64.tar.gz",
        "label": "",
        "uploader": {
          "login": "jstrachan",
          "id": 30140,
          "avatar_url": "https://avatars.githubusercontent.com/u/30140?v=3",
          "gravatar_id": "",
          "url": "https://api.github.com/users/jstrachan",
          "html_url": "https://github.com/jstrachan",
          "followers_url": "https://api.github.com/users/jstrachan/followers",
          "following_url": "https://api.github.com/users/jstrachan/following{/other_user}",
          "gists_url": "https://api.github.com/users/jstrachan/gists{/gist_id}",
          "starred_url": "https://api.github.com/users/jstrachan/starred{/owner}{/repo}",
          "subscriptions_url": "https://api.github.com/users/jstrachan/subscriptions",
          "organizations_url": "https://api.github.com/users/jstrachan/orgs",
          "repos_url": "https://api.github.com/users/jstrachan/repos",
          "events_url": "https://api.github.com/users/jstrachan/events{/privacy}",
          "received_events_url": "https://api.github.com/users/jstrachan/received_events",
          "type": "User",
          "site_admin": false
        },
        "content_type": "application/gzip",
        "state": "uploaded",
        "size": 8886959,
        "download_count": 42,
        "created_at": "2016-04-13T15:16:57Z",
        "updated_at": "2016-04-13T15:16:58Z",
        "browser_download_url": "https://github.com/fabric8io/gofabric8/releases/download/v0.4.8/gofabric8-0.4.8-linux-amd64.tar.gz"
      },
      {
        "url": "https://api.github.com/repos/fabric8io/gofabric8/releases/assets/1545624",
        "id": 1545624,
        "name": "gofabric8-0.4.8-windows-amd64.zip",
        "label": "",
        "uploader": {
          "login": "jstrachan",
          "id": 30140,
          "avatar_url": "https://avatars.githubusercontent.com/u/30140?v=3",
          "gravatar_id": "",
          "url": "https://api.github.com/users/jstrachan",
          "html_url": "https://github.com/jstrachan",
          "followers_url": "https://api.github.com/users/jstrachan/followers",
          "following_url": "https://api.github.com/users/jstrachan/following{/other_user}",
          "gists_url": "https://api.github.com/users/jstrachan/gists{/gist_id}",
          "starred_url": "https://api.github.com/users/jstrachan/starred{/owner}{/repo}",
          "subscriptions_url": "https://api.github.com/users/jstrachan/subscriptions",
          "organizations_url": "https://api.github.com/users/jstrachan/orgs",
          "repos_url": "https://api.github.com/users/jstrachan/repos",
          "events_url": "https://api.github.com/users/jstrachan/events{/privacy}",
          "received_events_url": "https://api.github.com/users/jstrachan/received_events",
          "type": "User",
          "site_admin": false
        },
        "content_type": "application/zip",
        "state": "uploaded",
        "size": 8806811,
        "download_count": 0,
        "created_at": "2016-04-13T15:16:58Z",
        "updated_at": "2016-04-13T15:17:00Z",
        "browser_download_url": "https://github.com/fabric8io/gofabric8/releases/download/v0.4.8/gofabric8-0.4.8-windows-amd64.zip"
      }
    ],
    "tarball_url": "https://api.github.com/repos/fabric8io/gofabric8/tarball/v0.4.8",
    "zipball_url": "https://api.github.com/repos/fabric8io/gofabric8/zipball/v0.4.8",
    "body": null
  },
  {
    "url": "https://api.github.com/repos/fabric8io/gofabric8/releases/2964770",
    "assets_url": "https://api.github.com/repos/fabric8io/gofabric8/releases/2964770/assets",
    "upload_url": "https://uploads.github.com/repos/fabric8io/gofabric8/releases/2964770/assets{?name,label}",
    "html_url": "https://github.com/fabric8io/gofabric8/releases/tag/v0.4.7",
    "id": 2964770,
    "tag_name": "v0.4.7",
    "target_commitish": "master",
    "name": "0.4.7",
    "draft": false,
    "author": {
      "login": "jstrachan",
      "id": 30140,
      "avatar_url": "https://avatars.githubusercontent.com/u/30140?v=3",
      "gravatar_id": "",
      "url": "https://api.github.com/users/jstrachan",
      "html_url": "https://github.com/jstrachan",
      "followers_url": "https://api.github.com/users/jstrachan/followers",
      "following_url": "https://api.github.com/users/jstrachan/following{/other_user}",
      "gists_url": "https://api.github.com/users/jstrachan/gists{/gist_id}",
      "starred_url": "https://api.github.com/users/jstrachan/starred{/owner}{/repo}",
      "subscriptions_url": "https://api.github.com/users/jstrachan/subscriptions",
      "organizations_url": "https://api.github.com/users/jstrachan/orgs",
      "repos_url": "https://api.github.com/users/jstrachan/repos",
      "events_url": "https://api.github.com/users/jstrachan/events{/privacy}",
      "received_events_url": "https://api.github.com/users/jstrachan/received_events",
      "type": "User",
      "site_admin": false
    },
    "prerelease": false,
    "created_at": "2016-04-06T15:27:37Z",
    "published_at": "2016-04-06T15:31:32Z",
    "assets": [
      {
        "url": "https://api.github.com/repos/fabric8io/gofabric8/releases/assets/1517077",
        "id": 1517077,
        "name": "gofabric8-0.4.7-darwin-amd64.tar.gz",
        "label": "",
        "uploader": {
          "login": "jstrachan",
          "id": 30140,
          "avatar_url": "https://avatars.githubusercontent.com/u/30140?v=3",
          "gravatar_id": "",
          "url": "https://api.github.com/users/jstrachan",
          "html_url": "https://github.com/jstrachan",
          "followers_url": "https://api.github.com/users/jstrachan/followers",
          "following_url": "https://api.github.com/users/jstrachan/following{/other_user}",
          "gists_url": "https://api.github.com/users/jstrachan/gists{/gist_id}",
          "starred_url": "https://api.github.com/users/jstrachan/starred{/owner}{/repo}",
          "subscriptions_url": "https://api.github.com/users/jstrachan/subscriptions",
          "organizations_url": "https://api.github.com/users/jstrachan/orgs",
          "repos_url": "https://api.github.com/users/jstrachan/repos",
          "events_url": "https://api.github.com/users/jstrachan/events{/privacy}",
          "received_events_url": "https://api.github.com/users/jstrachan/received_events",
          "type": "User",
          "site_admin": false
        },
        "content_type": "application/gzip",
        "state": "uploaded",
        "size": 8758468,
        "download_count": 3,
        "created_at": "2016-04-06T15:31:33Z",
        "updated_at": "2016-04-06T15:31:34Z",
        "browser_download_url": "https://github.com/fabric8io/gofabric8/releases/download/v0.4.7/gofabric8-0.4.7-darwin-amd64.tar.gz"
      },
      {
        "url": "https://api.github.com/repos/fabric8io/gofabric8/releases/assets/1517078",
        "id": 1517078,
        "name": "gofabric8-0.4.7-linux-amd64.tar.gz",
        "label": "",
        "uploader": {
          "login": "jstrachan",
          "id": 30140,
          "avatar_url": "https://avatars.githubusercontent.com/u/30140?v=3",
          "gravatar_id": "",
          "url": "https://api.github.com/users/jstrachan",
          "html_url": "https://github.com/jstrachan",
          "followers_url": "https://api.github.com/users/jstrachan/followers",
          "following_url": "https://api.github.com/users/jstrachan/following{/other_user}",
          "gists_url": "https://api.github.com/users/jstrachan/gists{/gist_id}",
          "starred_url": "https://api.github.com/users/jstrachan/starred{/owner}{/repo}",
          "subscriptions_url": "https://api.github.com/users/jstrachan/subscriptions",
          "organizations_url": "https://api.github.com/users/jstrachan/orgs",
          "repos_url": "https://api.github.com/users/jstrachan/repos",
          "events_url": "https://api.github.com/users/jstrachan/events{/privacy}",
          "received_events_url": "https://api.github.com/users/jstrachan/received_events",
          "type": "User",
          "site_admin": false
        },
        "content_type": "application/gzip",
        "state": "uploaded",
        "size": 8891036,
        "download_count": 701,
        "created_at": "2016-04-06T15:31:34Z",
        "updated_at": "2016-04-06T15:31:35Z",
        "browser_download_url": "https://github.com/fabric8io/gofabric8/releases/download/v0.4.7/gofabric8-0.4.7-linux-amd64.tar.gz"
      },
      {
        "url": "https://api.github.com/repos/fabric8io/gofabric8/releases/assets/1517079",
        "id": 1517079,
        "name": "gofabric8-0.4.7-windows-amd64.zip",
        "label": "",
        "uploader": {
          "login": "jstrachan",
          "id": 30140,
          "avatar_url": "https://avatars.githubusercontent.com/u/30140?v=3",
          "gravatar_id": "",
          "url": "https://api.github.com/users/jstrachan",
          "html_url": "https://github.com/jstrachan",
          "followers_url": "https://api.github.com/users/jstrachan/followers",
          "following_url": "https://api.github.com/users/jstrachan/following{/other_user}",
          "gists_url": "https://api.github.com/users/jstrachan/gists{/gist_id}",
          "starred_url": "https://api.github.com/users/jstrachan/starred{/owner}{/repo}",
          "subscriptions_url": "https://api.github.com/users/jstrachan/subscriptions",
          "organizations_url": "https://api.github.com/users/jstrachan/orgs",
          "repos_url": "https://api.github.com/users/jstrachan/repos",
          "events_url": "https://api.github.com/users/jstrachan/events{/privacy}",
          "received_events_url": "https://api.github.com/users/jstrachan/received_events",
          "type": "User",
          "site_admin": false
        },
        "content_type": "application/zip",
        "state": "uploaded",
        "size": 8811016,
        "download_count": 1,
        "created_at": "2016-04-06T15:31:36Z",
        "updated_at": "2016-04-06T15:31:37Z",
        "browser_download_url": "https://github.com/fabric8io/gofabric8/releases/download/v0.4.7/gofabric8-0.4.7-windows-amd64.zip"
      }
    ],
    "tarball_url": "https://api.github.com/repos/fabric8io/gofabric8/tarball/v0.4.7",
    "zipball_url": "https://api.github.com/repos/fabric8io/gofabric8/zipball/v0.4.7",
    "body": null
  },
  {
    "url": "https://api.github.com/repos/fabric8io/gofabric8/releases/2917104",
    "assets_url": "https://api.github.com/repos/fabric8io/gofabric8/releases/2917104/assets",
    "upload_url": "https://uploads.github.com/repos/fabric8io/gofabric8/releases/2917104/assets{?name,label}",
    "html_url": "https://github.com/fabric8io/gofabric8/releases/tag/v0.4.6",
    "id": 2917104,
    "tag_name": "v0.4.6",
    "target_commitish": "master",
    "name": "0.4.6",
    "draft": false,
    "author": {
      "login": "jstrachan",
      "id": 30140,
      "avatar_url": "https://avatars.githubusercontent.com/u/30140?v=3",
      "gravatar_id": "",
      "url": "https://api.github.com/users/jstrachan",
      "html_url": "https://github.com/jstrachan",
      "followers_url": "https://api.github.com/users/jstrachan/followers",
      "following_url": "https://api.github.com/users/jstrachan/following{/other_user}",
      "gists_url": "https://api.github.com/users/jstrachan/gists{/gist_id}",
      "starred_url": "https://api.github.com/users/jstrachan/starred{/owner}{/repo}",
      "subscriptions_url": "https://api.github.com/users/jstrachan/subscriptions",
      "organizations_url": "https://api.github.com/users/jstrachan/orgs",
      "repos_url": "https://api.github.com/users/jstrachan/repos",
      "events_url": "https://api.github.com/users/jstrachan/events{/privacy}",
      "received_events_url": "https://api.github.com/users/jstrachan/received_events",
      "type": "User",
      "site_admin": false
    },
    "prerelease": false,
    "created_at": "2016-03-30T16:03:04Z",
    "published_at": "2016-03-30T16:06:37Z",
    "assets": [
      {
        "url": "https://api.github.com/repos/fabric8io/gofabric8/releases/assets/1489494",
        "id": 1489494,
        "name": "gofabric8-0.4.6-darwin-amd64.tar.gz",
        "label": "",
        "uploader": {
          "login": "jstrachan",
          "id": 30140,
          "avatar_url": "https://avatars.githubusercontent.com/u/30140?v=3",
          "gravatar_id": "",
          "url": "https://api.github.com/users/jstrachan",
          "html_url": "https://github.com/jstrachan",
          "followers_url": "https://api.github.com/users/jstrachan/followers",
          "following_url": "https://api.github.com/users/jstrachan/following{/other_user}",
          "gists_url": "https://api.github.com/users/jstrachan/gists{/gist_id}",
          "starred_url": "https://api.github.com/users/jstrachan/starred{/owner}{/repo}",
          "subscriptions_url": "https://api.github.com/users/jstrachan/subscriptions",
          "organizations_url": "https://api.github.com/users/jstrachan/orgs",
          "repos_url": "https://api.github.com/users/jstrachan/repos",
          "events_url": "https://api.github.com/users/jstrachan/events{/privacy}",
          "received_events_url": "https://api.github.com/users/jstrachan/received_events",
          "type": "User",
          "site_admin": false
        },
        "content_type": "application/gzip",
        "state": "uploaded",
        "size": 8759364,
        "download_count": 2,
        "created_at": "2016-03-30T16:06:38Z",
        "updated_at": "2016-03-30T16:06:39Z",
        "browser_download_url": "https://github.com/fabric8io/gofabric8/releases/download/v0.4.6/gofabric8-0.4.6-darwin-amd64.tar.gz"
      },
      {
        "url": "https://api.github.com/repos/fabric8io/gofabric8/releases/assets/1489496",
        "id": 1489496,
        "name": "gofabric8-0.4.6-linux-amd64.tar.gz",
        "label": "",
        "uploader": {
          "login": "jstrachan",
          "id": 30140,
          "avatar_url": "https://avatars.githubusercontent.com/u/30140?v=3",
          "gravatar_id": "",
          "url": "https://api.github.com/users/jstrachan",
          "html_url": "https://github.com/jstrachan",
          "followers_url": "https://api.github.com/users/jstrachan/followers",
          "following_url": "https://api.github.com/users/jstrachan/following{/other_user}",
          "gists_url": "https://api.github.com/users/jstrachan/gists{/gist_id}",
          "starred_url": "https://api.github.com/users/jstrachan/starred{/owner}{/repo}",
          "subscriptions_url": "https://api.github.com/users/jstrachan/subscriptions",
          "organizations_url": "https://api.github.com/users/jstrachan/orgs",
          "repos_url": "https://api.github.com/users/jstrachan/repos",
          "events_url": "https://api.github.com/users/jstrachan/events{/privacy}",
          "received_events_url": "https://api.github.com/users/jstrachan/received_events",
          "type": "User",
          "site_admin": false
        },
        "content_type": "application/gzip",
        "state": "uploaded",
        "size": 8889436,
        "download_count": 215,
        "created_at": "2016-03-30T16:06:40Z",
        "updated_at": "2016-03-30T16:06:41Z",
        "browser_download_url": "https://github.com/fabric8io/gofabric8/releases/download/v0.4.6/gofabric8-0.4.6-linux-amd64.tar.gz"
      },
      {
        "url": "https://api.github.com/repos/fabric8io/gofabric8/releases/assets/1489497",
        "id": 1489497,
        "name": "gofabric8-0.4.6-windows-amd64.zip",
        "label": "",
        "uploader": {
          "login": "jstrachan",
          "id": 30140,
          "avatar_url": "https://avatars.githubusercontent.com/u/30140?v=3",
          "gravatar_id": "",
          "url": "https://api.github.com/users/jstrachan",
          "html_url": "https://github.com/jstrachan",
          "followers_url": "https://api.github.com/users/jstrachan/followers",
          "following_url": "https://api.github.com/users/jstrachan/following{/other_user}",
          "gists_url": "https://api.github.com/users/jstrachan/gists{/gist_id}",
          "starred_url": "https://api.github.com/users/jstrachan/starred{/owner}{/repo}",
          "subscriptions_url": "https://api.github.com/users/jstrachan/subscriptions",
          "organizations_url": "https://api.github.com/users/jstrachan/orgs",
          "repos_url": "https://api.github.com/users/jstrachan/repos",
          "events_url": "https://api.github.com/users/jstrachan/events{/privacy}",
          "received_events_url": "https://api.github.com/users/jstrachan/received_events",
          "type": "User",
          "site_admin": false
        },
        "content_type": "application/zip",
        "state": "uploaded",
        "size": 8812288,
        "download_count": 0,
        "created_at": "2016-03-30T16:06:41Z",
        "updated_at": "2016-03-30T16:06:42Z",
        "browser_download_url": "https://github.com/fabric8io/gofabric8/releases/download/v0.4.6/gofabric8-0.4.6-windows-amd64.zip"
      }
    ],
    "tarball_url": "https://api.github.com/repos/fabric8io/gofabric8/tarball/v0.4.6",
    "zipball_url": "https://api.github.com/repos/fabric8io/gofabric8/zipball/v0.4.6",
    "body": null
  },
  {
    "url": "https://api.github.com/repos/fabric8io/gofabric8/releases/2880451",
    "assets_url": "https://api.github.com/repos/fabric8io/gofabric8/releases/2880451/assets",
    "upload_url": "https://uploads.github.com/repos/fabric8io/gofabric8/releases/2880451/assets{?name,label}",
    "html_url": "https://github.com/fabric8io/gofabric8/releases/tag/v0.4.4",
    "id": 2880451,
    "tag_name": "v0.4.4",
    "target_commitish": "master",
    "name": "0.4.4",
    "draft": false,
    "author": {
      "login": "jimmidyson",
      "id": 464659,
      "avatar_url": "https://avatars.githubusercontent.com/u/464659?v=3",
      "gravatar_id": "",
      "url": "https://api.github.com/users/jimmidyson",
      "html_url": "https://github.com/jimmidyson",
      "followers_url": "https://api.github.com/users/jimmidyson/followers",
      "following_url": "https://api.github.com/users/jimmidyson/following{/other_user}",
      "gists_url": "https://api.github.com/users/jimmidyson/gists{/gist_id}",
      "starred_url": "https://api.github.com/users/jimmidyson/starred{/owner}{/repo}",
      "subscriptions_url": "https://api.github.com/users/jimmidyson/subscriptions",
      "organizations_url": "https://api.github.com/users/jimmidyson/orgs",
      "repos_url": "https://api.github.com/users/jimmidyson/repos",
      "events_url": "https://api.github.com/users/jimmidyson/events{/privacy}",
      "received_events_url": "https://api.github.com/users/jimmidyson/received_events",
      "type": "User",
      "site_admin": false
    },
    "prerelease": false,
    "created_at": "2016-03-24T11:44:48Z",
    "published_at": "2016-03-24T11:46:26Z",
    "assets": [
      {
        "url": "https://api.github.com/repos/fabric8io/gofabric8/releases/assets/1466721",
        "id": 1466721,
        "name": "gofabric8-0.4.4-darwin-amd64.tar.gz",
        "label": "",
        "uploader": {
          "login": "jimmidyson",
          "id": 464659,
          "avatar_url": "https://avatars.githubusercontent.com/u/464659?v=3",
          "gravatar_id": "",
          "url": "https://api.github.com/users/jimmidyson",
          "html_url": "https://github.com/jimmidyson",
          "followers_url": "https://api.github.com/users/jimmidyson/followers",
          "following_url": "https://api.github.com/users/jimmidyson/following{/other_user}",
          "gists_url": "https://api.github.com/users/jimmidyson/gists{/gist_id}",
          "starred_url": "https://api.github.com/users/jimmidyson/starred{/owner}{/repo}",
          "subscriptions_url": "https://api.github.com/users/jimmidyson/subscriptions",
          "organizations_url": "https://api.github.com/users/jimmidyson/orgs",
          "repos_url": "https://api.github.com/users/jimmidyson/repos",
          "events_url": "https://api.github.com/users/jimmidyson/events{/privacy}",
          "received_events_url": "https://api.github.com/users/jimmidyson/received_events",
          "type": "User",
          "site_admin": false
        },
        "content_type": "application/gzip",
        "state": "uploaded",
        "size": 8579825,
        "download_count": 4,
        "created_at": "2016-03-24T11:46:26Z",
        "updated_at": "2016-03-24T11:46:33Z",
        "browser_download_url": "https://github.com/fabric8io/gofabric8/releases/download/v0.4.4/gofabric8-0.4.4-darwin-amd64.tar.gz"
      },
      {
        "url": "https://api.github.com/repos/fabric8io/gofabric8/releases/assets/1466722",
        "id": 1466722,
        "name": "gofabric8-0.4.4-linux-amd64.tar.gz",
        "label": "",
        "uploader": {
          "login": "jimmidyson",
          "id": 464659,
          "avatar_url": "https://avatars.githubusercontent.com/u/464659?v=3",
          "gravatar_id": "",
          "url": "https://api.github.com/users/jimmidyson",
          "html_url": "https://github.com/jimmidyson",
          "followers_url": "https://api.github.com/users/jimmidyson/followers",
          "following_url": "https://api.github.com/users/jimmidyson/following{/other_user}",
          "gists_url": "https://api.github.com/users/jimmidyson/gists{/gist_id}",
          "starred_url": "https://api.github.com/users/jimmidyson/starred{/owner}{/repo}",
          "subscriptions_url": "https://api.github.com/users/jimmidyson/subscriptions",
          "organizations_url": "https://api.github.com/users/jimmidyson/orgs",
          "repos_url": "https://api.github.com/users/jimmidyson/repos",
          "events_url": "https://api.github.com/users/jimmidyson/events{/privacy}",
          "received_events_url": "https://api.github.com/users/jimmidyson/received_events",
          "type": "User",
          "site_admin": false
        },
        "content_type": "application/gzip",
        "state": "uploaded",
        "size": 8708080,
        "download_count": 176,
        "created_at": "2016-03-24T11:46:34Z",
        "updated_at": "2016-03-24T11:46:45Z",
        "browser_download_url": "https://github.com/fabric8io/gofabric8/releases/download/v0.4.4/gofabric8-0.4.4-linux-amd64.tar.gz"
      },
      {
        "url": "https://api.github.com/repos/fabric8io/gofabric8/releases/assets/1466723",
        "id": 1466723,
        "name": "gofabric8-0.4.4-windows-amd64.zip",
        "label": "",
        "uploader": {
          "login": "jimmidyson",
          "id": 464659,
          "avatar_url": "https://avatars.githubusercontent.com/u/464659?v=3",
          "gravatar_id": "",
          "url": "https://api.github.com/users/jimmidyson",
          "html_url": "https://github.com/jimmidyson",
          "followers_url": "https://api.github.com/users/jimmidyson/followers",
          "following_url": "https://api.github.com/users/jimmidyson/following{/other_user}",
          "gists_url": "https://api.github.com/users/jimmidyson/gists{/gist_id}",
          "starred_url": "https://api.github.com/users/jimmidyson/starred{/owner}{/repo}",
          "subscriptions_url": "https://api.github.com/users/jimmidyson/subscriptions",
          "organizations_url": "https://api.github.com/users/jimmidyson/orgs",
          "repos_url": "https://api.github.com/users/jimmidyson/repos",
          "events_url": "https://api.github.com/users/jimmidyson/events{/privacy}",
          "received_events_url": "https://api.github.com/users/jimmidyson/received_events",
          "type": "User",
          "site_admin": false
        },
        "content_type": "application/zip",
        "state": "uploaded",
        "size": 8632464,
        "download_count": 1,
        "created_at": "2016-03-24T11:46:45Z",
        "updated_at": "2016-03-24T11:46:53Z",
        "browser_download_url": "https://github.com/fabric8io/gofabric8/releases/download/v0.4.4/gofabric8-0.4.4-windows-amd64.zip"
      }
    ],
    "tarball_url": "https://api.github.com/repos/fabric8io/gofabric8/tarball/v0.4.4",
    "zipball_url": "https://api.github.com/repos/fabric8io/gofabric8/zipball/v0.4.4",
    "body": null
  },
  {
    "url": "https://api.github.com/repos/fabric8io/gofabric8/releases/2833865",
    "assets_url": "https://api.github.com/repos/fabric8io/gofabric8/releases/2833865/assets",
    "upload_url": "https://uploads.github.com/repos/fabric8io/gofabric8/releases/2833865/assets{?name,label}",
    "html_url": "https://github.com/fabric8io/gofabric8/releases/tag/v0.4.3",
    "id": 2833865,
    "tag_name": "v0.4.3",
    "target_commitish": "master",
    "name": "0.4.3",
    "draft": false,
    "author": {
      "login": "jimmidyson",
      "id": 464659,
      "avatar_url": "https://avatars.githubusercontent.com/u/464659?v=3",
      "gravatar_id": "",
      "url": "https://api.github.com/users/jimmidyson",
      "html_url": "https://github.com/jimmidyson",
      "followers_url": "https://api.github.com/users/jimmidyson/followers",
      "following_url": "https://api.github.com/users/jimmidyson/following{/other_user}",
      "gists_url": "https://api.github.com/users/jimmidyson/gists{/gist_id}",
      "starred_url": "https://api.github.com/users/jimmidyson/starred{/owner}{/repo}",
      "subscriptions_url": "https://api.github.com/users/jimmidyson/subscriptions",
      "organizations_url": "https://api.github.com/users/jimmidyson/orgs",
      "repos_url": "https://api.github.com/users/jimmidyson/repos",
      "events_url": "https://api.github.com/users/jimmidyson/events{/privacy}",
      "received_events_url": "https://api.github.com/users/jimmidyson/received_events",
      "type": "User",
      "site_admin": false
    },
    "prerelease": false,
    "created_at": "2016-03-17T17:00:42Z",
    "published_at": "2016-03-17T17:06:47Z",
    "assets": [
      {
        "url": "https://api.github.com/repos/fabric8io/gofabric8/releases/assets/1440786",
        "id": 1440786,
        "name": "gofabric8-0.4.3-darwin-amd64.tar.gz",
        "label": "",
        "uploader": {
          "login": "jimmidyson",
          "id": 464659,
          "avatar_url": "https://avatars.githubusercontent.com/u/464659?v=3",
          "gravatar_id": "",
          "url": "https://api.github.com/users/jimmidyson",
          "html_url": "https://github.com/jimmidyson",
          "followers_url": "https://api.github.com/users/jimmidyson/followers",
          "following_url": "https://api.github.com/users/jimmidyson/following{/other_user}",
          "gists_url": "https://api.github.com/users/jimmidyson/gists{/gist_id}",
          "starred_url": "https://api.github.com/users/jimmidyson/starred{/owner}{/repo}",
          "subscriptions_url": "https://api.github.com/users/jimmidyson/subscriptions",
          "organizations_url": "https://api.github.com/users/jimmidyson/orgs",
          "repos_url": "https://api.github.com/users/jimmidyson/repos",
          "events_url": "https://api.github.com/users/jimmidyson/events{/privacy}",
          "received_events_url": "https://api.github.com/users/jimmidyson/received_events",
          "type": "User",
          "site_admin": false
        },
        "content_type": "application/gzip",
        "state": "uploaded",
        "size": 8579638,
        "download_count": 5,
        "created_at": "2016-03-17T17:06:47Z",
        "updated_at": "2016-03-17T17:06:54Z",
        "browser_download_url": "https://github.com/fabric8io/gofabric8/releases/download/v0.4.3/gofabric8-0.4.3-darwin-amd64.tar.gz"
      },
      {
        "url": "https://api.github.com/repos/fabric8io/gofabric8/releases/assets/1440787",
        "id": 1440787,
        "name": "gofabric8-0.4.3-linux-amd64.tar.gz",
        "label": "",
        "uploader": {
          "login": "jimmidyson",
          "id": 464659,
          "avatar_url": "https://avatars.githubusercontent.com/u/464659?v=3",
          "gravatar_id": "",
          "url": "https://api.github.com/users/jimmidyson",
          "html_url": "https://github.com/jimmidyson",
          "followers_url": "https://api.github.com/users/jimmidyson/followers",
          "following_url": "https://api.github.com/users/jimmidyson/following{/other_user}",
          "gists_url": "https://api.github.com/users/jimmidyson/gists{/gist_id}",
          "starred_url": "https://api.github.com/users/jimmidyson/starred{/owner}{/repo}",
          "subscriptions_url": "https://api.github.com/users/jimmidyson/subscriptions",
          "organizations_url": "https://api.github.com/users/jimmidyson/orgs",
          "repos_url": "https://api.github.com/users/jimmidyson/repos",
          "events_url": "https://api.github.com/users/jimmidyson/events{/privacy}",
          "received_events_url": "https://api.github.com/users/jimmidyson/received_events",
          "type": "User",
          "site_admin": false
        },
        "content_type": "application/gzip",
        "state": "uploaded",
        "size": 8709242,
        "download_count": 230,
        "created_at": "2016-03-17T17:06:55Z",
        "updated_at": "2016-03-17T17:07:01Z",
        "browser_download_url": "https://github.com/fabric8io/gofabric8/releases/download/v0.4.3/gofabric8-0.4.3-linux-amd64.tar.gz"
      },
      {
        "url": "https://api.github.com/repos/fabric8io/gofabric8/releases/assets/1440789",
        "id": 1440789,
        "name": "gofabric8-0.4.3-windows-amd64.zip",
        "label": "",
        "uploader": {
          "login": "jimmidyson",
          "id": 464659,
          "avatar_url": "https://avatars.githubusercontent.com/u/464659?v=3",
          "gravatar_id": "",
          "url": "https://api.github.com/users/jimmidyson",
          "html_url": "https://github.com/jimmidyson",
          "followers_url": "https://api.github.com/users/jimmidyson/followers",
          "following_url": "https://api.github.com/users/jimmidyson/following{/other_user}",
          "gists_url": "https://api.github.com/users/jimmidyson/gists{/gist_id}",
          "starred_url": "https://api.github.com/users/jimmidyson/starred{/owner}{/repo}",
          "subscriptions_url": "https://api.github.com/users/jimmidyson/subscriptions",
          "organizations_url": "https://api.github.com/users/jimmidyson/orgs",
          "repos_url": "https://api.github.com/users/jimmidyson/repos",
          "events_url": "https://api.github.com/users/jimmidyson/events{/privacy}",
          "received_events_url": "https://api.github.com/users/jimmidyson/received_events",
          "type": "User",
          "site_admin": false
        },
        "content_type": "application/zip",
        "state": "uploaded",
        "size": 8633099,
        "download_count": 1,
        "created_at": "2016-03-17T17:07:02Z",
        "updated_at": "2016-03-17T17:07:09Z",
        "browser_download_url": "https://github.com/fabric8io/gofabric8/releases/download/v0.4.3/gofabric8-0.4.3-windows-amd64.zip"
      }
    ],
    "tarball_url": "https://api.github.com/repos/fabric8io/gofabric8/tarball/v0.4.3",
    "zipball_url": "https://api.github.com/repos/fabric8io/gofabric8/zipball/v0.4.3",
    "body": null
  },
  {
    "url": "https://api.github.com/repos/fabric8io/gofabric8/releases/2826827",
    "assets_url": "https://api.github.com/repos/fabric8io/gofabric8/releases/2826827/assets",
    "upload_url": "https://uploads.github.com/repos/fabric8io/gofabric8/releases/2826827/assets{?name,label}",
    "html_url": "https://github.com/fabric8io/gofabric8/releases/tag/v0.4.2",
    "id": 2826827,
    "tag_name": "v0.4.2",
    "target_commitish": "master",
    "name": "0.4.2",
    "draft": false,
    "author": {
      "login": "jimmidyson",
      "id": 464659,
      "avatar_url": "https://avatars.githubusercontent.com/u/464659?v=3",
      "gravatar_id": "",
      "url": "https://api.github.com/users/jimmidyson",
      "html_url": "https://github.com/jimmidyson",
      "followers_url": "https://api.github.com/users/jimmidyson/followers",
      "following_url": "https://api.github.com/users/jimmidyson/following{/other_user}",
      "gists_url": "https://api.github.com/users/jimmidyson/gists{/gist_id}",
      "starred_url": "https://api.github.com/users/jimmidyson/starred{/owner}{/repo}",
      "subscriptions_url": "https://api.github.com/users/jimmidyson/subscriptions",
      "organizations_url": "https://api.github.com/users/jimmidyson/orgs",
      "repos_url": "https://api.github.com/users/jimmidyson/repos",
      "events_url": "https://api.github.com/users/jimmidyson/events{/privacy}",
      "received_events_url": "https://api.github.com/users/jimmidyson/received_events",
      "type": "User",
      "site_admin": false
    },
    "prerelease": false,
    "created_at": "2016-03-16T20:16:12Z",
    "published_at": "2016-03-16T20:17:51Z",
    "assets": [
      {
        "url": "https://api.github.com/repos/fabric8io/gofabric8/releases/assets/1431148",
        "id": 1431148,
        "name": "gofabric8-0.4.2-darwin-amd64.tar.gz",
        "label": "",
        "uploader": {
          "login": "jimmidyson",
          "id": 464659,
          "avatar_url": "https://avatars.githubusercontent.com/u/464659?v=3",
          "gravatar_id": "",
          "url": "https://api.github.com/users/jimmidyson",
          "html_url": "https://github.com/jimmidyson",
          "followers_url": "https://api.github.com/users/jimmidyson/followers",
          "following_url": "https://api.github.com/users/jimmidyson/following{/other_user}",
          "gists_url": "https://api.github.com/users/jimmidyson/gists{/gist_id}",
          "starred_url": "https://api.github.com/users/jimmidyson/starred{/owner}{/repo}",
          "subscriptions_url": "https://api.github.com/users/jimmidyson/subscriptions",
          "organizations_url": "https://api.github.com/users/jimmidyson/orgs",
          "repos_url": "https://api.github.com/users/jimmidyson/repos",
          "events_url": "https://api.github.com/users/jimmidyson/events{/privacy}",
          "received_events_url": "https://api.github.com/users/jimmidyson/received_events",
          "type": "User",
          "site_admin": false
        },
        "content_type": "application/gzip",
        "state": "uploaded",
        "size": 8580892,
        "download_count": 0,
        "created_at": "2016-03-16T20:17:52Z",
        "updated_at": "2016-03-16T20:18:05Z",
        "browser_download_url": "https://github.com/fabric8io/gofabric8/releases/download/v0.4.2/gofabric8-0.4.2-darwin-amd64.tar.gz"
      },
      {
        "url": "https://api.github.com/repos/fabric8io/gofabric8/releases/assets/1431149",
        "id": 1431149,
        "name": "gofabric8-0.4.2-linux-amd64.tar.gz",
        "label": "",
        "uploader": {
          "login": "jimmidyson",
          "id": 464659,
          "avatar_url": "https://avatars.githubusercontent.com/u/464659?v=3",
          "gravatar_id": "",
          "url": "https://api.github.com/users/jimmidyson",
          "html_url": "https://github.com/jimmidyson",
          "followers_url": "https://api.github.com/users/jimmidyson/followers",
          "following_url": "https://api.github.com/users/jimmidyson/following{/other_user}",
          "gists_url": "https://api.github.com/users/jimmidyson/gists{/gist_id}",
          "starred_url": "https://api.github.com/users/jimmidyson/starred{/owner}{/repo}",
          "subscriptions_url": "https://api.github.com/users/jimmidyson/subscriptions",
          "organizations_url": "https://api.github.com/users/jimmidyson/orgs",
          "repos_url": "https://api.github.com/users/jimmidyson/repos",
          "events_url": "https://api.github.com/users/jimmidyson/events{/privacy}",
          "received_events_url": "https://api.github.com/users/jimmidyson/received_events",
          "type": "User",
          "site_admin": false
        },
        "content_type": "application/gzip",
        "state": "uploaded",
        "size": 8710755,
        "download_count": 28,
        "created_at": "2016-03-16T20:18:06Z",
        "updated_at": "2016-03-16T20:18:25Z",
        "browser_download_url": "https://github.com/fabric8io/gofabric8/releases/download/v0.4.2/gofabric8-0.4.2-linux-amd64.tar.gz"
      },
      {
        "url": "https://api.github.com/repos/fabric8io/gofabric8/releases/assets/1431150",
        "id": 1431150,
        "name": "gofabric8-0.4.2-windows-amd64.zip",
        "label": "",
        "uploader": {
          "login": "jimmidyson",
          "id": 464659,
          "avatar_url": "https://avatars.githubusercontent.com/u/464659?v=3",
          "gravatar_id": "",
          "url": "https://api.github.com/users/jimmidyson",
          "html_url": "https://github.com/jimmidyson",
          "followers_url": "https://api.github.com/users/jimmidyson/followers",
          "following_url": "https://api.github.com/users/jimmidyson/following{/other_user}",
          "gists_url": "https://api.github.com/users/jimmidyson/gists{/gist_id}",
          "starred_url": "https://api.github.com/users/jimmidyson/starred{/owner}{/repo}",
          "subscriptions_url": "https://api.github.com/users/jimmidyson/subscriptions",
          "organizations_url": "https://api.github.com/users/jimmidyson/orgs",
          "repos_url": "https://api.github.com/users/jimmidyson/repos",
          "events_url": "https://api.github.com/users/jimmidyson/events{/privacy}",
          "received_events_url": "https://api.github.com/users/jimmidyson/received_events",
          "type": "User",
          "site_admin": false
        },
        "content_type": "application/zip",
        "state": "uploaded",
        "size": 8633882,
        "download_count": 2,
        "created_at": "2016-03-16T20:18:26Z",
        "updated_at": "2016-03-16T20:18:33Z",
        "browser_download_url": "https://github.com/fabric8io/gofabric8/releases/download/v0.4.2/gofabric8-0.4.2-windows-amd64.zip"
      }
    ],
    "tarball_url": "https://api.github.com/repos/fabric8io/gofabric8/tarball/v0.4.2",
    "zipball_url": "https://api.github.com/repos/fabric8io/gofabric8/zipball/v0.4.2",
    "body": null
  },
  {
    "url": "https://api.github.com/repos/fabric8io/gofabric8/releases/2822928",
    "assets_url": "https://api.github.com/repos/fabric8io/gofabric8/releases/2822928/assets",
    "upload_url": "https://uploads.github.com/repos/fabric8io/gofabric8/releases/2822928/assets{?name,label}",
    "html_url": "https://github.com/fabric8io/gofabric8/releases/tag/v0.4.1",
    "id": 2822928,
    "tag_name": "v0.4.1",
    "target_commitish": "master",
    "name": "0.4.1",
    "draft": false,
    "author": {
      "login": "jimmidyson",
      "id": 464659,
      "avatar_url": "https://avatars.githubusercontent.com/u/464659?v=3",
      "gravatar_id": "",
      "url": "https://api.github.com/users/jimmidyson",
      "html_url": "https://github.com/jimmidyson",
      "followers_url": "https://api.github.com/users/jimmidyson/followers",
      "following_url": "https://api.github.com/users/jimmidyson/following{/other_user}",
      "gists_url": "https://api.github.com/users/jimmidyson/gists{/gist_id}",
      "starred_url": "https://api.github.com/users/jimmidyson/starred{/owner}{/repo}",
      "subscriptions_url": "https://api.github.com/users/jimmidyson/subscriptions",
      "organizations_url": "https://api.github.com/users/jimmidyson/orgs",
      "repos_url": "https://api.github.com/users/jimmidyson/repos",
      "events_url": "https://api.github.com/users/jimmidyson/events{/privacy}",
      "received_events_url": "https://api.github.com/users/jimmidyson/received_events",
      "type": "User",
      "site_admin": false
    },
    "prerelease": false,
    "created_at": "2016-03-16T12:39:10Z",
    "published_at": "2016-03-16T12:40:56Z",
    "assets": [
      {
        "url": "https://api.github.com/repos/fabric8io/gofabric8/releases/assets/1428382",
        "id": 1428382,
        "name": "gofabric8-0.4.1-darwin-amd64.tar.gz",
        "label": "",
        "uploader": {
          "login": "jimmidyson",
          "id": 464659,
          "avatar_url": "https://avatars.githubusercontent.com/u/464659?v=3",
          "gravatar_id": "",
          "url": "https://api.github.com/users/jimmidyson",
          "html_url": "https://github.com/jimmidyson",
          "followers_url": "https://api.github.com/users/jimmidyson/followers",
          "following_url": "https://api.github.com/users/jimmidyson/following{/other_user}",
          "gists_url": "https://api.github.com/users/jimmidyson/gists{/gist_id}",
          "starred_url": "https://api.github.com/users/jimmidyson/starred{/owner}{/repo}",
          "subscriptions_url": "https://api.github.com/users/jimmidyson/subscriptions",
          "organizations_url": "https://api.github.com/users/jimmidyson/orgs",
          "repos_url": "https://api.github.com/users/jimmidyson/repos",
          "events_url": "https://api.github.com/users/jimmidyson/events{/privacy}",
          "received_events_url": "https://api.github.com/users/jimmidyson/received_events",
          "type": "User",
          "site_admin": false
        },
        "content_type": "application/gzip",
        "state": "uploaded",
        "size": 8578409,
        "download_count": 0,
        "created_at": "2016-03-16T12:40:56Z",
        "updated_at": "2016-03-16T12:41:07Z",
        "browser_download_url": "https://github.com/fabric8io/gofabric8/releases/download/v0.4.1/gofabric8-0.4.1-darwin-amd64.tar.gz"
      },
      {
        "url": "https://api.github.com/repos/fabric8io/gofabric8/releases/assets/1428383",
        "id": 1428383,
        "name": "gofabric8-0.4.1-linux-amd64.tar.gz",
        "label": "",
        "uploader": {
          "login": "jimmidyson",
          "id": 464659,
          "avatar_url": "https://avatars.githubusercontent.com/u/464659?v=3",
          "gravatar_id": "",
          "url": "https://api.github.com/users/jimmidyson",
          "html_url": "https://github.com/jimmidyson",
          "followers_url": "https://api.github.com/users/jimmidyson/followers",
          "following_url": "https://api.github.com/users/jimmidyson/following{/other_user}",
          "gists_url": "https://api.github.com/users/jimmidyson/gists{/gist_id}",
          "starred_url": "https://api.github.com/users/jimmidyson/starred{/owner}{/repo}",
          "subscriptions_url": "https://api.github.com/users/jimmidyson/subscriptions",
          "organizations_url": "https://api.github.com/users/jimmidyson/orgs",
          "repos_url": "https://api.github.com/users/jimmidyson/repos",
          "events_url": "https://api.github.com/users/jimmidyson/events{/privacy}",
          "received_events_url": "https://api.github.com/users/jimmidyson/received_events",
          "type": "User",
          "site_admin": false
        },
        "content_type": "application/gzip",
        "state": "uploaded",
        "size": 8710645,
        "download_count": 23,
        "created_at": "2016-03-16T12:41:08Z",
        "updated_at": "2016-03-16T12:41:15Z",
        "browser_download_url": "https://github.com/fabric8io/gofabric8/releases/download/v0.4.1/gofabric8-0.4.1-linux-amd64.tar.gz"
      },
      {
        "url": "https://api.github.com/repos/fabric8io/gofabric8/releases/assets/1428385",
        "id": 1428385,
        "name": "gofabric8-0.4.1-windows-amd64.zip",
        "label": "",
        "uploader": {
          "login": "jimmidyson",
          "id": 464659,
          "avatar_url": "https://avatars.githubusercontent.com/u/464659?v=3",
          "gravatar_id": "",
          "url": "https://api.github.com/users/jimmidyson",
          "html_url": "https://github.com/jimmidyson",
          "followers_url": "https://api.github.com/users/jimmidyson/followers",
          "following_url": "https://api.github.com/users/jimmidyson/following{/other_user}",
          "gists_url": "https://api.github.com/users/jimmidyson/gists{/gist_id}",
          "starred_url": "https://api.github.com/users/jimmidyson/starred{/owner}{/repo}",
          "subscriptions_url": "https://api.github.com/users/jimmidyson/subscriptions",
          "organizations_url": "https://api.github.com/users/jimmidyson/orgs",
          "repos_url": "https://api.github.com/users/jimmidyson/repos",
          "events_url": "https://api.github.com/users/jimmidyson/events{/privacy}",
          "received_events_url": "https://api.github.com/users/jimmidyson/received_events",
          "type": "User",
          "site_admin": false
        },
        "content_type": "application/zip",
        "state": "uploaded",
        "size": 8633803,
        "download_count": 0,
        "created_at": "2016-03-16T12:41:16Z",
        "updated_at": "2016-03-16T12:41:27Z",
        "browser_download_url": "https://github.com/fabric8io/gofabric8/releases/download/v0.4.1/gofabric8-0.4.1-windows-amd64.zip"
      }
    ],
    "tarball_url": "https://api.github.com/repos/fabric8io/gofabric8/tarball/v0.4.1",
    "zipball_url": "https://api.github.com/repos/fabric8io/gofabric8/zipball/v0.4.1",
    "body": null
  },
  {
    "url": "https://api.github.com/repos/fabric8io/gofabric8/releases/2807462",
    "assets_url": "https://api.github.com/repos/fabric8io/gofabric8/releases/2807462/assets",
    "upload_url": "https://uploads.github.com/repos/fabric8io/gofabric8/releases/2807462/assets{?name,label}",
    "html_url": "https://github.com/fabric8io/gofabric8/releases/tag/v0.4.0",
    "id": 2807462,
    "tag_name": "v0.4.0",
    "target_commitish": "master",
    "name": "0.4.0",
    "draft": false,
    "author": {
      "login": "jimmidyson",
      "id": 464659,
      "avatar_url": "https://avatars.githubusercontent.com/u/464659?v=3",
      "gravatar_id": "",
      "url": "https://api.github.com/users/jimmidyson",
      "html_url": "https://github.com/jimmidyson",
      "followers_url": "https://api.github.com/users/jimmidyson/followers",
      "following_url": "https://api.github.com/users/jimmidyson/following{/other_user}",
      "gists_url": "https://api.github.com/users/jimmidyson/gists{/gist_id}",
      "starred_url": "https://api.github.com/users/jimmidyson/starred{/owner}{/repo}",
      "subscriptions_url": "https://api.github.com/users/jimmidyson/subscriptions",
      "organizations_url": "https://api.github.com/users/jimmidyson/orgs",
      "repos_url": "https://api.github.com/users/jimmidyson/repos",
      "events_url": "https://api.github.com/users/jimmidyson/events{/privacy}",
      "received_events_url": "https://api.github.com/users/jimmidyson/received_events",
      "type": "User",
      "site_admin": false
    },
    "prerelease": false,
    "created_at": "2016-03-14T15:15:50Z",
    "published_at": "2016-03-14T15:28:01Z",
    "assets": [
      {
        "url": "https://api.github.com/repos/fabric8io/gofabric8/releases/assets/1420275",
        "id": 1420275,
        "name": "gofabric8-0.4.0-darwin-amd64.tar.gz",
        "label": "",
        "uploader": {
          "login": "jimmidyson",
          "id": 464659,
          "avatar_url": "https://avatars.githubusercontent.com/u/464659?v=3",
          "gravatar_id": "",
          "url": "https://api.github.com/users/jimmidyson",
          "html_url": "https://github.com/jimmidyson",
          "followers_url": "https://api.github.com/users/jimmidyson/followers",
          "following_url": "https://api.github.com/users/jimmidyson/following{/other_user}",
          "gists_url": "https://api.github.com/users/jimmidyson/gists{/gist_id}",
          "starred_url": "https://api.github.com/users/jimmidyson/starred{/owner}{/repo}",
          "subscriptions_url": "https://api.github.com/users/jimmidyson/subscriptions",
          "organizations_url": "https://api.github.com/users/jimmidyson/orgs",
          "repos_url": "https://api.github.com/users/jimmidyson/repos",
          "events_url": "https://api.github.com/users/jimmidyson/events{/privacy}",
          "received_events_url": "https://api.github.com/users/jimmidyson/received_events",
          "type": "User",
          "site_admin": false
        },
        "content_type": "application/gzip",
        "state": "uploaded",
        "size": 8580532,
        "download_count": 2,
        "created_at": "2016-03-14T15:28:02Z",
        "updated_at": "2016-03-14T15:28:09Z",
        "browser_download_url": "https://github.com/fabric8io/gofabric8/releases/download/v0.4.0/gofabric8-0.4.0-darwin-amd64.tar.gz"
      },
      {
        "url": "https://api.github.com/repos/fabric8io/gofabric8/releases/assets/1420277",
        "id": 1420277,
        "name": "gofabric8-0.4.0-linux-amd64.tar.gz",
        "label": "",
        "uploader": {
          "login": "jimmidyson",
          "id": 464659,
          "avatar_url": "https://avatars.githubusercontent.com/u/464659?v=3",
          "gravatar_id": "",
          "url": "https://api.github.com/users/jimmidyson",
          "html_url": "https://github.com/jimmidyson",
          "followers_url": "https://api.github.com/users/jimmidyson/followers",
          "following_url": "https://api.github.com/users/jimmidyson/following{/other_user}",
          "gists_url": "https://api.github.com/users/jimmidyson/gists{/gist_id}",
          "starred_url": "https://api.github.com/users/jimmidyson/starred{/owner}{/repo}",
          "subscriptions_url": "https://api.github.com/users/jimmidyson/subscriptions",
          "organizations_url": "https://api.github.com/users/jimmidyson/orgs",
          "repos_url": "https://api.github.com/users/jimmidyson/repos",
          "events_url": "https://api.github.com/users/jimmidyson/events{/privacy}",
          "received_events_url": "https://api.github.com/users/jimmidyson/received_events",
          "type": "User",
          "site_admin": false
        },
        "content_type": "application/gzip",
        "state": "uploaded",
        "size": 8710829,
        "download_count": 67,
        "created_at": "2016-03-14T15:28:09Z",
        "updated_at": "2016-03-14T15:28:16Z",
        "browser_download_url": "https://github.com/fabric8io/gofabric8/releases/download/v0.4.0/gofabric8-0.4.0-linux-amd64.tar.gz"
      },
      {
        "url": "https://api.github.com/repos/fabric8io/gofabric8/releases/assets/1420279",
        "id": 1420279,
        "name": "gofabric8-0.4.0-windows-amd64.zip",
        "label": "",
        "uploader": {
          "login": "jimmidyson",
          "id": 464659,
          "avatar_url": "https://avatars.githubusercontent.com/u/464659?v=3",
          "gravatar_id": "",
          "url": "https://api.github.com/users/jimmidyson",
          "html_url": "https://github.com/jimmidyson",
          "followers_url": "https://api.github.com/users/jimmidyson/followers",
          "following_url": "https://api.github.com/users/jimmidyson/following{/other_user}",
          "gists_url": "https://api.github.com/users/jimmidyson/gists{/gist_id}",
          "starred_url": "https://api.github.com/users/jimmidyson/starred{/owner}{/repo}",
          "subscriptions_url": "https://api.github.com/users/jimmidyson/subscriptions",
          "organizations_url": "https://api.github.com/users/jimmidyson/orgs",
          "repos_url": "https://api.github.com/users/jimmidyson/repos",
          "events_url": "https://api.github.com/users/jimmidyson/events{/privacy}",
          "received_events_url": "https://api.github.com/users/jimmidyson/received_events",
          "type": "User",
          "site_admin": false
        },
        "content_type": "application/zip",
        "state": "uploaded",
        "size": 8633789,
        "download_count": 1,
        "created_at": "2016-03-14T15:28:17Z",
        "updated_at": "2016-03-14T15:28:23Z",
        "browser_download_url": "https://github.com/fabric8io/gofabric8/releases/download/v0.4.0/gofabric8-0.4.0-windows-amd64.zip"
      }
    ],
    "tarball_url": "https://api.github.com/repos/fabric8io/gofabric8/tarball/v0.4.0",
    "zipball_url": "https://api.github.com/repos/fabric8io/gofabric8/zipball/v0.4.0",
    "body": null
  },
  {
    "url": "https://api.github.com/repos/fabric8io/gofabric8/releases/2794425",
    "assets_url": "https://api.github.com/repos/fabric8io/gofabric8/releases/2794425/assets",
    "upload_url": "https://uploads.github.com/repos/fabric8io/gofabric8/releases/2794425/assets{?name,label}",
    "html_url": "https://github.com/fabric8io/gofabric8/releases/tag/v0.3.28",
    "id": 2794425,
    "tag_name": "v0.3.28",
    "target_commitish": "master",
    "name": "0.3.28",
    "draft": false,
    "author": {
      "login": "jstrachan",
      "id": 30140,
      "avatar_url": "https://avatars.githubusercontent.com/u/30140?v=3",
      "gravatar_id": "",
      "url": "https://api.github.com/users/jstrachan",
      "html_url": "https://github.com/jstrachan",
      "followers_url": "https://api.github.com/users/jstrachan/followers",
      "following_url": "https://api.github.com/users/jstrachan/following{/other_user}",
      "gists_url": "https://api.github.com/users/jstrachan/gists{/gist_id}",
      "starred_url": "https://api.github.com/users/jstrachan/starred{/owner}{/repo}",
      "subscriptions_url": "https://api.github.com/users/jstrachan/subscriptions",
      "organizations_url": "https://api.github.com/users/jstrachan/orgs",
      "repos_url": "https://api.github.com/users/jstrachan/repos",
      "events_url": "https://api.github.com/users/jstrachan/events{/privacy}",
      "received_events_url": "https://api.github.com/users/jstrachan/received_events",
      "type": "User",
      "site_admin": false
    },
    "prerelease": false,
    "created_at": "2016-03-11T16:57:26Z",
    "published_at": "2016-03-11T16:58:32Z",
    "assets": [
      {
        "url": "https://api.github.com/repos/fabric8io/gofabric8/releases/assets/1412115",
        "id": 1412115,
        "name": "gofabric8-0.3.28-darwin-amd64.tar.gz",
        "label": "",
        "uploader": {
          "login": "jstrachan",
          "id": 30140,
          "avatar_url": "https://avatars.githubusercontent.com/u/30140?v=3",
          "gravatar_id": "",
          "url": "https://api.github.com/users/jstrachan",
          "html_url": "https://github.com/jstrachan",
          "followers_url": "https://api.github.com/users/jstrachan/followers",
          "following_url": "https://api.github.com/users/jstrachan/following{/other_user}",
          "gists_url": "https://api.github.com/users/jstrachan/gists{/gist_id}",
          "starred_url": "https://api.github.com/users/jstrachan/starred{/owner}{/repo}",
          "subscriptions_url": "https://api.github.com/users/jstrachan/subscriptions",
          "organizations_url": "https://api.github.com/users/jstrachan/orgs",
          "repos_url": "https://api.github.com/users/jstrachan/repos",
          "events_url": "https://api.github.com/users/jstrachan/events{/privacy}",
          "received_events_url": "https://api.github.com/users/jstrachan/received_events",
          "type": "User",
          "site_admin": false
        },
        "content_type": "application/gzip",
        "state": "uploaded",
        "size": 6642274,
        "download_count": 3,
        "created_at": "2016-03-11T16:58:32Z",
        "updated_at": "2016-03-11T16:58:33Z",
        "browser_download_url": "https://github.com/fabric8io/gofabric8/releases/download/v0.3.28/gofabric8-0.3.28-darwin-amd64.tar.gz"
      },
      {
        "url": "https://api.github.com/repos/fabric8io/gofabric8/releases/assets/1412116",
        "id": 1412116,
        "name": "gofabric8-0.3.28-linux-amd64.tar.gz",
        "label": "",
        "uploader": {
          "login": "jstrachan",
          "id": 30140,
          "avatar_url": "https://avatars.githubusercontent.com/u/30140?v=3",
          "gravatar_id": "",
          "url": "https://api.github.com/users/jstrachan",
          "html_url": "https://github.com/jstrachan",
          "followers_url": "https://api.github.com/users/jstrachan/followers",
          "following_url": "https://api.github.com/users/jstrachan/following{/other_user}",
          "gists_url": "https://api.github.com/users/jstrachan/gists{/gist_id}",
          "starred_url": "https://api.github.com/users/jstrachan/starred{/owner}{/repo}",
          "subscriptions_url": "https://api.github.com/users/jstrachan/subscriptions",
          "organizations_url": "https://api.github.com/users/jstrachan/orgs",
          "repos_url": "https://api.github.com/users/jstrachan/repos",
          "events_url": "https://api.github.com/users/jstrachan/events{/privacy}",
          "received_events_url": "https://api.github.com/users/jstrachan/received_events",
          "type": "User",
          "site_admin": false
        },
        "content_type": "application/gzip",
        "state": "uploaded",
        "size": 6751854,
        "download_count": 117,
        "created_at": "2016-03-11T16:58:34Z",
        "updated_at": "2016-03-11T16:58:35Z",
        "browser_download_url": "https://github.com/fabric8io/gofabric8/releases/download/v0.3.28/gofabric8-0.3.28-linux-amd64.tar.gz"
      },
      {
        "url": "https://api.github.com/repos/fabric8io/gofabric8/releases/assets/1412117",
        "id": 1412117,
        "name": "gofabric8-0.3.28-windows-amd64.zip",
        "label": "",
        "uploader": {
          "login": "jstrachan",
          "id": 30140,
          "avatar_url": "https://avatars.githubusercontent.com/u/30140?v=3",
          "gravatar_id": "",
          "url": "https://api.github.com/users/jstrachan",
          "html_url": "https://github.com/jstrachan",
          "followers_url": "https://api.github.com/users/jstrachan/followers",
          "following_url": "https://api.github.com/users/jstrachan/following{/other_user}",
          "gists_url": "https://api.github.com/users/jstrachan/gists{/gist_id}",
          "starred_url": "https://api.github.com/users/jstrachan/starred{/owner}{/repo}",
          "subscriptions_url": "https://api.github.com/users/jstrachan/subscriptions",
          "organizations_url": "https://api.github.com/users/jstrachan/orgs",
          "repos_url": "https://api.github.com/users/jstrachan/repos",
          "events_url": "https://api.github.com/users/jstrachan/events{/privacy}",
          "received_events_url": "https://api.github.com/users/jstrachan/received_events",
          "type": "User",
          "site_admin": false
        },
        "content_type": "application/zip",
        "state": "uploaded",
        "size": 6727399,
        "download_count": 2,
        "created_at": "2016-03-11T16:58:35Z",
        "updated_at": "2016-03-11T16:58:36Z",
        "browser_download_url": "https://github.com/fabric8io/gofabric8/releases/download/v0.3.28/gofabric8-0.3.28-windows-amd64.zip"
      }
    ],
    "tarball_url": "https://api.github.com/repos/fabric8io/gofabric8/tarball/v0.3.28",
    "zipball_url": "https://api.github.com/repos/fabric8io/gofabric8/zipball/v0.3.28",
    "body": null
  },
  {
    "url": "https://api.github.com/repos/fabric8io/gofabric8/releases/2665641",
    "assets_url": "https://api.github.com/repos/fabric8io/gofabric8/releases/2665641/assets",
    "upload_url": "https://uploads.github.com/repos/fabric8io/gofabric8/releases/2665641/assets{?name,label}",
    "html_url": "https://github.com/fabric8io/gofabric8/releases/tag/v0.3.27",
    "id": 2665641,
    "tag_name": "v0.3.27",
    "target_commitish": "master",
    "name": "0.3.27",
    "draft": false,
    "author": {
      "login": "jstrachan",
      "id": 30140,
      "avatar_url": "https://avatars.githubusercontent.com/u/30140?v=3",
      "gravatar_id": "",
      "url": "https://api.github.com/users/jstrachan",
      "html_url": "https://github.com/jstrachan",
      "followers_url": "https://api.github.com/users/jstrachan/followers",
      "following_url": "https://api.github.com/users/jstrachan/following{/other_user}",
      "gists_url": "https://api.github.com/users/jstrachan/gists{/gist_id}",
      "starred_url": "https://api.github.com/users/jstrachan/starred{/owner}{/repo}",
      "subscriptions_url": "https://api.github.com/users/jstrachan/subscriptions",
      "organizations_url": "https://api.github.com/users/jstrachan/orgs",
      "repos_url": "https://api.github.com/users/jstrachan/repos",
      "events_url": "https://api.github.com/users/jstrachan/events{/privacy}",
      "received_events_url": "https://api.github.com/users/jstrachan/received_events",
      "type": "User",
      "site_admin": false
    },
    "prerelease": false,
    "created_at": "2016-02-22T21:02:01Z",
    "published_at": "2016-02-22T21:03:04Z",
    "assets": [
      {
        "url": "https://api.github.com/repos/fabric8io/gofabric8/releases/assets/1341279",
        "id": 1341279,
        "name": "gofabric8-0.3.27-darwin-amd64.tar.gz",
        "label": "",
        "uploader": {
          "login": "jstrachan",
          "id": 30140,
          "avatar_url": "https://avatars.githubusercontent.com/u/30140?v=3",
          "gravatar_id": "",
          "url": "https://api.github.com/users/jstrachan",
          "html_url": "https://github.com/jstrachan",
          "followers_url": "https://api.github.com/users/jstrachan/followers",
          "following_url": "https://api.github.com/users/jstrachan/following{/other_user}",
          "gists_url": "https://api.github.com/users/jstrachan/gists{/gist_id}",
          "starred_url": "https://api.github.com/users/jstrachan/starred{/owner}{/repo}",
          "subscriptions_url": "https://api.github.com/users/jstrachan/subscriptions",
          "organizations_url": "https://api.github.com/users/jstrachan/orgs",
          "repos_url": "https://api.github.com/users/jstrachan/repos",
          "events_url": "https://api.github.com/users/jstrachan/events{/privacy}",
          "received_events_url": "https://api.github.com/users/jstrachan/received_events",
          "type": "User",
          "site_admin": false
        },
        "content_type": "application/gzip",
        "state": "uploaded",
        "size": 6642088,
        "download_count": 14,
        "created_at": "2016-02-22T21:03:05Z",
        "updated_at": "2016-02-22T21:03:06Z",
        "browser_download_url": "https://github.com/fabric8io/gofabric8/releases/download/v0.3.27/gofabric8-0.3.27-darwin-amd64.tar.gz"
      },
      {
        "url": "https://api.github.com/repos/fabric8io/gofabric8/releases/assets/1341280",
        "id": 1341280,
        "name": "gofabric8-0.3.27-linux-amd64.tar.gz",
        "label": "",
        "uploader": {
          "login": "jstrachan",
          "id": 30140,
          "avatar_url": "https://avatars.githubusercontent.com/u/30140?v=3",
          "gravatar_id": "",
          "url": "https://api.github.com/users/jstrachan",
          "html_url": "https://github.com/jstrachan",
          "followers_url": "https://api.github.com/users/jstrachan/followers",
          "following_url": "https://api.github.com/users/jstrachan/following{/other_user}",
          "gists_url": "https://api.github.com/users/jstrachan/gists{/gist_id}",
          "starred_url": "https://api.github.com/users/jstrachan/starred{/owner}{/repo}",
          "subscriptions_url": "https://api.github.com/users/jstrachan/subscriptions",
          "organizations_url": "https://api.github.com/users/jstrachan/orgs",
          "repos_url": "https://api.github.com/users/jstrachan/repos",
          "events_url": "https://api.github.com/users/jstrachan/events{/privacy}",
          "received_events_url": "https://api.github.com/users/jstrachan/received_events",
          "type": "User",
          "site_admin": false
        },
        "content_type": "application/gzip",
        "state": "uploaded",
        "size": 6751952,
        "download_count": 689,
        "created_at": "2016-02-22T21:03:06Z",
        "updated_at": "2016-02-22T21:03:08Z",
        "browser_download_url": "https://github.com/fabric8io/gofabric8/releases/download/v0.3.27/gofabric8-0.3.27-linux-amd64.tar.gz"
      },
      {
        "url": "https://api.github.com/repos/fabric8io/gofabric8/releases/assets/1341281",
        "id": 1341281,
        "name": "gofabric8-0.3.27-windows-amd64.zip",
        "label": "",
        "uploader": {
          "login": "jstrachan",
          "id": 30140,
          "avatar_url": "https://avatars.githubusercontent.com/u/30140?v=3",
          "gravatar_id": "",
          "url": "https://api.github.com/users/jstrachan",
          "html_url": "https://github.com/jstrachan",
          "followers_url": "https://api.github.com/users/jstrachan/followers",
          "following_url": "https://api.github.com/users/jstrachan/following{/other_user}",
          "gists_url": "https://api.github.com/users/jstrachan/gists{/gist_id}",
          "starred_url": "https://api.github.com/users/jstrachan/starred{/owner}{/repo}",
          "subscriptions_url": "https://api.github.com/users/jstrachan/subscriptions",
          "organizations_url": "https://api.github.com/users/jstrachan/orgs",
          "repos_url": "https://api.github.com/users/jstrachan/repos",
          "events_url": "https://api.github.com/users/jstrachan/events{/privacy}",
          "received_events_url": "https://api.github.com/users/jstrachan/received_events",
          "type": "User",
          "site_admin": false
        },
        "content_type": "application/zip",
        "state": "uploaded",
        "size": 6727549,
        "download_count": 6,
        "created_at": "2016-02-22T21:03:08Z",
        "updated_at": "2016-02-22T21:03:09Z",
        "browser_download_url": "https://github.com/fabric8io/gofabric8/releases/download/v0.3.27/gofabric8-0.3.27-windows-amd64.zip"
      }
    ],
    "tarball_url": "https://api.github.com/repos/fabric8io/gofabric8/tarball/v0.3.27",
    "zipball_url": "https://api.github.com/repos/fabric8io/gofabric8/zipball/v0.3.27",
    "body": null
  },
  {
    "url": "https://api.github.com/repos/fabric8io/gofabric8/releases/2571602",
    "assets_url": "https://api.github.com/repos/fabric8io/gofabric8/releases/2571602/assets",
    "upload_url": "https://uploads.github.com/repos/fabric8io/gofabric8/releases/2571602/assets{?name,label}",
    "html_url": "https://github.com/fabric8io/gofabric8/releases/tag/v0.3.26",
    "id": 2571602,
    "tag_name": "v0.3.26",
    "target_commitish": "master",
    "name": "0.3.26",
    "draft": false,
    "author": {
      "login": "jstrachan",
      "id": 30140,
      "avatar_url": "https://avatars.githubusercontent.com/u/30140?v=3",
      "gravatar_id": "",
      "url": "https://api.github.com/users/jstrachan",
      "html_url": "https://github.com/jstrachan",
      "followers_url": "https://api.github.com/users/jstrachan/followers",
      "following_url": "https://api.github.com/users/jstrachan/following{/other_user}",
      "gists_url": "https://api.github.com/users/jstrachan/gists{/gist_id}",
      "starred_url": "https://api.github.com/users/jstrachan/starred{/owner}{/repo}",
      "subscriptions_url": "https://api.github.com/users/jstrachan/subscriptions",
      "organizations_url": "https://api.github.com/users/jstrachan/orgs",
      "repos_url": "https://api.github.com/users/jstrachan/repos",
      "events_url": "https://api.github.com/users/jstrachan/events{/privacy}",
      "received_events_url": "https://api.github.com/users/jstrachan/received_events",
      "type": "User",
      "site_admin": false
    },
    "prerelease": false,
    "created_at": "2016-02-08T12:08:34Z",
    "published_at": "2016-02-08T12:09:36Z",
    "assets": [
      {
        "url": "https://api.github.com/repos/fabric8io/gofabric8/releases/assets/1288734",
        "id": 1288734,
        "name": "gofabric8-0.3.26-darwin-amd64.tar.gz",
        "label": "",
        "uploader": {
          "login": "jstrachan",
          "id": 30140,
          "avatar_url": "https://avatars.githubusercontent.com/u/30140?v=3",
          "gravatar_id": "",
          "url": "https://api.github.com/users/jstrachan",
          "html_url": "https://github.com/jstrachan",
          "followers_url": "https://api.github.com/users/jstrachan/followers",
          "following_url": "https://api.github.com/users/jstrachan/following{/other_user}",
          "gists_url": "https://api.github.com/users/jstrachan/gists{/gist_id}",
          "starred_url": "https://api.github.com/users/jstrachan/starred{/owner}{/repo}",
          "subscriptions_url": "https://api.github.com/users/jstrachan/subscriptions",
          "organizations_url": "https://api.github.com/users/jstrachan/orgs",
          "repos_url": "https://api.github.com/users/jstrachan/repos",
          "events_url": "https://api.github.com/users/jstrachan/events{/privacy}",
          "received_events_url": "https://api.github.com/users/jstrachan/received_events",
          "type": "User",
          "site_admin": false
        },
        "content_type": "application/gzip",
        "state": "uploaded",
        "size": 6641146,
        "download_count": 13,
        "created_at": "2016-02-08T12:09:36Z",
        "updated_at": "2016-02-08T12:09:37Z",
        "browser_download_url": "https://github.com/fabric8io/gofabric8/releases/download/v0.3.26/gofabric8-0.3.26-darwin-amd64.tar.gz"
      },
      {
        "url": "https://api.github.com/repos/fabric8io/gofabric8/releases/assets/1288735",
        "id": 1288735,
        "name": "gofabric8-0.3.26-linux-amd64.tar.gz",
        "label": "",
        "uploader": {
          "login": "jstrachan",
          "id": 30140,
          "avatar_url": "https://avatars.githubusercontent.com/u/30140?v=3",
          "gravatar_id": "",
          "url": "https://api.github.com/users/jstrachan",
          "html_url": "https://github.com/jstrachan",
          "followers_url": "https://api.github.com/users/jstrachan/followers",
          "following_url": "https://api.github.com/users/jstrachan/following{/other_user}",
          "gists_url": "https://api.github.com/users/jstrachan/gists{/gist_id}",
          "starred_url": "https://api.github.com/users/jstrachan/starred{/owner}{/repo}",
          "subscriptions_url": "https://api.github.com/users/jstrachan/subscriptions",
          "organizations_url": "https://api.github.com/users/jstrachan/orgs",
          "repos_url": "https://api.github.com/users/jstrachan/repos",
          "events_url": "https://api.github.com/users/jstrachan/events{/privacy}",
          "received_events_url": "https://api.github.com/users/jstrachan/received_events",
          "type": "User",
          "site_admin": false
        },
        "content_type": "application/gzip",
        "state": "uploaded",
        "size": 6752227,
        "download_count": 432,
        "created_at": "2016-02-08T12:09:38Z",
        "updated_at": "2016-02-08T12:09:39Z",
        "browser_download_url": "https://github.com/fabric8io/gofabric8/releases/download/v0.3.26/gofabric8-0.3.26-linux-amd64.tar.gz"
      },
      {
        "url": "https://api.github.com/repos/fabric8io/gofabric8/releases/assets/1288736",
        "id": 1288736,
        "name": "gofabric8-0.3.26-windows-amd64.zip",
        "label": "",
        "uploader": {
          "login": "jstrachan",
          "id": 30140,
          "avatar_url": "https://avatars.githubusercontent.com/u/30140?v=3",
          "gravatar_id": "",
          "url": "https://api.github.com/users/jstrachan",
          "html_url": "https://github.com/jstrachan",
          "followers_url": "https://api.github.com/users/jstrachan/followers",
          "following_url": "https://api.github.com/users/jstrachan/following{/other_user}",
          "gists_url": "https://api.github.com/users/jstrachan/gists{/gist_id}",
          "starred_url": "https://api.github.com/users/jstrachan/starred{/owner}{/repo}",
          "subscriptions_url": "https://api.github.com/users/jstrachan/subscriptions",
          "organizations_url": "https://api.github.com/users/jstrachan/orgs",
          "repos_url": "https://api.github.com/users/jstrachan/repos",
          "events_url": "https://api.github.com/users/jstrachan/events{/privacy}",
          "received_events_url": "https://api.github.com/users/jstrachan/received_events",
          "type": "User",
          "site_admin": false
        },
        "content_type": "application/zip",
        "state": "uploaded",
        "size": 6726459,
        "download_count": 4,
        "created_at": "2016-02-08T12:09:39Z",
        "updated_at": "2016-02-08T12:09:40Z",
        "browser_download_url": "https://github.com/fabric8io/gofabric8/releases/download/v0.3.26/gofabric8-0.3.26-windows-amd64.zip"
      }
    ],
    "tarball_url": "https://api.github.com/repos/fabric8io/gofabric8/tarball/v0.3.26",
    "zipball_url": "https://api.github.com/repos/fabric8io/gofabric8/zipball/v0.3.26",
    "body": null
  },
  {
    "url": "https://api.github.com/repos/fabric8io/gofabric8/releases/2556007",
    "assets_url": "https://api.github.com/repos/fabric8io/gofabric8/releases/2556007/assets",
    "upload_url": "https://uploads.github.com/repos/fabric8io/gofabric8/releases/2556007/assets{?name,label}",
    "html_url": "https://github.com/fabric8io/gofabric8/releases/tag/v0.3.24",
    "id": 2556007,
    "tag_name": "v0.3.24",
    "target_commitish": "master",
    "name": "0.3.24",
    "draft": false,
    "author": {
      "login": "jstrachan",
      "id": 30140,
      "avatar_url": "https://avatars.githubusercontent.com/u/30140?v=3",
      "gravatar_id": "",
      "url": "https://api.github.com/users/jstrachan",
      "html_url": "https://github.com/jstrachan",
      "followers_url": "https://api.github.com/users/jstrachan/followers",
      "following_url": "https://api.github.com/users/jstrachan/following{/other_user}",
      "gists_url": "https://api.github.com/users/jstrachan/gists{/gist_id}",
      "starred_url": "https://api.github.com/users/jstrachan/starred{/owner}{/repo}",
      "subscriptions_url": "https://api.github.com/users/jstrachan/subscriptions",
      "organizations_url": "https://api.github.com/users/jstrachan/orgs",
      "repos_url": "https://api.github.com/users/jstrachan/repos",
      "events_url": "https://api.github.com/users/jstrachan/events{/privacy}",
      "received_events_url": "https://api.github.com/users/jstrachan/received_events",
      "type": "User",
      "site_admin": false
    },
    "prerelease": false,
    "created_at": "2016-02-04T21:20:19Z",
    "published_at": "2016-02-04T21:21:23Z",
    "assets": [
      {
        "url": "https://api.github.com/repos/fabric8io/gofabric8/releases/assets/1278664",
        "id": 1278664,
        "name": "gofabric8-0.3.24-darwin-amd64.tar.gz",
        "label": "",
        "uploader": {
          "login": "jstrachan",
          "id": 30140,
          "avatar_url": "https://avatars.githubusercontent.com/u/30140?v=3",
          "gravatar_id": "",
          "url": "https://api.github.com/users/jstrachan",
          "html_url": "https://github.com/jstrachan",
          "followers_url": "https://api.github.com/users/jstrachan/followers",
          "following_url": "https://api.github.com/users/jstrachan/following{/other_user}",
          "gists_url": "https://api.github.com/users/jstrachan/gists{/gist_id}",
          "starred_url": "https://api.github.com/users/jstrachan/starred{/owner}{/repo}",
          "subscriptions_url": "https://api.github.com/users/jstrachan/subscriptions",
          "organizations_url": "https://api.github.com/users/jstrachan/orgs",
          "repos_url": "https://api.github.com/users/jstrachan/repos",
          "events_url": "https://api.github.com/users/jstrachan/events{/privacy}",
          "received_events_url": "https://api.github.com/users/jstrachan/received_events",
          "type": "User",
          "site_admin": false
        },
        "content_type": "application/gzip",
        "state": "uploaded",
        "size": 6641298,
        "download_count": 6,
        "created_at": "2016-02-04T21:21:24Z",
        "updated_at": "2016-02-04T21:21:25Z",
        "browser_download_url": "https://github.com/fabric8io/gofabric8/releases/download/v0.3.24/gofabric8-0.3.24-darwin-amd64.tar.gz"
      },
      {
        "url": "https://api.github.com/repos/fabric8io/gofabric8/releases/assets/1278665",
        "id": 1278665,
        "name": "gofabric8-0.3.24-linux-amd64.tar.gz",
        "label": "",
        "uploader": {
          "login": "jstrachan",
          "id": 30140,
          "avatar_url": "https://avatars.githubusercontent.com/u/30140?v=3",
          "gravatar_id": "",
          "url": "https://api.github.com/users/jstrachan",
          "html_url": "https://github.com/jstrachan",
          "followers_url": "https://api.github.com/users/jstrachan/followers",
          "following_url": "https://api.github.com/users/jstrachan/following{/other_user}",
          "gists_url": "https://api.github.com/users/jstrachan/gists{/gist_id}",
          "starred_url": "https://api.github.com/users/jstrachan/starred{/owner}{/repo}",
          "subscriptions_url": "https://api.github.com/users/jstrachan/subscriptions",
          "organizations_url": "https://api.github.com/users/jstrachan/orgs",
          "repos_url": "https://api.github.com/users/jstrachan/repos",
          "events_url": "https://api.github.com/users/jstrachan/events{/privacy}",
          "received_events_url": "https://api.github.com/users/jstrachan/received_events",
          "type": "User",
          "site_admin": false
        },
        "content_type": "application/gzip",
        "state": "uploaded",
        "size": 6751339,
        "download_count": 15,
        "created_at": "2016-02-04T21:21:25Z",
        "updated_at": "2016-02-04T21:21:29Z",
        "browser_download_url": "https://github.com/fabric8io/gofabric8/releases/download/v0.3.24/gofabric8-0.3.24-linux-amd64.tar.gz"
      },
      {
        "url": "https://api.github.com/repos/fabric8io/gofabric8/releases/assets/1278666",
        "id": 1278666,
        "name": "gofabric8-0.3.24-windows-amd64.zip",
        "label": "",
        "uploader": {
          "login": "jstrachan",
          "id": 30140,
          "avatar_url": "https://avatars.githubusercontent.com/u/30140?v=3",
          "gravatar_id": "",
          "url": "https://api.github.com/users/jstrachan",
          "html_url": "https://github.com/jstrachan",
          "followers_url": "https://api.github.com/users/jstrachan/followers",
          "following_url": "https://api.github.com/users/jstrachan/following{/other_user}",
          "gists_url": "https://api.github.com/users/jstrachan/gists{/gist_id}",
          "starred_url": "https://api.github.com/users/jstrachan/starred{/owner}{/repo}",
          "subscriptions_url": "https://api.github.com/users/jstrachan/subscriptions",
          "organizations_url": "https://api.github.com/users/jstrachan/orgs",
          "repos_url": "https://api.github.com/users/jstrachan/repos",
          "events_url": "https://api.github.com/users/jstrachan/events{/privacy}",
          "received_events_url": "https://api.github.com/users/jstrachan/received_events",
          "type": "User",
          "site_admin": false
        },
        "content_type": "application/zip",
        "state": "uploaded",
        "size": 6727525,
        "download_count": 1,
        "created_at": "2016-02-04T21:21:30Z",
        "updated_at": "2016-02-04T21:21:31Z",
        "browser_download_url": "https://github.com/fabric8io/gofabric8/releases/download/v0.3.24/gofabric8-0.3.24-windows-amd64.zip"
      }
    ],
    "tarball_url": "https://api.github.com/repos/fabric8io/gofabric8/tarball/v0.3.24",
    "zipball_url": "https://api.github.com/repos/fabric8io/gofabric8/zipball/v0.3.24",
    "body": null
  },
  {
    "url": "https://api.github.com/repos/fabric8io/gofabric8/releases/2380266",
    "assets_url": "https://api.github.com/repos/fabric8io/gofabric8/releases/2380266/assets",
    "upload_url": "https://uploads.github.com/repos/fabric8io/gofabric8/releases/2380266/assets{?name,label}",
    "html_url": "https://github.com/fabric8io/gofabric8/releases/tag/v0.3.22",
    "id": 2380266,
    "tag_name": "v0.3.22",
    "target_commitish": "master",
    "name": "0.3.22",
    "draft": false,
    "author": {
      "login": "jstrachan",
      "id": 30140,
      "avatar_url": "https://avatars.githubusercontent.com/u/30140?v=3",
      "gravatar_id": "",
      "url": "https://api.github.com/users/jstrachan",
      "html_url": "https://github.com/jstrachan",
      "followers_url": "https://api.github.com/users/jstrachan/followers",
      "following_url": "https://api.github.com/users/jstrachan/following{/other_user}",
      "gists_url": "https://api.github.com/users/jstrachan/gists{/gist_id}",
      "starred_url": "https://api.github.com/users/jstrachan/starred{/owner}{/repo}",
      "subscriptions_url": "https://api.github.com/users/jstrachan/subscriptions",
      "organizations_url": "https://api.github.com/users/jstrachan/orgs",
      "repos_url": "https://api.github.com/users/jstrachan/repos",
      "events_url": "https://api.github.com/users/jstrachan/events{/privacy}",
      "received_events_url": "https://api.github.com/users/jstrachan/received_events",
      "type": "User",
      "site_admin": false
    },
    "prerelease": false,
    "created_at": "2016-01-06T11:48:26Z",
    "published_at": "2016-01-06T11:49:31Z",
    "assets": [
      {
        "url": "https://api.github.com/repos/fabric8io/gofabric8/releases/assets/1180838",
        "id": 1180838,
        "name": "gofabric8-0.3.22-darwin-amd64.tar.gz",
        "label": "",
        "uploader": {
          "login": "jstrachan",
          "id": 30140,
          "avatar_url": "https://avatars.githubusercontent.com/u/30140?v=3",
          "gravatar_id": "",
          "url": "https://api.github.com/users/jstrachan",
          "html_url": "https://github.com/jstrachan",
          "followers_url": "https://api.github.com/users/jstrachan/followers",
          "following_url": "https://api.github.com/users/jstrachan/following{/other_user}",
          "gists_url": "https://api.github.com/users/jstrachan/gists{/gist_id}",
          "starred_url": "https://api.github.com/users/jstrachan/starred{/owner}{/repo}",
          "subscriptions_url": "https://api.github.com/users/jstrachan/subscriptions",
          "organizations_url": "https://api.github.com/users/jstrachan/orgs",
          "repos_url": "https://api.github.com/users/jstrachan/repos",
          "events_url": "https://api.github.com/users/jstrachan/events{/privacy}",
          "received_events_url": "https://api.github.com/users/jstrachan/received_events",
          "type": "User",
          "site_admin": false
        },
        "content_type": "application/gzip",
        "state": "uploaded",
        "size": 6641305,
        "download_count": 15,
        "created_at": "2016-01-06T11:49:31Z",
        "updated_at": "2016-01-06T11:49:33Z",
        "browser_download_url": "https://github.com/fabric8io/gofabric8/releases/download/v0.3.22/gofabric8-0.3.22-darwin-amd64.tar.gz"
      },
      {
        "url": "https://api.github.com/repos/fabric8io/gofabric8/releases/assets/1180839",
        "id": 1180839,
        "name": "gofabric8-0.3.22-linux-amd64.tar.gz",
        "label": "",
        "uploader": {
          "login": "jstrachan",
          "id": 30140,
          "avatar_url": "https://avatars.githubusercontent.com/u/30140?v=3",
          "gravatar_id": "",
          "url": "https://api.github.com/users/jstrachan",
          "html_url": "https://github.com/jstrachan",
          "followers_url": "https://api.github.com/users/jstrachan/followers",
          "following_url": "https://api.github.com/users/jstrachan/following{/other_user}",
          "gists_url": "https://api.github.com/users/jstrachan/gists{/gist_id}",
          "starred_url": "https://api.github.com/users/jstrachan/starred{/owner}{/repo}",
          "subscriptions_url": "https://api.github.com/users/jstrachan/subscriptions",
          "organizations_url": "https://api.github.com/users/jstrachan/orgs",
          "repos_url": "https://api.github.com/users/jstrachan/repos",
          "events_url": "https://api.github.com/users/jstrachan/events{/privacy}",
          "received_events_url": "https://api.github.com/users/jstrachan/received_events",
          "type": "User",
          "site_admin": false
        },
        "content_type": "application/gzip",
        "state": "uploaded",
        "size": 6751292,
        "download_count": 967,
        "created_at": "2016-01-06T11:49:33Z",
        "updated_at": "2016-01-06T11:49:34Z",
        "browser_download_url": "https://github.com/fabric8io/gofabric8/releases/download/v0.3.22/gofabric8-0.3.22-linux-amd64.tar.gz"
      },
      {
        "url": "https://api.github.com/repos/fabric8io/gofabric8/releases/assets/1180840",
        "id": 1180840,
        "name": "gofabric8-0.3.22-windows-amd64.zip",
        "label": "",
        "uploader": {
          "login": "jstrachan",
          "id": 30140,
          "avatar_url": "https://avatars.githubusercontent.com/u/30140?v=3",
          "gravatar_id": "",
          "url": "https://api.github.com/users/jstrachan",
          "html_url": "https://github.com/jstrachan",
          "followers_url": "https://api.github.com/users/jstrachan/followers",
          "following_url": "https://api.github.com/users/jstrachan/following{/other_user}",
          "gists_url": "https://api.github.com/users/jstrachan/gists{/gist_id}",
          "starred_url": "https://api.github.com/users/jstrachan/starred{/owner}{/repo}",
          "subscriptions_url": "https://api.github.com/users/jstrachan/subscriptions",
          "organizations_url": "https://api.github.com/users/jstrachan/orgs",
          "repos_url": "https://api.github.com/users/jstrachan/repos",
          "events_url": "https://api.github.com/users/jstrachan/events{/privacy}",
          "received_events_url": "https://api.github.com/users/jstrachan/received_events",
          "type": "User",
          "site_admin": false
        },
        "content_type": "application/zip",
        "state": "uploaded",
        "size": 6727349,
        "download_count": 1,
        "created_at": "2016-01-06T11:49:35Z",
        "updated_at": "2016-01-06T11:49:36Z",
        "browser_download_url": "https://github.com/fabric8io/gofabric8/releases/download/v0.3.22/gofabric8-0.3.22-windows-amd64.zip"
      }
    ],
    "tarball_url": "https://api.github.com/repos/fabric8io/gofabric8/tarball/v0.3.22",
    "zipball_url": "https://api.github.com/repos/fabric8io/gofabric8/zipball/v0.3.22",
    "body": null
  },
  {
    "url": "https://api.github.com/repos/fabric8io/gofabric8/releases/2368831",
    "assets_url": "https://api.github.com/repos/fabric8io/gofabric8/releases/2368831/assets",
    "upload_url": "https://uploads.github.com/repos/fabric8io/gofabric8/releases/2368831/assets{?name,label}",
    "html_url": "https://github.com/fabric8io/gofabric8/releases/tag/v0.3.21",
    "id": 2368831,
    "tag_name": "v0.3.21",
    "target_commitish": "master",
    "name": "0.3.21",
    "draft": false,
    "author": {
      "login": "jstrachan",
      "id": 30140,
      "avatar_url": "https://avatars.githubusercontent.com/u/30140?v=3",
      "gravatar_id": "",
      "url": "https://api.github.com/users/jstrachan",
      "html_url": "https://github.com/jstrachan",
      "followers_url": "https://api.github.com/users/jstrachan/followers",
      "following_url": "https://api.github.com/users/jstrachan/following{/other_user}",
      "gists_url": "https://api.github.com/users/jstrachan/gists{/gist_id}",
      "starred_url": "https://api.github.com/users/jstrachan/starred{/owner}{/repo}",
      "subscriptions_url": "https://api.github.com/users/jstrachan/subscriptions",
      "organizations_url": "https://api.github.com/users/jstrachan/orgs",
      "repos_url": "https://api.github.com/users/jstrachan/repos",
      "events_url": "https://api.github.com/users/jstrachan/events{/privacy}",
      "received_events_url": "https://api.github.com/users/jstrachan/received_events",
      "type": "User",
      "site_admin": false
    },
    "prerelease": false,
    "created_at": "2016-01-04T15:10:03Z",
    "published_at": "2016-01-04T15:11:13Z",
    "assets": [
      {
        "url": "https://api.github.com/repos/fabric8io/gofabric8/releases/assets/1174916",
        "id": 1174916,
        "name": "gofabric8-0.3.21-darwin-amd64.tar.gz",
        "label": "",
        "uploader": {
          "login": "jstrachan",
          "id": 30140,
          "avatar_url": "https://avatars.githubusercontent.com/u/30140?v=3",
          "gravatar_id": "",
          "url": "https://api.github.com/users/jstrachan",
          "html_url": "https://github.com/jstrachan",
          "followers_url": "https://api.github.com/users/jstrachan/followers",
          "following_url": "https://api.github.com/users/jstrachan/following{/other_user}",
          "gists_url": "https://api.github.com/users/jstrachan/gists{/gist_id}",
          "starred_url": "https://api.github.com/users/jstrachan/starred{/owner}{/repo}",
          "subscriptions_url": "https://api.github.com/users/jstrachan/subscriptions",
          "organizations_url": "https://api.github.com/users/jstrachan/orgs",
          "repos_url": "https://api.github.com/users/jstrachan/repos",
          "events_url": "https://api.github.com/users/jstrachan/events{/privacy}",
          "received_events_url": "https://api.github.com/users/jstrachan/received_events",
          "type": "User",
          "site_admin": false
        },
        "content_type": "application/gzip",
        "state": "uploaded",
        "size": 6640089,
        "download_count": 0,
        "created_at": "2016-01-04T15:11:14Z",
        "updated_at": "2016-01-04T15:11:15Z",
        "browser_download_url": "https://github.com/fabric8io/gofabric8/releases/download/v0.3.21/gofabric8-0.3.21-darwin-amd64.tar.gz"
      },
      {
        "url": "https://api.github.com/repos/fabric8io/gofabric8/releases/assets/1174917",
        "id": 1174917,
        "name": "gofabric8-0.3.21-linux-amd64.tar.gz",
        "label": "",
        "uploader": {
          "login": "jstrachan",
          "id": 30140,
          "avatar_url": "https://avatars.githubusercontent.com/u/30140?v=3",
          "gravatar_id": "",
          "url": "https://api.github.com/users/jstrachan",
          "html_url": "https://github.com/jstrachan",
          "followers_url": "https://api.github.com/users/jstrachan/followers",
          "following_url": "https://api.github.com/users/jstrachan/following{/other_user}",
          "gists_url": "https://api.github.com/users/jstrachan/gists{/gist_id}",
          "starred_url": "https://api.github.com/users/jstrachan/starred{/owner}{/repo}",
          "subscriptions_url": "https://api.github.com/users/jstrachan/subscriptions",
          "organizations_url": "https://api.github.com/users/jstrachan/orgs",
          "repos_url": "https://api.github.com/users/jstrachan/repos",
          "events_url": "https://api.github.com/users/jstrachan/events{/privacy}",
          "received_events_url": "https://api.github.com/users/jstrachan/received_events",
          "type": "User",
          "site_admin": false
        },
        "content_type": "application/gzip",
        "state": "uploaded",
        "size": 6749595,
        "download_count": 50,
        "created_at": "2016-01-04T15:11:15Z",
        "updated_at": "2016-01-04T15:11:16Z",
        "browser_download_url": "https://github.com/fabric8io/gofabric8/releases/download/v0.3.21/gofabric8-0.3.21-linux-amd64.tar.gz"
      },
      {
        "url": "https://api.github.com/repos/fabric8io/gofabric8/releases/assets/1174918",
        "id": 1174918,
        "name": "gofabric8-0.3.21-windows-amd64.zip",
        "label": "",
        "uploader": {
          "login": "jstrachan",
          "id": 30140,
          "avatar_url": "https://avatars.githubusercontent.com/u/30140?v=3",
          "gravatar_id": "",
          "url": "https://api.github.com/users/jstrachan",
          "html_url": "https://github.com/jstrachan",
          "followers_url": "https://api.github.com/users/jstrachan/followers",
          "following_url": "https://api.github.com/users/jstrachan/following{/other_user}",
          "gists_url": "https://api.github.com/users/jstrachan/gists{/gist_id}",
          "starred_url": "https://api.github.com/users/jstrachan/starred{/owner}{/repo}",
          "subscriptions_url": "https://api.github.com/users/jstrachan/subscriptions",
          "organizations_url": "https://api.github.com/users/jstrachan/orgs",
          "repos_url": "https://api.github.com/users/jstrachan/repos",
          "events_url": "https://api.github.com/users/jstrachan/events{/privacy}",
          "received_events_url": "https://api.github.com/users/jstrachan/received_events",
          "type": "User",
          "site_admin": false
        },
        "content_type": "application/zip",
        "state": "uploaded",
        "size": 6725629,
        "download_count": 0,
        "created_at": "2016-01-04T15:11:17Z",
        "updated_at": "2016-01-04T15:11:18Z",
        "browser_download_url": "https://github.com/fabric8io/gofabric8/releases/download/v0.3.21/gofabric8-0.3.21-windows-amd64.zip"
      }
    ],
    "tarball_url": "https://api.github.com/repos/fabric8io/gofabric8/tarball/v0.3.21",
    "zipball_url": "https://api.github.com/repos/fabric8io/gofabric8/zipball/v0.3.21",
    "body": null
  },
  {
    "url": "https://api.github.com/repos/fabric8io/gofabric8/releases/2265860",
    "assets_url": "https://api.github.com/repos/fabric8io/gofabric8/releases/2265860/assets",
    "upload_url": "https://uploads.github.com/repos/fabric8io/gofabric8/releases/2265860/assets{?name,label}",
    "html_url": "https://github.com/fabric8io/gofabric8/releases/tag/v0.3.20",
    "id": 2265860,
    "tag_name": "v0.3.20",
    "target_commitish": "master",
    "name": "0.3.20",
    "draft": false,
    "author": {
      "login": "jstrachan",
      "id": 30140,
      "avatar_url": "https://avatars.githubusercontent.com/u/30140?v=3",
      "gravatar_id": "",
      "url": "https://api.github.com/users/jstrachan",
      "html_url": "https://github.com/jstrachan",
      "followers_url": "https://api.github.com/users/jstrachan/followers",
      "following_url": "https://api.github.com/users/jstrachan/following{/other_user}",
      "gists_url": "https://api.github.com/users/jstrachan/gists{/gist_id}",
      "starred_url": "https://api.github.com/users/jstrachan/starred{/owner}{/repo}",
      "subscriptions_url": "https://api.github.com/users/jstrachan/subscriptions",
      "organizations_url": "https://api.github.com/users/jstrachan/orgs",
      "repos_url": "https://api.github.com/users/jstrachan/repos",
      "events_url": "https://api.github.com/users/jstrachan/events{/privacy}",
      "received_events_url": "https://api.github.com/users/jstrachan/received_events",
      "type": "User",
      "site_admin": false
    },
    "prerelease": false,
    "created_at": "2015-12-10T13:49:40Z",
    "published_at": "2015-12-10T13:50:45Z",
    "assets": [
      {
        "url": "https://api.github.com/repos/fabric8io/gofabric8/releases/assets/1115320",
        "id": 1115320,
        "name": "gofabric8-0.3.20-darwin-amd64.tar.gz",
        "label": "",
        "uploader": {
          "login": "jstrachan",
          "id": 30140,
          "avatar_url": "https://avatars.githubusercontent.com/u/30140?v=3",
          "gravatar_id": "",
          "url": "https://api.github.com/users/jstrachan",
          "html_url": "https://github.com/jstrachan",
          "followers_url": "https://api.github.com/users/jstrachan/followers",
          "following_url": "https://api.github.com/users/jstrachan/following{/other_user}",
          "gists_url": "https://api.github.com/users/jstrachan/gists{/gist_id}",
          "starred_url": "https://api.github.com/users/jstrachan/starred{/owner}{/repo}",
          "subscriptions_url": "https://api.github.com/users/jstrachan/subscriptions",
          "organizations_url": "https://api.github.com/users/jstrachan/orgs",
          "repos_url": "https://api.github.com/users/jstrachan/repos",
          "events_url": "https://api.github.com/users/jstrachan/events{/privacy}",
          "received_events_url": "https://api.github.com/users/jstrachan/received_events",
          "type": "User",
          "site_admin": false
        },
        "content_type": "application/gzip",
        "state": "uploaded",
        "size": 6640020,
        "download_count": 6,
        "created_at": "2015-12-10T13:50:46Z",
        "updated_at": "2015-12-10T13:50:48Z",
        "browser_download_url": "https://github.com/fabric8io/gofabric8/releases/download/v0.3.20/gofabric8-0.3.20-darwin-amd64.tar.gz"
      },
      {
        "url": "https://api.github.com/repos/fabric8io/gofabric8/releases/assets/1115321",
        "id": 1115321,
        "name": "gofabric8-0.3.20-linux-amd64.tar.gz",
        "label": "",
        "uploader": {
          "login": "jstrachan",
          "id": 30140,
          "avatar_url": "https://avatars.githubusercontent.com/u/30140?v=3",
          "gravatar_id": "",
          "url": "https://api.github.com/users/jstrachan",
          "html_url": "https://github.com/jstrachan",
          "followers_url": "https://api.github.com/users/jstrachan/followers",
          "following_url": "https://api.github.com/users/jstrachan/following{/other_user}",
          "gists_url": "https://api.github.com/users/jstrachan/gists{/gist_id}",
          "starred_url": "https://api.github.com/users/jstrachan/starred{/owner}{/repo}",
          "subscriptions_url": "https://api.github.com/users/jstrachan/subscriptions",
          "organizations_url": "https://api.github.com/users/jstrachan/orgs",
          "repos_url": "https://api.github.com/users/jstrachan/repos",
          "events_url": "https://api.github.com/users/jstrachan/events{/privacy}",
          "received_events_url": "https://api.github.com/users/jstrachan/received_events",
          "type": "User",
          "site_admin": false
        },
        "content_type": "application/gzip",
        "state": "uploaded",
        "size": 6749601,
        "download_count": 538,
        "created_at": "2015-12-10T13:50:48Z",
        "updated_at": "2015-12-10T13:50:49Z",
        "browser_download_url": "https://github.com/fabric8io/gofabric8/releases/download/v0.3.20/gofabric8-0.3.20-linux-amd64.tar.gz"
      },
      {
        "url": "https://api.github.com/repos/fabric8io/gofabric8/releases/assets/1115322",
        "id": 1115322,
        "name": "gofabric8-0.3.20-windows-amd64.zip",
        "label": "",
        "uploader": {
          "login": "jstrachan",
          "id": 30140,
          "avatar_url": "https://avatars.githubusercontent.com/u/30140?v=3",
          "gravatar_id": "",
          "url": "https://api.github.com/users/jstrachan",
          "html_url": "https://github.com/jstrachan",
          "followers_url": "https://api.github.com/users/jstrachan/followers",
          "following_url": "https://api.github.com/users/jstrachan/following{/other_user}",
          "gists_url": "https://api.github.com/users/jstrachan/gists{/gist_id}",
          "starred_url": "https://api.github.com/users/jstrachan/starred{/owner}{/repo}",
          "subscriptions_url": "https://api.github.com/users/jstrachan/subscriptions",
          "organizations_url": "https://api.github.com/users/jstrachan/orgs",
          "repos_url": "https://api.github.com/users/jstrachan/repos",
          "events_url": "https://api.github.com/users/jstrachan/events{/privacy}",
          "received_events_url": "https://api.github.com/users/jstrachan/received_events",
          "type": "User",
          "site_admin": false
        },
        "content_type": "application/zip",
        "state": "uploaded",
        "size": 6725657,
        "download_count": 7,
        "created_at": "2015-12-10T13:50:49Z",
        "updated_at": "2015-12-10T13:50:50Z",
        "browser_download_url": "https://github.com/fabric8io/gofabric8/releases/download/v0.3.20/gofabric8-0.3.20-windows-amd64.zip"
      }
    ],
    "tarball_url": "https://api.github.com/repos/fabric8io/gofabric8/tarball/v0.3.20",
    "zipball_url": "https://api.github.com/repos/fabric8io/gofabric8/zipball/v0.3.20",
    "body": null
  },
  {
    "url": "https://api.github.com/repos/fabric8io/gofabric8/releases/2206992",
    "assets_url": "https://api.github.com/repos/fabric8io/gofabric8/releases/2206992/assets",
    "upload_url": "https://uploads.github.com/repos/fabric8io/gofabric8/releases/2206992/assets{?name,label}",
    "html_url": "https://github.com/fabric8io/gofabric8/releases/tag/v0.3.19",
    "id": 2206992,
    "tag_name": "v0.3.19",
    "target_commitish": "master",
    "name": "0.3.19",
    "draft": false,
    "author": {
      "login": "jstrachan",
      "id": 30140,
      "avatar_url": "https://avatars.githubusercontent.com/u/30140?v=3",
      "gravatar_id": "",
      "url": "https://api.github.com/users/jstrachan",
      "html_url": "https://github.com/jstrachan",
      "followers_url": "https://api.github.com/users/jstrachan/followers",
      "following_url": "https://api.github.com/users/jstrachan/following{/other_user}",
      "gists_url": "https://api.github.com/users/jstrachan/gists{/gist_id}",
      "starred_url": "https://api.github.com/users/jstrachan/starred{/owner}{/repo}",
      "subscriptions_url": "https://api.github.com/users/jstrachan/subscriptions",
      "organizations_url": "https://api.github.com/users/jstrachan/orgs",
      "repos_url": "https://api.github.com/users/jstrachan/repos",
      "events_url": "https://api.github.com/users/jstrachan/events{/privacy}",
      "received_events_url": "https://api.github.com/users/jstrachan/received_events",
      "type": "User",
      "site_admin": false
    },
    "prerelease": false,
    "created_at": "2015-11-30T15:45:47Z",
    "published_at": "2015-11-30T15:46:52Z",
    "assets": [
      {
        "url": "https://api.github.com/repos/fabric8io/gofabric8/releases/assets/1084370",
        "id": 1084370,
        "name": "gofabric8-0.3.19-darwin-amd64.tar.gz",
        "label": "",
        "uploader": {
          "login": "jstrachan",
          "id": 30140,
          "avatar_url": "https://avatars.githubusercontent.com/u/30140?v=3",
          "gravatar_id": "",
          "url": "https://api.github.com/users/jstrachan",
          "html_url": "https://github.com/jstrachan",
          "followers_url": "https://api.github.com/users/jstrachan/followers",
          "following_url": "https://api.github.com/users/jstrachan/following{/other_user}",
          "gists_url": "https://api.github.com/users/jstrachan/gists{/gist_id}",
          "starred_url": "https://api.github.com/users/jstrachan/starred{/owner}{/repo}",
          "subscriptions_url": "https://api.github.com/users/jstrachan/subscriptions",
          "organizations_url": "https://api.github.com/users/jstrachan/orgs",
          "repos_url": "https://api.github.com/users/jstrachan/repos",
          "events_url": "https://api.github.com/users/jstrachan/events{/privacy}",
          "received_events_url": "https://api.github.com/users/jstrachan/received_events",
          "type": "User",
          "site_admin": false
        },
        "content_type": "application/gzip",
        "state": "uploaded",
        "size": 6640624,
        "download_count": 1,
        "created_at": "2015-11-30T15:46:52Z",
        "updated_at": "2015-11-30T15:46:53Z",
        "browser_download_url": "https://github.com/fabric8io/gofabric8/releases/download/v0.3.19/gofabric8-0.3.19-darwin-amd64.tar.gz"
      },
      {
        "url": "https://api.github.com/repos/fabric8io/gofabric8/releases/assets/1084371",
        "id": 1084371,
        "name": "gofabric8-0.3.19-linux-amd64.tar.gz",
        "label": "",
        "uploader": {
          "login": "jstrachan",
          "id": 30140,
          "avatar_url": "https://avatars.githubusercontent.com/u/30140?v=3",
          "gravatar_id": "",
          "url": "https://api.github.com/users/jstrachan",
          "html_url": "https://github.com/jstrachan",
          "followers_url": "https://api.github.com/users/jstrachan/followers",
          "following_url": "https://api.github.com/users/jstrachan/following{/other_user}",
          "gists_url": "https://api.github.com/users/jstrachan/gists{/gist_id}",
          "starred_url": "https://api.github.com/users/jstrachan/starred{/owner}{/repo}",
          "subscriptions_url": "https://api.github.com/users/jstrachan/subscriptions",
          "organizations_url": "https://api.github.com/users/jstrachan/orgs",
          "repos_url": "https://api.github.com/users/jstrachan/repos",
          "events_url": "https://api.github.com/users/jstrachan/events{/privacy}",
          "received_events_url": "https://api.github.com/users/jstrachan/received_events",
          "type": "User",
          "site_admin": false
        },
        "content_type": "application/gzip",
        "state": "uploaded",
        "size": 6747133,
        "download_count": 74,
        "created_at": "2015-11-30T15:46:54Z",
        "updated_at": "2015-11-30T15:46:54Z",
        "browser_download_url": "https://github.com/fabric8io/gofabric8/releases/download/v0.3.19/gofabric8-0.3.19-linux-amd64.tar.gz"
      },
      {
        "url": "https://api.github.com/repos/fabric8io/gofabric8/releases/assets/1084372",
        "id": 1084372,
        "name": "gofabric8-0.3.19-windows-amd64.zip",
        "label": "",
        "uploader": {
          "login": "jstrachan",
          "id": 30140,
          "avatar_url": "https://avatars.githubusercontent.com/u/30140?v=3",
          "gravatar_id": "",
          "url": "https://api.github.com/users/jstrachan",
          "html_url": "https://github.com/jstrachan",
          "followers_url": "https://api.github.com/users/jstrachan/followers",
          "following_url": "https://api.github.com/users/jstrachan/following{/other_user}",
          "gists_url": "https://api.github.com/users/jstrachan/gists{/gist_id}",
          "starred_url": "https://api.github.com/users/jstrachan/starred{/owner}{/repo}",
          "subscriptions_url": "https://api.github.com/users/jstrachan/subscriptions",
          "organizations_url": "https://api.github.com/users/jstrachan/orgs",
          "repos_url": "https://api.github.com/users/jstrachan/repos",
          "events_url": "https://api.github.com/users/jstrachan/events{/privacy}",
          "received_events_url": "https://api.github.com/users/jstrachan/received_events",
          "type": "User",
          "site_admin": false
        },
        "content_type": "application/zip",
        "state": "uploaded",
        "size": 6725511,
        "download_count": 3,
        "created_at": "2015-11-30T15:46:55Z",
        "updated_at": "2015-11-30T15:46:56Z",
        "browser_download_url": "https://github.com/fabric8io/gofabric8/releases/download/v0.3.19/gofabric8-0.3.19-windows-amd64.zip"
      }
    ],
    "tarball_url": "https://api.github.com/repos/fabric8io/gofabric8/tarball/v0.3.19",
    "zipball_url": "https://api.github.com/repos/fabric8io/gofabric8/zipball/v0.3.19",
    "body": null
  },
  {
    "url": "https://api.github.com/repos/fabric8io/gofabric8/releases/2076867",
    "assets_url": "https://api.github.com/repos/fabric8io/gofabric8/releases/2076867/assets",
    "upload_url": "https://uploads.github.com/repos/fabric8io/gofabric8/releases/2076867/assets{?name,label}",
    "html_url": "https://github.com/fabric8io/gofabric8/releases/tag/v0.3.18",
    "id": 2076867,
    "tag_name": "v0.3.18",
    "target_commitish": "master",
    "name": "0.3.18",
    "draft": false,
    "author": {
      "login": "jstrachan",
      "id": 30140,
      "avatar_url": "https://avatars.githubusercontent.com/u/30140?v=3",
      "gravatar_id": "",
      "url": "https://api.github.com/users/jstrachan",
      "html_url": "https://github.com/jstrachan",
      "followers_url": "https://api.github.com/users/jstrachan/followers",
      "following_url": "https://api.github.com/users/jstrachan/following{/other_user}",
      "gists_url": "https://api.github.com/users/jstrachan/gists{/gist_id}",
      "starred_url": "https://api.github.com/users/jstrachan/starred{/owner}{/repo}",
      "subscriptions_url": "https://api.github.com/users/jstrachan/subscriptions",
      "organizations_url": "https://api.github.com/users/jstrachan/orgs",
      "repos_url": "https://api.github.com/users/jstrachan/repos",
      "events_url": "https://api.github.com/users/jstrachan/events{/privacy}",
      "received_events_url": "https://api.github.com/users/jstrachan/received_events",
      "type": "User",
      "site_admin": false
    },
    "prerelease": false,
    "created_at": "2015-11-05T12:42:10Z",
    "published_at": "2015-11-05T12:43:18Z",
    "assets": [
      {
        "url": "https://api.github.com/repos/fabric8io/gofabric8/releases/assets/1008787",
        "id": 1008787,
        "name": "gofabric8-0.3.18-darwin-amd64.tar.gz",
        "label": "",
        "uploader": {
          "login": "jstrachan",
          "id": 30140,
          "avatar_url": "https://avatars.githubusercontent.com/u/30140?v=3",
          "gravatar_id": "",
          "url": "https://api.github.com/users/jstrachan",
          "html_url": "https://github.com/jstrachan",
          "followers_url": "https://api.github.com/users/jstrachan/followers",
          "following_url": "https://api.github.com/users/jstrachan/following{/other_user}",
          "gists_url": "https://api.github.com/users/jstrachan/gists{/gist_id}",
          "starred_url": "https://api.github.com/users/jstrachan/starred{/owner}{/repo}",
          "subscriptions_url": "https://api.github.com/users/jstrachan/subscriptions",
          "organizations_url": "https://api.github.com/users/jstrachan/orgs",
          "repos_url": "https://api.github.com/users/jstrachan/repos",
          "events_url": "https://api.github.com/users/jstrachan/events{/privacy}",
          "received_events_url": "https://api.github.com/users/jstrachan/received_events",
          "type": "User",
          "site_admin": false
        },
        "content_type": "application/gzip",
        "state": "uploaded",
        "size": 6640799,
        "download_count": 6,
        "created_at": "2015-11-05T12:43:18Z",
        "updated_at": "2015-11-05T12:43:20Z",
        "browser_download_url": "https://github.com/fabric8io/gofabric8/releases/download/v0.3.18/gofabric8-0.3.18-darwin-amd64.tar.gz"
      },
      {
        "url": "https://api.github.com/repos/fabric8io/gofabric8/releases/assets/1008788",
        "id": 1008788,
        "name": "gofabric8-0.3.18-linux-amd64.tar.gz",
        "label": "",
        "uploader": {
          "login": "jstrachan",
          "id": 30140,
          "avatar_url": "https://avatars.githubusercontent.com/u/30140?v=3",
          "gravatar_id": "",
          "url": "https://api.github.com/users/jstrachan",
          "html_url": "https://github.com/jstrachan",
          "followers_url": "https://api.github.com/users/jstrachan/followers",
          "following_url": "https://api.github.com/users/jstrachan/following{/other_user}",
          "gists_url": "https://api.github.com/users/jstrachan/gists{/gist_id}",
          "starred_url": "https://api.github.com/users/jstrachan/starred{/owner}{/repo}",
          "subscriptions_url": "https://api.github.com/users/jstrachan/subscriptions",
          "organizations_url": "https://api.github.com/users/jstrachan/orgs",
          "repos_url": "https://api.github.com/users/jstrachan/repos",
          "events_url": "https://api.github.com/users/jstrachan/events{/privacy}",
          "received_events_url": "https://api.github.com/users/jstrachan/received_events",
          "type": "User",
          "site_admin": false
        },
        "content_type": "application/gzip",
        "state": "uploaded",
        "size": 6747238,
        "download_count": 130,
        "created_at": "2015-11-05T12:43:20Z",
        "updated_at": "2015-11-05T12:43:21Z",
        "browser_download_url": "https://github.com/fabric8io/gofabric8/releases/download/v0.3.18/gofabric8-0.3.18-linux-amd64.tar.gz"
      },
      {
        "url": "https://api.github.com/repos/fabric8io/gofabric8/releases/assets/1008789",
        "id": 1008789,
        "name": "gofabric8-0.3.18-windows-amd64.zip",
        "label": "",
        "uploader": {
          "login": "jstrachan",
          "id": 30140,
          "avatar_url": "https://avatars.githubusercontent.com/u/30140?v=3",
          "gravatar_id": "",
          "url": "https://api.github.com/users/jstrachan",
          "html_url": "https://github.com/jstrachan",
          "followers_url": "https://api.github.com/users/jstrachan/followers",
          "following_url": "https://api.github.com/users/jstrachan/following{/other_user}",
          "gists_url": "https://api.github.com/users/jstrachan/gists{/gist_id}",
          "starred_url": "https://api.github.com/users/jstrachan/starred{/owner}{/repo}",
          "subscriptions_url": "https://api.github.com/users/jstrachan/subscriptions",
          "organizations_url": "https://api.github.com/users/jstrachan/orgs",
          "repos_url": "https://api.github.com/users/jstrachan/repos",
          "events_url": "https://api.github.com/users/jstrachan/events{/privacy}",
          "received_events_url": "https://api.github.com/users/jstrachan/received_events",
          "type": "User",
          "site_admin": false
        },
        "content_type": "application/zip",
        "state": "uploaded",
        "size": 6724755,
        "download_count": 5,
        "created_at": "2015-11-05T12:43:22Z",
        "updated_at": "2015-11-05T12:43:23Z",
        "browser_download_url": "https://github.com/fabric8io/gofabric8/releases/download/v0.3.18/gofabric8-0.3.18-windows-amd64.zip"
      }
    ],
    "tarball_url": "https://api.github.com/repos/fabric8io/gofabric8/tarball/v0.3.18",
    "zipball_url": "https://api.github.com/repos/fabric8io/gofabric8/zipball/v0.3.18",
    "body": null
  },
  {
    "url": "https://api.github.com/repos/fabric8io/gofabric8/releases/2034399",
    "assets_url": "https://api.github.com/repos/fabric8io/gofabric8/releases/2034399/assets",
    "upload_url": "https://uploads.github.com/repos/fabric8io/gofabric8/releases/2034399/assets{?name,label}",
    "html_url": "https://github.com/fabric8io/gofabric8/releases/tag/v0.3.17",
    "id": 2034399,
    "tag_name": "v0.3.17",
    "target_commitish": "master",
    "name": "0.3.17",
    "draft": false,
    "author": {
      "login": "jstrachan",
      "id": 30140,
      "avatar_url": "https://avatars.githubusercontent.com/u/30140?v=3",
      "gravatar_id": "",
      "url": "https://api.github.com/users/jstrachan",
      "html_url": "https://github.com/jstrachan",
      "followers_url": "https://api.github.com/users/jstrachan/followers",
      "following_url": "https://api.github.com/users/jstrachan/following{/other_user}",
      "gists_url": "https://api.github.com/users/jstrachan/gists{/gist_id}",
      "starred_url": "https://api.github.com/users/jstrachan/starred{/owner}{/repo}",
      "subscriptions_url": "https://api.github.com/users/jstrachan/subscriptions",
      "organizations_url": "https://api.github.com/users/jstrachan/orgs",
      "repos_url": "https://api.github.com/users/jstrachan/repos",
      "events_url": "https://api.github.com/users/jstrachan/events{/privacy}",
      "received_events_url": "https://api.github.com/users/jstrachan/received_events",
      "type": "User",
      "site_admin": false
    },
    "prerelease": false,
    "created_at": "2015-10-28T17:50:22Z",
    "published_at": "2015-10-28T17:51:24Z",
    "assets": [
      {
        "url": "https://api.github.com/repos/fabric8io/gofabric8/releases/assets/986015",
        "id": 986015,
        "name": "gofabric8-0.3.17-darwin-amd64.tar.gz",
        "label": "",
        "uploader": {
          "login": "jstrachan",
          "id": 30140,
          "avatar_url": "https://avatars.githubusercontent.com/u/30140?v=3",
          "gravatar_id": "",
          "url": "https://api.github.com/users/jstrachan",
          "html_url": "https://github.com/jstrachan",
          "followers_url": "https://api.github.com/users/jstrachan/followers",
          "following_url": "https://api.github.com/users/jstrachan/following{/other_user}",
          "gists_url": "https://api.github.com/users/jstrachan/gists{/gist_id}",
          "starred_url": "https://api.github.com/users/jstrachan/starred{/owner}{/repo}",
          "subscriptions_url": "https://api.github.com/users/jstrachan/subscriptions",
          "organizations_url": "https://api.github.com/users/jstrachan/orgs",
          "repos_url": "https://api.github.com/users/jstrachan/repos",
          "events_url": "https://api.github.com/users/jstrachan/events{/privacy}",
          "received_events_url": "https://api.github.com/users/jstrachan/received_events",
          "type": "User",
          "site_admin": false
        },
        "content_type": "application/gzip",
        "state": "uploaded",
        "size": 6638958,
        "download_count": 1,
        "created_at": "2015-10-28T17:51:24Z",
        "updated_at": "2015-10-28T17:51:26Z",
        "browser_download_url": "https://github.com/fabric8io/gofabric8/releases/download/v0.3.17/gofabric8-0.3.17-darwin-amd64.tar.gz"
      },
      {
        "url": "https://api.github.com/repos/fabric8io/gofabric8/releases/assets/986016",
        "id": 986016,
        "name": "gofabric8-0.3.17-linux-amd64.tar.gz",
        "label": "",
        "uploader": {
          "login": "jstrachan",
          "id": 30140,
          "avatar_url": "https://avatars.githubusercontent.com/u/30140?v=3",
          "gravatar_id": "",
          "url": "https://api.github.com/users/jstrachan",
          "html_url": "https://github.com/jstrachan",
          "followers_url": "https://api.github.com/users/jstrachan/followers",
          "following_url": "https://api.github.com/users/jstrachan/following{/other_user}",
          "gists_url": "https://api.github.com/users/jstrachan/gists{/gist_id}",
          "starred_url": "https://api.github.com/users/jstrachan/starred{/owner}{/repo}",
          "subscriptions_url": "https://api.github.com/users/jstrachan/subscriptions",
          "organizations_url": "https://api.github.com/users/jstrachan/orgs",
          "repos_url": "https://api.github.com/users/jstrachan/repos",
          "events_url": "https://api.github.com/users/jstrachan/events{/privacy}",
          "received_events_url": "https://api.github.com/users/jstrachan/received_events",
          "type": "User",
          "site_admin": false
        },
        "content_type": "application/gzip",
        "state": "uploaded",
        "size": 6748557,
        "download_count": 15,
        "created_at": "2015-10-28T17:51:27Z",
        "updated_at": "2015-10-28T17:51:28Z",
        "browser_download_url": "https://github.com/fabric8io/gofabric8/releases/download/v0.3.17/gofabric8-0.3.17-linux-amd64.tar.gz"
      },
      {
        "url": "https://api.github.com/repos/fabric8io/gofabric8/releases/assets/986017",
        "id": 986017,
        "name": "gofabric8-0.3.17-windows-amd64.zip",
        "label": "",
        "uploader": {
          "login": "jstrachan",
          "id": 30140,
          "avatar_url": "https://avatars.githubusercontent.com/u/30140?v=3",
          "gravatar_id": "",
          "url": "https://api.github.com/users/jstrachan",
          "html_url": "https://github.com/jstrachan",
          "followers_url": "https://api.github.com/users/jstrachan/followers",
          "following_url": "https://api.github.com/users/jstrachan/following{/other_user}",
          "gists_url": "https://api.github.com/users/jstrachan/gists{/gist_id}",
          "starred_url": "https://api.github.com/users/jstrachan/starred{/owner}{/repo}",
          "subscriptions_url": "https://api.github.com/users/jstrachan/subscriptions",
          "organizations_url": "https://api.github.com/users/jstrachan/orgs",
          "repos_url": "https://api.github.com/users/jstrachan/repos",
          "events_url": "https://api.github.com/users/jstrachan/events{/privacy}",
          "received_events_url": "https://api.github.com/users/jstrachan/received_events",
          "type": "User",
          "site_admin": false
        },
        "content_type": "application/zip",
        "state": "uploaded",
        "size": 6725849,
        "download_count": 0,
        "created_at": "2015-10-28T17:51:29Z",
        "updated_at": "2015-10-28T17:51:30Z",
        "browser_download_url": "https://github.com/fabric8io/gofabric8/releases/download/v0.3.17/gofabric8-0.3.17-windows-amd64.zip"
      }
    ],
    "tarball_url": "https://api.github.com/repos/fabric8io/gofabric8/tarball/v0.3.17",
    "zipball_url": "https://api.github.com/repos/fabric8io/gofabric8/zipball/v0.3.17",
    "body": null
  },
  {
    "url": "https://api.github.com/repos/fabric8io/gofabric8/releases/1971054",
    "assets_url": "https://api.github.com/repos/fabric8io/gofabric8/releases/1971054/assets",
    "upload_url": "https://uploads.github.com/repos/fabric8io/gofabric8/releases/1971054/assets{?name,label}",
    "html_url": "https://github.com/fabric8io/gofabric8/releases/tag/v0.3.16",
    "id": 1971054,
    "tag_name": "v0.3.16",
    "target_commitish": "master",
    "name": "0.3.16",
    "draft": false,
    "author": {
      "login": "jstrachan",
      "id": 30140,
      "avatar_url": "https://avatars.githubusercontent.com/u/30140?v=3",
      "gravatar_id": "",
      "url": "https://api.github.com/users/jstrachan",
      "html_url": "https://github.com/jstrachan",
      "followers_url": "https://api.github.com/users/jstrachan/followers",
      "following_url": "https://api.github.com/users/jstrachan/following{/other_user}",
      "gists_url": "https://api.github.com/users/jstrachan/gists{/gist_id}",
      "starred_url": "https://api.github.com/users/jstrachan/starred{/owner}{/repo}",
      "subscriptions_url": "https://api.github.com/users/jstrachan/subscriptions",
      "organizations_url": "https://api.github.com/users/jstrachan/orgs",
      "repos_url": "https://api.github.com/users/jstrachan/repos",
      "events_url": "https://api.github.com/users/jstrachan/events{/privacy}",
      "received_events_url": "https://api.github.com/users/jstrachan/received_events",
      "type": "User",
      "site_admin": false
    },
    "prerelease": false,
    "created_at": "2015-10-16T10:23:45Z",
    "published_at": "2015-10-16T10:24:31Z",
    "assets": [
      {
        "url": "https://api.github.com/repos/fabric8io/gofabric8/releases/assets/949033",
        "id": 949033,
        "name": "gofabric8-0.3.16-darwin-amd64.tar.gz",
        "label": "",
        "uploader": {
          "login": "jstrachan",
          "id": 30140,
          "avatar_url": "https://avatars.githubusercontent.com/u/30140?v=3",
          "gravatar_id": "",
          "url": "https://api.github.com/users/jstrachan",
          "html_url": "https://github.com/jstrachan",
          "followers_url": "https://api.github.com/users/jstrachan/followers",
          "following_url": "https://api.github.com/users/jstrachan/following{/other_user}",
          "gists_url": "https://api.github.com/users/jstrachan/gists{/gist_id}",
          "starred_url": "https://api.github.com/users/jstrachan/starred{/owner}{/repo}",
          "subscriptions_url": "https://api.github.com/users/jstrachan/subscriptions",
          "organizations_url": "https://api.github.com/users/jstrachan/orgs",
          "repos_url": "https://api.github.com/users/jstrachan/repos",
          "events_url": "https://api.github.com/users/jstrachan/events{/privacy}",
          "received_events_url": "https://api.github.com/users/jstrachan/received_events",
          "type": "User",
          "site_admin": false
        },
        "content_type": "application/gzip",
        "state": "uploaded",
        "size": 6640485,
        "download_count": 11,
        "created_at": "2015-10-16T10:24:32Z",
        "updated_at": "2015-10-16T10:24:33Z",
        "browser_download_url": "https://github.com/fabric8io/gofabric8/releases/download/v0.3.16/gofabric8-0.3.16-darwin-amd64.tar.gz"
      },
      {
        "url": "https://api.github.com/repos/fabric8io/gofabric8/releases/assets/949034",
        "id": 949034,
        "name": "gofabric8-0.3.16-linux-amd64.tar.gz",
        "label": "",
        "uploader": {
          "login": "jstrachan",
          "id": 30140,
          "avatar_url": "https://avatars.githubusercontent.com/u/30140?v=3",
          "gravatar_id": "",
          "url": "https://api.github.com/users/jstrachan",
          "html_url": "https://github.com/jstrachan",
          "followers_url": "https://api.github.com/users/jstrachan/followers",
          "following_url": "https://api.github.com/users/jstrachan/following{/other_user}",
          "gists_url": "https://api.github.com/users/jstrachan/gists{/gist_id}",
          "starred_url": "https://api.github.com/users/jstrachan/starred{/owner}{/repo}",
          "subscriptions_url": "https://api.github.com/users/jstrachan/subscriptions",
          "organizations_url": "https://api.github.com/users/jstrachan/orgs",
          "repos_url": "https://api.github.com/users/jstrachan/repos",
          "events_url": "https://api.github.com/users/jstrachan/events{/privacy}",
          "received_events_url": "https://api.github.com/users/jstrachan/received_events",
          "type": "User",
          "site_admin": false
        },
        "content_type": "application/gzip",
        "state": "uploaded",
        "size": 6748375,
        "download_count": 74,
        "created_at": "2015-10-16T10:24:34Z",
        "updated_at": "2015-10-16T10:24:35Z",
        "browser_download_url": "https://github.com/fabric8io/gofabric8/releases/download/v0.3.16/gofabric8-0.3.16-linux-amd64.tar.gz"
      },
      {
        "url": "https://api.github.com/repos/fabric8io/gofabric8/releases/assets/949035",
        "id": 949035,
        "name": "gofabric8-0.3.16-windows-amd64.zip",
        "label": "",
        "uploader": {
          "login": "jstrachan",
          "id": 30140,
          "avatar_url": "https://avatars.githubusercontent.com/u/30140?v=3",
          "gravatar_id": "",
          "url": "https://api.github.com/users/jstrachan",
          "html_url": "https://github.com/jstrachan",
          "followers_url": "https://api.github.com/users/jstrachan/followers",
          "following_url": "https://api.github.com/users/jstrachan/following{/other_user}",
          "gists_url": "https://api.github.com/users/jstrachan/gists{/gist_id}",
          "starred_url": "https://api.github.com/users/jstrachan/starred{/owner}{/repo}",
          "subscriptions_url": "https://api.github.com/users/jstrachan/subscriptions",
          "organizations_url": "https://api.github.com/users/jstrachan/orgs",
          "repos_url": "https://api.github.com/users/jstrachan/repos",
          "events_url": "https://api.github.com/users/jstrachan/events{/privacy}",
          "received_events_url": "https://api.github.com/users/jstrachan/received_events",
          "type": "User",
          "site_admin": false
        },
        "content_type": "application/zip",
        "state": "uploaded",
        "size": 6725230,
        "download_count": 1,
        "created_at": "2015-10-16T10:24:35Z",
        "updated_at": "2015-10-16T10:24:36Z",
        "browser_download_url": "https://github.com/fabric8io/gofabric8/releases/download/v0.3.16/gofabric8-0.3.16-windows-amd64.zip"
      }
    ],
    "tarball_url": "https://api.github.com/repos/fabric8io/gofabric8/tarball/v0.3.16",
    "zipball_url": "https://api.github.com/repos/fabric8io/gofabric8/zipball/v0.3.16",
    "body": null
  },
  {
    "url": "https://api.github.com/repos/fabric8io/gofabric8/releases/1875974",
    "assets_url": "https://api.github.com/repos/fabric8io/gofabric8/releases/1875974/assets",
    "upload_url": "https://uploads.github.com/repos/fabric8io/gofabric8/releases/1875974/assets{?name,label}",
    "html_url": "https://github.com/fabric8io/gofabric8/releases/tag/v0.3.15",
    "id": 1875974,
    "tag_name": "v0.3.15",
    "target_commitish": "master",
    "name": "0.3.15",
    "draft": false,
    "author": {
      "login": "jstrachan",
      "id": 30140,
      "avatar_url": "https://avatars.githubusercontent.com/u/30140?v=3",
      "gravatar_id": "",
      "url": "https://api.github.com/users/jstrachan",
      "html_url": "https://github.com/jstrachan",
      "followers_url": "https://api.github.com/users/jstrachan/followers",
      "following_url": "https://api.github.com/users/jstrachan/following{/other_user}",
      "gists_url": "https://api.github.com/users/jstrachan/gists{/gist_id}",
      "starred_url": "https://api.github.com/users/jstrachan/starred{/owner}{/repo}",
      "subscriptions_url": "https://api.github.com/users/jstrachan/subscriptions",
      "organizations_url": "https://api.github.com/users/jstrachan/orgs",
      "repos_url": "https://api.github.com/users/jstrachan/repos",
      "events_url": "https://api.github.com/users/jstrachan/events{/privacy}",
      "received_events_url": "https://api.github.com/users/jstrachan/received_events",
      "type": "User",
      "site_admin": false
    },
    "prerelease": false,
    "created_at": "2015-09-28T09:25:05Z",
    "published_at": "2015-09-28T09:26:07Z",
    "assets": [
      {
        "url": "https://api.github.com/repos/fabric8io/gofabric8/releases/assets/898733",
        "id": 898733,
        "name": "gofabric8-0.3.15-darwin-amd64.tar.gz",
        "label": "",
        "uploader": {
          "login": "jstrachan",
          "id": 30140,
          "avatar_url": "https://avatars.githubusercontent.com/u/30140?v=3",
          "gravatar_id": "",
          "url": "https://api.github.com/users/jstrachan",
          "html_url": "https://github.com/jstrachan",
          "followers_url": "https://api.github.com/users/jstrachan/followers",
          "following_url": "https://api.github.com/users/jstrachan/following{/other_user}",
          "gists_url": "https://api.github.com/users/jstrachan/gists{/gist_id}",
          "starred_url": "https://api.github.com/users/jstrachan/starred{/owner}{/repo}",
          "subscriptions_url": "https://api.github.com/users/jstrachan/subscriptions",
          "organizations_url": "https://api.github.com/users/jstrachan/orgs",
          "repos_url": "https://api.github.com/users/jstrachan/repos",
          "events_url": "https://api.github.com/users/jstrachan/events{/privacy}",
          "received_events_url": "https://api.github.com/users/jstrachan/received_events",
          "type": "User",
          "site_admin": false
        },
        "content_type": "application/gzip",
        "state": "uploaded",
        "size": 6640487,
        "download_count": 9,
        "created_at": "2015-09-28T09:26:07Z",
        "updated_at": "2015-09-28T09:26:09Z",
        "browser_download_url": "https://github.com/fabric8io/gofabric8/releases/download/v0.3.15/gofabric8-0.3.15-darwin-amd64.tar.gz"
      },
      {
        "url": "https://api.github.com/repos/fabric8io/gofabric8/releases/assets/898734",
        "id": 898734,
        "name": "gofabric8-0.3.15-linux-amd64.tar.gz",
        "label": "",
        "uploader": {
          "login": "jstrachan",
          "id": 30140,
          "avatar_url": "https://avatars.githubusercontent.com/u/30140?v=3",
          "gravatar_id": "",
          "url": "https://api.github.com/users/jstrachan",
          "html_url": "https://github.com/jstrachan",
          "followers_url": "https://api.github.com/users/jstrachan/followers",
          "following_url": "https://api.github.com/users/jstrachan/following{/other_user}",
          "gists_url": "https://api.github.com/users/jstrachan/gists{/gist_id}",
          "starred_url": "https://api.github.com/users/jstrachan/starred{/owner}{/repo}",
          "subscriptions_url": "https://api.github.com/users/jstrachan/subscriptions",
          "organizations_url": "https://api.github.com/users/jstrachan/orgs",
          "repos_url": "https://api.github.com/users/jstrachan/repos",
          "events_url": "https://api.github.com/users/jstrachan/events{/privacy}",
          "received_events_url": "https://api.github.com/users/jstrachan/received_events",
          "type": "User",
          "site_admin": false
        },
        "content_type": "application/gzip",
        "state": "uploaded",
        "size": 6748420,
        "download_count": 106,
        "created_at": "2015-09-28T09:26:10Z",
        "updated_at": "2015-09-28T09:26:11Z",
        "browser_download_url": "https://github.com/fabric8io/gofabric8/releases/download/v0.3.15/gofabric8-0.3.15-linux-amd64.tar.gz"
      },
      {
        "url": "https://api.github.com/repos/fabric8io/gofabric8/releases/assets/898735",
        "id": 898735,
        "name": "gofabric8-0.3.15-windows-amd64.zip",
        "label": "",
        "uploader": {
          "login": "jstrachan",
          "id": 30140,
          "avatar_url": "https://avatars.githubusercontent.com/u/30140?v=3",
          "gravatar_id": "",
          "url": "https://api.github.com/users/jstrachan",
          "html_url": "https://github.com/jstrachan",
          "followers_url": "https://api.github.com/users/jstrachan/followers",
          "following_url": "https://api.github.com/users/jstrachan/following{/other_user}",
          "gists_url": "https://api.github.com/users/jstrachan/gists{/gist_id}",
          "starred_url": "https://api.github.com/users/jstrachan/starred{/owner}{/repo}",
          "subscriptions_url": "https://api.github.com/users/jstrachan/subscriptions",
          "organizations_url": "https://api.github.com/users/jstrachan/orgs",
          "repos_url": "https://api.github.com/users/jstrachan/repos",
          "events_url": "https://api.github.com/users/jstrachan/events{/privacy}",
          "received_events_url": "https://api.github.com/users/jstrachan/received_events",
          "type": "User",
          "site_admin": false
        },
        "content_type": "application/zip",
        "state": "uploaded",
        "size": 6725229,
        "download_count": 3,
        "created_at": "2015-09-28T09:26:12Z",
        "updated_at": "2015-09-28T09:26:14Z",
        "browser_download_url": "https://github.com/fabric8io/gofabric8/releases/download/v0.3.15/gofabric8-0.3.15-windows-amd64.zip"
      }
    ],
    "tarball_url": "https://api.github.com/repos/fabric8io/gofabric8/tarball/v0.3.15",
    "zipball_url": "https://api.github.com/repos/fabric8io/gofabric8/zipball/v0.3.15",
    "body": null
  },
  {
    "url": "https://api.github.com/repos/fabric8io/gofabric8/releases/1875913",
    "assets_url": "https://api.github.com/repos/fabric8io/gofabric8/releases/1875913/assets",
    "upload_url": "https://uploads.github.com/repos/fabric8io/gofabric8/releases/1875913/assets{?name,label}",
    "html_url": "https://github.com/fabric8io/gofabric8/releases/tag/v0.3.14",
    "id": 1875913,
    "tag_name": "v0.3.14",
    "target_commitish": "master",
    "name": "0.3.14",
    "draft": false,
    "author": {
      "login": "jimmidyson",
      "id": 464659,
      "avatar_url": "https://avatars.githubusercontent.com/u/464659?v=3",
      "gravatar_id": "",
      "url": "https://api.github.com/users/jimmidyson",
      "html_url": "https://github.com/jimmidyson",
      "followers_url": "https://api.github.com/users/jimmidyson/followers",
      "following_url": "https://api.github.com/users/jimmidyson/following{/other_user}",
      "gists_url": "https://api.github.com/users/jimmidyson/gists{/gist_id}",
      "starred_url": "https://api.github.com/users/jimmidyson/starred{/owner}{/repo}",
      "subscriptions_url": "https://api.github.com/users/jimmidyson/subscriptions",
      "organizations_url": "https://api.github.com/users/jimmidyson/orgs",
      "repos_url": "https://api.github.com/users/jimmidyson/repos",
      "events_url": "https://api.github.com/users/jimmidyson/events{/privacy}",
      "received_events_url": "https://api.github.com/users/jimmidyson/received_events",
      "type": "User",
      "site_admin": false
    },
    "prerelease": false,
    "created_at": "2015-09-28T09:08:14Z",
    "published_at": "2015-09-28T09:10:40Z",
    "assets": [
      {
        "url": "https://api.github.com/repos/fabric8io/gofabric8/releases/assets/898708",
        "id": 898708,
        "name": "gofabric8-0.3.13-darwin-amd64.tar.gz",
        "label": "",
        "uploader": {
          "login": "jimmidyson",
          "id": 464659,
          "avatar_url": "https://avatars.githubusercontent.com/u/464659?v=3",
          "gravatar_id": "",
          "url": "https://api.github.com/users/jimmidyson",
          "html_url": "https://github.com/jimmidyson",
          "followers_url": "https://api.github.com/users/jimmidyson/followers",
          "following_url": "https://api.github.com/users/jimmidyson/following{/other_user}",
          "gists_url": "https://api.github.com/users/jimmidyson/gists{/gist_id}",
          "starred_url": "https://api.github.com/users/jimmidyson/starred{/owner}{/repo}",
          "subscriptions_url": "https://api.github.com/users/jimmidyson/subscriptions",
          "organizations_url": "https://api.github.com/users/jimmidyson/orgs",
          "repos_url": "https://api.github.com/users/jimmidyson/repos",
          "events_url": "https://api.github.com/users/jimmidyson/events{/privacy}",
          "received_events_url": "https://api.github.com/users/jimmidyson/received_events",
          "type": "User",
          "site_admin": false
        },
        "content_type": "application/gzip",
        "state": "uploaded",
        "size": 6638782,
        "download_count": 0,
        "created_at": "2015-09-28T09:10:41Z",
        "updated_at": "2015-09-28T09:10:46Z",
        "browser_download_url": "https://github.com/fabric8io/gofabric8/releases/download/v0.3.14/gofabric8-0.3.13-darwin-amd64.tar.gz"
      },
      {
        "url": "https://api.github.com/repos/fabric8io/gofabric8/releases/assets/898709",
        "id": 898709,
        "name": "gofabric8-0.3.13-linux-amd64.tar.gz",
        "label": "",
        "uploader": {
          "login": "jimmidyson",
          "id": 464659,
          "avatar_url": "https://avatars.githubusercontent.com/u/464659?v=3",
          "gravatar_id": "",
          "url": "https://api.github.com/users/jimmidyson",
          "html_url": "https://github.com/jimmidyson",
          "followers_url": "https://api.github.com/users/jimmidyson/followers",
          "following_url": "https://api.github.com/users/jimmidyson/following{/other_user}",
          "gists_url": "https://api.github.com/users/jimmidyson/gists{/gist_id}",
          "starred_url": "https://api.github.com/users/jimmidyson/starred{/owner}{/repo}",
          "subscriptions_url": "https://api.github.com/users/jimmidyson/subscriptions",
          "organizations_url": "https://api.github.com/users/jimmidyson/orgs",
          "repos_url": "https://api.github.com/users/jimmidyson/repos",
          "events_url": "https://api.github.com/users/jimmidyson/events{/privacy}",
          "received_events_url": "https://api.github.com/users/jimmidyson/received_events",
          "type": "User",
          "site_admin": false
        },
        "content_type": "application/gzip",
        "state": "uploaded",
        "size": 6745132,
        "download_count": 1,
        "created_at": "2015-09-28T09:10:47Z",
        "updated_at": "2015-09-28T09:10:52Z",
        "browser_download_url": "https://github.com/fabric8io/gofabric8/releases/download/v0.3.14/gofabric8-0.3.13-linux-amd64.tar.gz"
      },
      {
        "url": "https://api.github.com/repos/fabric8io/gofabric8/releases/assets/898710",
        "id": 898710,
        "name": "gofabric8-0.3.13-windows-amd64.zip",
        "label": "",
        "uploader": {
          "login": "jimmidyson",
          "id": 464659,
          "avatar_url": "https://avatars.githubusercontent.com/u/464659?v=3",
          "gravatar_id": "",
          "url": "https://api.github.com/users/jimmidyson",
          "html_url": "https://github.com/jimmidyson",
          "followers_url": "https://api.github.com/users/jimmidyson/followers",
          "following_url": "https://api.github.com/users/jimmidyson/following{/other_user}",
          "gists_url": "https://api.github.com/users/jimmidyson/gists{/gist_id}",
          "starred_url": "https://api.github.com/users/jimmidyson/starred{/owner}{/repo}",
          "subscriptions_url": "https://api.github.com/users/jimmidyson/subscriptions",
          "organizations_url": "https://api.github.com/users/jimmidyson/orgs",
          "repos_url": "https://api.github.com/users/jimmidyson/repos",
          "events_url": "https://api.github.com/users/jimmidyson/events{/privacy}",
          "received_events_url": "https://api.github.com/users/jimmidyson/received_events",
          "type": "User",
          "site_admin": false
        },
        "content_type": "application/zip",
        "state": "uploaded",
        "size": 6722159,
        "download_count": 0,
        "created_at": "2015-09-28T09:10:53Z",
        "updated_at": "2015-09-28T09:10:58Z",
        "browser_download_url": "https://github.com/fabric8io/gofabric8/releases/download/v0.3.14/gofabric8-0.3.13-windows-amd64.zip"
      }
    ],
    "tarball_url": "https://api.github.com/repos/fabric8io/gofabric8/tarball/v0.3.14",
    "zipball_url": "https://api.github.com/repos/fabric8io/gofabric8/zipball/v0.3.14",
    "body": null
  },
  {
    "url": "https://api.github.com/repos/fabric8io/gofabric8/releases/1821857",
    "assets_url": "https://api.github.com/repos/fabric8io/gofabric8/releases/1821857/assets",
    "upload_url": "https://uploads.github.com/repos/fabric8io/gofabric8/releases/1821857/assets{?name,label}",
    "html_url": "https://github.com/fabric8io/gofabric8/releases/tag/v0.3.13",
    "id": 1821857,
    "tag_name": "v0.3.13",
    "target_commitish": "master",
    "name": "0.3.13",
    "draft": false,
    "author": {
      "login": "jimmidyson",
      "id": 464659,
      "avatar_url": "https://avatars.githubusercontent.com/u/464659?v=3",
      "gravatar_id": "",
      "url": "https://api.github.com/users/jimmidyson",
      "html_url": "https://github.com/jimmidyson",
      "followers_url": "https://api.github.com/users/jimmidyson/followers",
      "following_url": "https://api.github.com/users/jimmidyson/following{/other_user}",
      "gists_url": "https://api.github.com/users/jimmidyson/gists{/gist_id}",
      "starred_url": "https://api.github.com/users/jimmidyson/starred{/owner}{/repo}",
      "subscriptions_url": "https://api.github.com/users/jimmidyson/subscriptions",
      "organizations_url": "https://api.github.com/users/jimmidyson/orgs",
      "repos_url": "https://api.github.com/users/jimmidyson/repos",
      "events_url": "https://api.github.com/users/jimmidyson/events{/privacy}",
      "received_events_url": "https://api.github.com/users/jimmidyson/received_events",
      "type": "User",
      "site_admin": false
    },
    "prerelease": false,
    "created_at": "2015-09-16T13:29:25Z",
    "published_at": "2015-09-16T13:56:34Z",
    "assets": [
      {
        "url": "https://api.github.com/repos/fabric8io/gofabric8/releases/assets/869089",
        "id": 869089,
        "name": "gofabric8-0.3.13-darwin-amd64.tar.gz",
        "label": "",
        "uploader": {
          "login": "jimmidyson",
          "id": 464659,
          "avatar_url": "https://avatars.githubusercontent.com/u/464659?v=3",
          "gravatar_id": "",
          "url": "https://api.github.com/users/jimmidyson",
          "html_url": "https://github.com/jimmidyson",
          "followers_url": "https://api.github.com/users/jimmidyson/followers",
          "following_url": "https://api.github.com/users/jimmidyson/following{/other_user}",
          "gists_url": "https://api.github.com/users/jimmidyson/gists{/gist_id}",
          "starred_url": "https://api.github.com/users/jimmidyson/starred{/owner}{/repo}",
          "subscriptions_url": "https://api.github.com/users/jimmidyson/subscriptions",
          "organizations_url": "https://api.github.com/users/jimmidyson/orgs",
          "repos_url": "https://api.github.com/users/jimmidyson/repos",
          "events_url": "https://api.github.com/users/jimmidyson/events{/privacy}",
          "received_events_url": "https://api.github.com/users/jimmidyson/received_events",
          "type": "User",
          "site_admin": false
        },
        "content_type": "application/gzip",
        "state": "uploaded",
        "size": 6638782,
        "download_count": 6,
        "created_at": "2015-09-16T13:56:34Z",
        "updated_at": "2015-09-16T13:56:40Z",
        "browser_download_url": "https://github.com/fabric8io/gofabric8/releases/download/v0.3.13/gofabric8-0.3.13-darwin-amd64.tar.gz"
      },
      {
        "url": "https://api.github.com/repos/fabric8io/gofabric8/releases/assets/869090",
        "id": 869090,
        "name": "gofabric8-0.3.13-linux-amd64.tar.gz",
        "label": "",
        "uploader": {
          "login": "jimmidyson",
          "id": 464659,
          "avatar_url": "https://avatars.githubusercontent.com/u/464659?v=3",
          "gravatar_id": "",
          "url": "https://api.github.com/users/jimmidyson",
          "html_url": "https://github.com/jimmidyson",
          "followers_url": "https://api.github.com/users/jimmidyson/followers",
          "following_url": "https://api.github.com/users/jimmidyson/following{/other_user}",
          "gists_url": "https://api.github.com/users/jimmidyson/gists{/gist_id}",
          "starred_url": "https://api.github.com/users/jimmidyson/starred{/owner}{/repo}",
          "subscriptions_url": "https://api.github.com/users/jimmidyson/subscriptions",
          "organizations_url": "https://api.github.com/users/jimmidyson/orgs",
          "repos_url": "https://api.github.com/users/jimmidyson/repos",
          "events_url": "https://api.github.com/users/jimmidyson/events{/privacy}",
          "received_events_url": "https://api.github.com/users/jimmidyson/received_events",
          "type": "User",
          "site_admin": false
        },
        "content_type": "application/gzip",
        "state": "uploaded",
        "size": 6745132,
        "download_count": 16,
        "created_at": "2015-09-16T13:56:40Z",
        "updated_at": "2015-09-16T13:56:46Z",
        "browser_download_url": "https://github.com/fabric8io/gofabric8/releases/download/v0.3.13/gofabric8-0.3.13-linux-amd64.tar.gz"
      },
      {
        "url": "https://api.github.com/repos/fabric8io/gofabric8/releases/assets/869091",
        "id": 869091,
        "name": "gofabric8-0.3.13-windows-amd64.zip",
        "label": "",
        "uploader": {
          "login": "jimmidyson",
          "id": 464659,
          "avatar_url": "https://avatars.githubusercontent.com/u/464659?v=3",
          "gravatar_id": "",
          "url": "https://api.github.com/users/jimmidyson",
          "html_url": "https://github.com/jimmidyson",
          "followers_url": "https://api.github.com/users/jimmidyson/followers",
          "following_url": "https://api.github.com/users/jimmidyson/following{/other_user}",
          "gists_url": "https://api.github.com/users/jimmidyson/gists{/gist_id}",
          "starred_url": "https://api.github.com/users/jimmidyson/starred{/owner}{/repo}",
          "subscriptions_url": "https://api.github.com/users/jimmidyson/subscriptions",
          "organizations_url": "https://api.github.com/users/jimmidyson/orgs",
          "repos_url": "https://api.github.com/users/jimmidyson/repos",
          "events_url": "https://api.github.com/users/jimmidyson/events{/privacy}",
          "received_events_url": "https://api.github.com/users/jimmidyson/received_events",
          "type": "User",
          "site_admin": false
        },
        "content_type": "application/zip",
        "state": "uploaded",
        "size": 6722159,
        "download_count": 1,
        "created_at": "2015-09-16T13:56:46Z",
        "updated_at": "2015-09-16T13:56:51Z",
        "browser_download_url": "https://github.com/fabric8io/gofabric8/releases/download/v0.3.13/gofabric8-0.3.13-windows-amd64.zip"
      }
    ],
    "tarball_url": "https://api.github.com/repos/fabric8io/gofabric8/tarball/v0.3.13",
    "zipball_url": "https://api.github.com/repos/fabric8io/gofabric8/zipball/v0.3.13",
    "body": null
  },
  {
    "url": "https://api.github.com/repos/fabric8io/gofabric8/releases/1821676",
    "assets_url": "https://api.github.com/repos/fabric8io/gofabric8/releases/1821676/assets",
    "upload_url": "https://uploads.github.com/repos/fabric8io/gofabric8/releases/1821676/assets{?name,label}",
    "html_url": "https://github.com/fabric8io/gofabric8/releases/tag/v0.3.12",
    "id": 1821676,
    "tag_name": "v0.3.12",
    "target_commitish": "master",
    "name": "0.3.12",
    "draft": false,
    "author": {
      "login": "jstrachan",
      "id": 30140,
      "avatar_url": "https://avatars.githubusercontent.com/u/30140?v=3",
      "gravatar_id": "",
      "url": "https://api.github.com/users/jstrachan",
      "html_url": "https://github.com/jstrachan",
      "followers_url": "https://api.github.com/users/jstrachan/followers",
      "following_url": "https://api.github.com/users/jstrachan/following{/other_user}",
      "gists_url": "https://api.github.com/users/jstrachan/gists{/gist_id}",
      "starred_url": "https://api.github.com/users/jstrachan/starred{/owner}{/repo}",
      "subscriptions_url": "https://api.github.com/users/jstrachan/subscriptions",
      "organizations_url": "https://api.github.com/users/jstrachan/orgs",
      "repos_url": "https://api.github.com/users/jstrachan/repos",
      "events_url": "https://api.github.com/users/jstrachan/events{/privacy}",
      "received_events_url": "https://api.github.com/users/jstrachan/received_events",
      "type": "User",
      "site_admin": false
    },
    "prerelease": false,
    "created_at": "2015-09-16T13:25:02Z",
    "published_at": "2015-09-16T13:25:55Z",
    "assets": [

    ],
    "tarball_url": "https://api.github.com/repos/fabric8io/gofabric8/tarball/v0.3.12",
    "zipball_url": "https://api.github.com/repos/fabric8io/gofabric8/zipball/v0.3.12",
    "body": null
  },
  {
    "url": "https://api.github.com/repos/fabric8io/gofabric8/releases/1821665",
    "assets_url": "https://api.github.com/repos/fabric8io/gofabric8/releases/1821665/assets",
    "upload_url": "https://uploads.github.com/repos/fabric8io/gofabric8/releases/1821665/assets{?name,label}",
    "html_url": "https://github.com/fabric8io/gofabric8/releases/tag/v0.3.11",
    "id": 1821665,
    "tag_name": "v0.3.11",
    "target_commitish": "master",
    "name": "0.3.11",
    "draft": false,
    "author": {
      "login": "jstrachan",
      "id": 30140,
      "avatar_url": "https://avatars.githubusercontent.com/u/30140?v=3",
      "gravatar_id": "",
      "url": "https://api.github.com/users/jstrachan",
      "html_url": "https://github.com/jstrachan",
      "followers_url": "https://api.github.com/users/jstrachan/followers",
      "following_url": "https://api.github.com/users/jstrachan/following{/other_user}",
      "gists_url": "https://api.github.com/users/jstrachan/gists{/gist_id}",
      "starred_url": "https://api.github.com/users/jstrachan/starred{/owner}{/repo}",
      "subscriptions_url": "https://api.github.com/users/jstrachan/subscriptions",
      "organizations_url": "https://api.github.com/users/jstrachan/orgs",
      "repos_url": "https://api.github.com/users/jstrachan/repos",
      "events_url": "https://api.github.com/users/jstrachan/events{/privacy}",
      "received_events_url": "https://api.github.com/users/jstrachan/received_events",
      "type": "User",
      "site_admin": false
    },
    "prerelease": false,
    "created_at": "2015-09-16T13:16:34Z",
    "published_at": "2015-09-16T13:24:11Z",
    "assets": [

    ],
    "tarball_url": "https://api.github.com/repos/fabric8io/gofabric8/tarball/v0.3.11",
    "zipball_url": "https://api.github.com/repos/fabric8io/gofabric8/zipball/v0.3.11",
    "body": null
  },
  {
    "url": "https://api.github.com/repos/fabric8io/gofabric8/releases/1808700",
    "assets_url": "https://api.github.com/repos/fabric8io/gofabric8/releases/1808700/assets",
    "upload_url": "https://uploads.github.com/repos/fabric8io/gofabric8/releases/1808700/assets{?name,label}",
    "html_url": "https://github.com/fabric8io/gofabric8/releases/tag/v0.3.10",
    "id": 1808700,
    "tag_name": "v0.3.10",
    "target_commitish": "master",
    "name": "0.3.10",
    "draft": false,
    "author": {
      "login": "jimmidyson",
      "id": 464659,
      "avatar_url": "https://avatars.githubusercontent.com/u/464659?v=3",
      "gravatar_id": "",
      "url": "https://api.github.com/users/jimmidyson",
      "html_url": "https://github.com/jimmidyson",
      "followers_url": "https://api.github.com/users/jimmidyson/followers",
      "following_url": "https://api.github.com/users/jimmidyson/following{/other_user}",
      "gists_url": "https://api.github.com/users/jimmidyson/gists{/gist_id}",
      "starred_url": "https://api.github.com/users/jimmidyson/starred{/owner}{/repo}",
      "subscriptions_url": "https://api.github.com/users/jimmidyson/subscriptions",
      "organizations_url": "https://api.github.com/users/jimmidyson/orgs",
      "repos_url": "https://api.github.com/users/jimmidyson/repos",
      "events_url": "https://api.github.com/users/jimmidyson/events{/privacy}",
      "received_events_url": "https://api.github.com/users/jimmidyson/received_events",
      "type": "User",
      "site_admin": false
    },
    "prerelease": false,
    "created_at": "2015-09-14T09:58:42Z",
    "published_at": "2015-09-14T10:01:07Z",
    "assets": [
      {
        "url": "https://api.github.com/repos/fabric8io/gofabric8/releases/assets/862797",
        "id": 862797,
        "name": "gofabric8-0.3.10-darwin-amd64.tar.gz",
        "label": "",
        "uploader": {
          "login": "jimmidyson",
          "id": 464659,
          "avatar_url": "https://avatars.githubusercontent.com/u/464659?v=3",
          "gravatar_id": "",
          "url": "https://api.github.com/users/jimmidyson",
          "html_url": "https://github.com/jimmidyson",
          "followers_url": "https://api.github.com/users/jimmidyson/followers",
          "following_url": "https://api.github.com/users/jimmidyson/following{/other_user}",
          "gists_url": "https://api.github.com/users/jimmidyson/gists{/gist_id}",
          "starred_url": "https://api.github.com/users/jimmidyson/starred{/owner}{/repo}",
          "subscriptions_url": "https://api.github.com/users/jimmidyson/subscriptions",
          "organizations_url": "https://api.github.com/users/jimmidyson/orgs",
          "repos_url": "https://api.github.com/users/jimmidyson/repos",
          "events_url": "https://api.github.com/users/jimmidyson/events{/privacy}",
          "received_events_url": "https://api.github.com/users/jimmidyson/received_events",
          "type": "User",
          "site_admin": false
        },
        "content_type": "application/gzip",
        "state": "uploaded",
        "size": 6637612,
        "download_count": 2,
        "created_at": "2015-09-14T10:01:07Z",
        "updated_at": "2015-09-14T10:01:12Z",
        "browser_download_url": "https://github.com/fabric8io/gofabric8/releases/download/v0.3.10/gofabric8-0.3.10-darwin-amd64.tar.gz"
      },
      {
        "url": "https://api.github.com/repos/fabric8io/gofabric8/releases/assets/862798",
        "id": 862798,
        "name": "gofabric8-0.3.10-linux-amd64.tar.gz",
        "label": "",
        "uploader": {
          "login": "jimmidyson",
          "id": 464659,
          "avatar_url": "https://avatars.githubusercontent.com/u/464659?v=3",
          "gravatar_id": "",
          "url": "https://api.github.com/users/jimmidyson",
          "html_url": "https://github.com/jimmidyson",
          "followers_url": "https://api.github.com/users/jimmidyson/followers",
          "following_url": "https://api.github.com/users/jimmidyson/following{/other_user}",
          "gists_url": "https://api.github.com/users/jimmidyson/gists{/gist_id}",
          "starred_url": "https://api.github.com/users/jimmidyson/starred{/owner}{/repo}",
          "subscriptions_url": "https://api.github.com/users/jimmidyson/subscriptions",
          "organizations_url": "https://api.github.com/users/jimmidyson/orgs",
          "repos_url": "https://api.github.com/users/jimmidyson/repos",
          "events_url": "https://api.github.com/users/jimmidyson/events{/privacy}",
          "received_events_url": "https://api.github.com/users/jimmidyson/received_events",
          "type": "User",
          "site_admin": false
        },
        "content_type": "application/gzip",
        "state": "uploaded",
        "size": 6745585,
        "download_count": 12,
        "created_at": "2015-09-14T10:01:13Z",
        "updated_at": "2015-09-14T10:01:18Z",
        "browser_download_url": "https://github.com/fabric8io/gofabric8/releases/download/v0.3.10/gofabric8-0.3.10-linux-amd64.tar.gz"
      },
      {
        "url": "https://api.github.com/repos/fabric8io/gofabric8/releases/assets/862799",
        "id": 862799,
        "name": "gofabric8-0.3.10-windows-amd64.zip",
        "label": "",
        "uploader": {
          "login": "jimmidyson",
          "id": 464659,
          "avatar_url": "https://avatars.githubusercontent.com/u/464659?v=3",
          "gravatar_id": "",
          "url": "https://api.github.com/users/jimmidyson",
          "html_url": "https://github.com/jimmidyson",
          "followers_url": "https://api.github.com/users/jimmidyson/followers",
          "following_url": "https://api.github.com/users/jimmidyson/following{/other_user}",
          "gists_url": "https://api.github.com/users/jimmidyson/gists{/gist_id}",
          "starred_url": "https://api.github.com/users/jimmidyson/starred{/owner}{/repo}",
          "subscriptions_url": "https://api.github.com/users/jimmidyson/subscriptions",
          "organizations_url": "https://api.github.com/users/jimmidyson/orgs",
          "repos_url": "https://api.github.com/users/jimmidyson/repos",
          "events_url": "https://api.github.com/users/jimmidyson/events{/privacy}",
          "received_events_url": "https://api.github.com/users/jimmidyson/received_events",
          "type": "User",
          "site_admin": false
        },
        "content_type": "application/zip",
        "state": "uploaded",
        "size": 6722275,
        "download_count": 0,
        "created_at": "2015-09-14T10:01:19Z",
        "updated_at": "2015-09-14T10:01:25Z",
        "browser_download_url": "https://github.com/fabric8io/gofabric8/releases/download/v0.3.10/gofabric8-0.3.10-windows-amd64.zip"
      }
    ],
    "tarball_url": "https://api.github.com/repos/fabric8io/gofabric8/tarball/v0.3.10",
    "zipball_url": "https://api.github.com/repos/fabric8io/gofabric8/zipball/v0.3.10",
    "body": null
  },
  {
    "url": "https://api.github.com/repos/fabric8io/gofabric8/releases/1808541",
    "assets_url": "https://api.github.com/repos/fabric8io/gofabric8/releases/1808541/assets",
    "upload_url": "https://uploads.github.com/repos/fabric8io/gofabric8/releases/1808541/assets{?name,label}",
    "html_url": "https://github.com/fabric8io/gofabric8/releases/tag/v0.3.9",
    "id": 1808541,
    "tag_name": "v0.3.9",
    "target_commitish": "master",
    "name": "0.3.9",
    "draft": false,
    "author": {
      "login": "jimmidyson",
      "id": 464659,
      "avatar_url": "https://avatars.githubusercontent.com/u/464659?v=3",
      "gravatar_id": "",
      "url": "https://api.github.com/users/jimmidyson",
      "html_url": "https://github.com/jimmidyson",
      "followers_url": "https://api.github.com/users/jimmidyson/followers",
      "following_url": "https://api.github.com/users/jimmidyson/following{/other_user}",
      "gists_url": "https://api.github.com/users/jimmidyson/gists{/gist_id}",
      "starred_url": "https://api.github.com/users/jimmidyson/starred{/owner}{/repo}",
      "subscriptions_url": "https://api.github.com/users/jimmidyson/subscriptions",
      "organizations_url": "https://api.github.com/users/jimmidyson/orgs",
      "repos_url": "https://api.github.com/users/jimmidyson/repos",
      "events_url": "https://api.github.com/users/jimmidyson/events{/privacy}",
      "received_events_url": "https://api.github.com/users/jimmidyson/received_events",
      "type": "User",
      "site_admin": false
    },
    "prerelease": false,
    "created_at": "2015-09-14T09:05:51Z",
    "published_at": "2015-09-14T09:30:53Z",
    "assets": [

    ],
    "tarball_url": "https://api.github.com/repos/fabric8io/gofabric8/tarball/v0.3.9",
    "zipball_url": "https://api.github.com/repos/fabric8io/gofabric8/zipball/v0.3.9",
    "body": null
  },
  {
    "url": "https://api.github.com/repos/fabric8io/gofabric8/releases/1808501",
    "assets_url": "https://api.github.com/repos/fabric8io/gofabric8/releases/1808501/assets",
    "upload_url": "https://uploads.github.com/repos/fabric8io/gofabric8/releases/1808501/assets{?name,label}",
    "html_url": "https://github.com/fabric8io/gofabric8/releases/tag/v0.3.8",
    "id": 1808501,
    "tag_name": "v0.3.8",
    "target_commitish": "master",
    "name": "0.3.8",
    "draft": false,
    "author": {
      "login": "jimmidyson",
      "id": 464659,
      "avatar_url": "https://avatars.githubusercontent.com/u/464659?v=3",
      "gravatar_id": "",
      "url": "https://api.github.com/users/jimmidyson",
      "html_url": "https://github.com/jimmidyson",
      "followers_url": "https://api.github.com/users/jimmidyson/followers",
      "following_url": "https://api.github.com/users/jimmidyson/following{/other_user}",
      "gists_url": "https://api.github.com/users/jimmidyson/gists{/gist_id}",
      "starred_url": "https://api.github.com/users/jimmidyson/starred{/owner}{/repo}",
      "subscriptions_url": "https://api.github.com/users/jimmidyson/subscriptions",
      "organizations_url": "https://api.github.com/users/jimmidyson/orgs",
      "repos_url": "https://api.github.com/users/jimmidyson/repos",
      "events_url": "https://api.github.com/users/jimmidyson/events{/privacy}",
      "received_events_url": "https://api.github.com/users/jimmidyson/received_events",
      "type": "User",
      "site_admin": false
    },
    "prerelease": false,
    "created_at": "2015-09-14T09:05:51Z",
    "published_at": "2015-09-14T09:22:26Z",
    "assets": [

    ],
    "tarball_url": "https://api.github.com/repos/fabric8io/gofabric8/tarball/v0.3.8",
    "zipball_url": "https://api.github.com/repos/fabric8io/gofabric8/zipball/v0.3.8",
    "body": null
  },
  {
    "url": "https://api.github.com/repos/fabric8io/gofabric8/releases/1808482",
    "assets_url": "https://api.github.com/repos/fabric8io/gofabric8/releases/1808482/assets",
    "upload_url": "https://uploads.github.com/repos/fabric8io/gofabric8/releases/1808482/assets{?name,label}",
    "html_url": "https://github.com/fabric8io/gofabric8/releases/tag/v0.3.7",
    "id": 1808482,
    "tag_name": "v0.3.7",
    "target_commitish": "master",
    "name": "0.3.7",
    "draft": false,
    "author": {
      "login": "jimmidyson",
      "id": 464659,
      "avatar_url": "https://avatars.githubusercontent.com/u/464659?v=3",
      "gravatar_id": "",
      "url": "https://api.github.com/users/jimmidyson",
      "html_url": "https://github.com/jimmidyson",
      "followers_url": "https://api.github.com/users/jimmidyson/followers",
      "following_url": "https://api.github.com/users/jimmidyson/following{/other_user}",
      "gists_url": "https://api.github.com/users/jimmidyson/gists{/gist_id}",
      "starred_url": "https://api.github.com/users/jimmidyson/starred{/owner}{/repo}",
      "subscriptions_url": "https://api.github.com/users/jimmidyson/subscriptions",
      "organizations_url": "https://api.github.com/users/jimmidyson/orgs",
      "repos_url": "https://api.github.com/users/jimmidyson/repos",
      "events_url": "https://api.github.com/users/jimmidyson/events{/privacy}",
      "received_events_url": "https://api.github.com/users/jimmidyson/received_events",
      "type": "User",
      "site_admin": false
    },
    "prerelease": false,
    "created_at": "2015-09-14T09:05:51Z",
    "published_at": "2015-09-14T09:18:32Z",
    "assets": [

    ],
    "tarball_url": "https://api.github.com/repos/fabric8io/gofabric8/tarball/v0.3.7",
    "zipball_url": "https://api.github.com/repos/fabric8io/gofabric8/zipball/v0.3.7",
    "body": null
  },
  {
    "url": "https://api.github.com/repos/fabric8io/gofabric8/releases/1808433",
    "assets_url": "https://api.github.com/repos/fabric8io/gofabric8/releases/1808433/assets",
    "upload_url": "https://uploads.github.com/repos/fabric8io/gofabric8/releases/1808433/assets{?name,label}",
    "html_url": "https://github.com/fabric8io/gofabric8/releases/tag/v0.3.6",
    "id": 1808433,
    "tag_name": "v0.3.6",
    "target_commitish": "master",
    "name": "0.3.6",
    "draft": false,
    "author": {
      "login": "jstrachan",
      "id": 30140,
      "avatar_url": "https://avatars.githubusercontent.com/u/30140?v=3",
      "gravatar_id": "",
      "url": "https://api.github.com/users/jstrachan",
      "html_url": "https://github.com/jstrachan",
      "followers_url": "https://api.github.com/users/jstrachan/followers",
      "following_url": "https://api.github.com/users/jstrachan/following{/other_user}",
      "gists_url": "https://api.github.com/users/jstrachan/gists{/gist_id}",
      "starred_url": "https://api.github.com/users/jstrachan/starred{/owner}{/repo}",
      "subscriptions_url": "https://api.github.com/users/jstrachan/subscriptions",
      "organizations_url": "https://api.github.com/users/jstrachan/orgs",
      "repos_url": "https://api.github.com/users/jstrachan/repos",
      "events_url": "https://api.github.com/users/jstrachan/events{/privacy}",
      "received_events_url": "https://api.github.com/users/jstrachan/received_events",
      "type": "User",
      "site_admin": false
    },
    "prerelease": false,
    "created_at": "2015-09-14T09:05:51Z",
    "published_at": "2015-09-14T09:09:51Z",
    "assets": [

    ],
    "tarball_url": "https://api.github.com/repos/fabric8io/gofabric8/tarball/v0.3.6",
    "zipball_url": "https://api.github.com/repos/fabric8io/gofabric8/zipball/v0.3.6",
    "body": null
  },
  {
    "url": "https://api.github.com/repos/fabric8io/gofabric8/releases/1808293",
    "assets_url": "https://api.github.com/repos/fabric8io/gofabric8/releases/1808293/assets",
    "upload_url": "https://uploads.github.com/repos/fabric8io/gofabric8/releases/1808293/assets{?name,label}",
    "html_url": "https://github.com/fabric8io/gofabric8/releases/tag/v0.3.5",
    "id": 1808293,
    "tag_name": "v0.3.5",
    "target_commitish": "master",
    "name": "",
    "draft": false,
    "author": {
      "login": "jstrachan",
      "id": 30140,
      "avatar_url": "https://avatars.githubusercontent.com/u/30140?v=3",
      "gravatar_id": "",
      "url": "https://api.github.com/users/jstrachan",
      "html_url": "https://github.com/jstrachan",
      "followers_url": "https://api.github.com/users/jstrachan/followers",
      "following_url": "https://api.github.com/users/jstrachan/following{/other_user}",
      "gists_url": "https://api.github.com/users/jstrachan/gists{/gist_id}",
      "starred_url": "https://api.github.com/users/jstrachan/starred{/owner}{/repo}",
      "subscriptions_url": "https://api.github.com/users/jstrachan/subscriptions",
      "organizations_url": "https://api.github.com/users/jstrachan/orgs",
      "repos_url": "https://api.github.com/users/jstrachan/repos",
      "events_url": "https://api.github.com/users/jstrachan/events{/privacy}",
      "received_events_url": "https://api.github.com/users/jstrachan/received_events",
      "type": "User",
      "site_admin": false
    },
    "prerelease": false,
    "created_at": "2015-09-14T08:36:19Z",
    "published_at": "2015-09-14T08:37:14Z",
    "assets": [

    ],
    "tarball_url": "https://api.github.com/repos/fabric8io/gofabric8/tarball/v0.3.5",
    "zipball_url": "https://api.github.com/repos/fabric8io/gofabric8/zipball/v0.3.5",
    "body": null
  },
  {
    "url": "https://api.github.com/repos/fabric8io/gofabric8/releases/1808256",
    "assets_url": "https://api.github.com/repos/fabric8io/gofabric8/releases/1808256/assets",
    "upload_url": "https://uploads.github.com/repos/fabric8io/gofabric8/releases/1808256/assets{?name,label}",
    "html_url": "https://github.com/fabric8io/gofabric8/releases/tag/v0.3.4",
    "id": 1808256,
    "tag_name": "v0.3.4",
    "target_commitish": "master",
    "name": "",
    "draft": false,
    "author": {
      "login": "jstrachan",
      "id": 30140,
      "avatar_url": "https://avatars.githubusercontent.com/u/30140?v=3",
      "gravatar_id": "",
      "url": "https://api.github.com/users/jstrachan",
      "html_url": "https://github.com/jstrachan",
      "followers_url": "https://api.github.com/users/jstrachan/followers",
      "following_url": "https://api.github.com/users/jstrachan/following{/other_user}",
      "gists_url": "https://api.github.com/users/jstrachan/gists{/gist_id}",
      "starred_url": "https://api.github.com/users/jstrachan/starred{/owner}{/repo}",
      "subscriptions_url": "https://api.github.com/users/jstrachan/subscriptions",
      "organizations_url": "https://api.github.com/users/jstrachan/orgs",
      "repos_url": "https://api.github.com/users/jstrachan/repos",
      "events_url": "https://api.github.com/users/jstrachan/events{/privacy}",
      "received_events_url": "https://api.github.com/users/jstrachan/received_events",
      "type": "User",
      "site_admin": false
    },
    "prerelease": false,
    "created_at": "2015-09-14T08:32:32Z",
    "published_at": "2015-09-14T08:33:31Z",
    "assets": [

    ],
    "tarball_url": "https://api.github.com/repos/fabric8io/gofabric8/tarball/v0.3.4",
    "zipball_url": "https://api.github.com/repos/fabric8io/gofabric8/zipball/v0.3.4",
    "body": null
  },
  {
    "url": "https://api.github.com/repos/fabric8io/gofabric8/releases/1808186",
    "assets_url": "https://api.github.com/repos/fabric8io/gofabric8/releases/1808186/assets",
    "upload_url": "https://uploads.github.com/repos/fabric8io/gofabric8/releases/1808186/assets{?name,label}",
    "html_url": "https://github.com/fabric8io/gofabric8/releases/tag/v0.3.2",
    "id": 1808186,
    "tag_name": "v0.3.2",
    "target_commitish": "master",
    "name": "",
    "draft": false,
    "author": {
      "login": "jstrachan",
      "id": 30140,
      "avatar_url": "https://avatars.githubusercontent.com/u/30140?v=3",
      "gravatar_id": "",
      "url": "https://api.github.com/users/jstrachan",
      "html_url": "https://github.com/jstrachan",
      "followers_url": "https://api.github.com/users/jstrachan/followers",
      "following_url": "https://api.github.com/users/jstrachan/following{/other_user}",
      "gists_url": "https://api.github.com/users/jstrachan/gists{/gist_id}",
      "starred_url": "https://api.github.com/users/jstrachan/starred{/owner}{/repo}",
      "subscriptions_url": "https://api.github.com/users/jstrachan/subscriptions",
      "organizations_url": "https://api.github.com/users/jstrachan/orgs",
      "repos_url": "https://api.github.com/users/jstrachan/repos",
      "events_url": "https://api.github.com/users/jstrachan/events{/privacy}",
      "received_events_url": "https://api.github.com/users/jstrachan/received_events",
      "type": "User",
      "site_admin": false
    },
    "prerelease": false,
    "created_at": "2015-09-14T08:17:12Z",
    "published_at": "2015-09-14T08:18:11Z",
    "assets": [

    ],
    "tarball_url": "https://api.github.com/repos/fabric8io/gofabric8/tarball/v0.3.2",
    "zipball_url": "https://api.github.com/repos/fabric8io/gofabric8/zipball/v0.3.2",
    "body": null
  },
  {
    "url": "https://api.github.com/repos/fabric8io/gofabric8/releases/1795038",
    "assets_url": "https://api.github.com/repos/fabric8io/gofabric8/releases/1795038/assets",
    "upload_url": "https://uploads.github.com/repos/fabric8io/gofabric8/releases/1795038/assets{?name,label}",
    "html_url": "https://github.com/fabric8io/gofabric8/releases/tag/v0.3.1",
    "id": 1795038,
    "tag_name": "v0.3.1",
    "target_commitish": "master",
    "name": "",
    "draft": false,
    "author": {
      "login": "jimmidyson",
      "id": 464659,
      "avatar_url": "https://avatars.githubusercontent.com/u/464659?v=3",
      "gravatar_id": "",
      "url": "https://api.github.com/users/jimmidyson",
      "html_url": "https://github.com/jimmidyson",
      "followers_url": "https://api.github.com/users/jimmidyson/followers",
      "following_url": "https://api.github.com/users/jimmidyson/following{/other_user}",
      "gists_url": "https://api.github.com/users/jimmidyson/gists{/gist_id}",
      "starred_url": "https://api.github.com/users/jimmidyson/starred{/owner}{/repo}",
      "subscriptions_url": "https://api.github.com/users/jimmidyson/subscriptions",
      "organizations_url": "https://api.github.com/users/jimmidyson/orgs",
      "repos_url": "https://api.github.com/users/jimmidyson/repos",
      "events_url": "https://api.github.com/users/jimmidyson/events{/privacy}",
      "received_events_url": "https://api.github.com/users/jimmidyson/received_events",
      "type": "User",
      "site_admin": false
    },
    "prerelease": false,
    "created_at": "2015-09-09T15:53:33Z",
    "published_at": "2015-09-10T16:07:39Z",
    "assets": [
      {
        "url": "https://api.github.com/repos/fabric8io/gofabric8/releases/assets/854856",
        "id": 854856,
        "name": "gofabric8-0.3.1-darwin-amd64.tar.gz",
        "label": "",
        "uploader": {
          "login": "jimmidyson",
          "id": 464659,
          "avatar_url": "https://avatars.githubusercontent.com/u/464659?v=3",
          "gravatar_id": "",
          "url": "https://api.github.com/users/jimmidyson",
          "html_url": "https://github.com/jimmidyson",
          "followers_url": "https://api.github.com/users/jimmidyson/followers",
          "following_url": "https://api.github.com/users/jimmidyson/following{/other_user}",
          "gists_url": "https://api.github.com/users/jimmidyson/gists{/gist_id}",
          "starred_url": "https://api.github.com/users/jimmidyson/starred{/owner}{/repo}",
          "subscriptions_url": "https://api.github.com/users/jimmidyson/subscriptions",
          "organizations_url": "https://api.github.com/users/jimmidyson/orgs",
          "repos_url": "https://api.github.com/users/jimmidyson/repos",
          "events_url": "https://api.github.com/users/jimmidyson/events{/privacy}",
          "received_events_url": "https://api.github.com/users/jimmidyson/received_events",
          "type": "User",
          "site_admin": false
        },
        "content_type": "application/gzip",
        "state": "uploaded",
        "size": 6633094,
        "download_count": 0,
        "created_at": "2015-09-10T16:07:39Z",
        "updated_at": "2015-09-10T16:07:41Z",
        "browser_download_url": "https://github.com/fabric8io/gofabric8/releases/download/v0.3.1/gofabric8-0.3.1-darwin-amd64.tar.gz"
      },
      {
        "url": "https://api.github.com/repos/fabric8io/gofabric8/releases/assets/854857",
        "id": 854857,
        "name": "gofabric8-0.3.1-linux-amd64.tar.gz",
        "label": "",
        "uploader": {
          "login": "jimmidyson",
          "id": 464659,
          "avatar_url": "https://avatars.githubusercontent.com/u/464659?v=3",
          "gravatar_id": "",
          "url": "https://api.github.com/users/jimmidyson",
          "html_url": "https://github.com/jimmidyson",
          "followers_url": "https://api.github.com/users/jimmidyson/followers",
          "following_url": "https://api.github.com/users/jimmidyson/following{/other_user}",
          "gists_url": "https://api.github.com/users/jimmidyson/gists{/gist_id}",
          "starred_url": "https://api.github.com/users/jimmidyson/starred{/owner}{/repo}",
          "subscriptions_url": "https://api.github.com/users/jimmidyson/subscriptions",
          "organizations_url": "https://api.github.com/users/jimmidyson/orgs",
          "repos_url": "https://api.github.com/users/jimmidyson/repos",
          "events_url": "https://api.github.com/users/jimmidyson/events{/privacy}",
          "received_events_url": "https://api.github.com/users/jimmidyson/received_events",
          "type": "User",
          "site_admin": false
        },
        "content_type": "application/gzip",
        "state": "uploaded",
        "size": 6738998,
        "download_count": 3,
        "created_at": "2015-09-10T16:07:41Z",
        "updated_at": "2015-09-10T16:07:43Z",
        "browser_download_url": "https://github.com/fabric8io/gofabric8/releases/download/v0.3.1/gofabric8-0.3.1-linux-amd64.tar.gz"
      },
      {
        "url": "https://api.github.com/repos/fabric8io/gofabric8/releases/assets/854858",
        "id": 854858,
        "name": "gofabric8-0.3.1-windows-amd64.zip",
        "label": "",
        "uploader": {
          "login": "jimmidyson",
          "id": 464659,
          "avatar_url": "https://avatars.githubusercontent.com/u/464659?v=3",
          "gravatar_id": "",
          "url": "https://api.github.com/users/jimmidyson",
          "html_url": "https://github.com/jimmidyson",
          "followers_url": "https://api.github.com/users/jimmidyson/followers",
          "following_url": "https://api.github.com/users/jimmidyson/following{/other_user}",
          "gists_url": "https://api.github.com/users/jimmidyson/gists{/gist_id}",
          "starred_url": "https://api.github.com/users/jimmidyson/starred{/owner}{/repo}",
          "subscriptions_url": "https://api.github.com/users/jimmidyson/subscriptions",
          "organizations_url": "https://api.github.com/users/jimmidyson/orgs",
          "repos_url": "https://api.github.com/users/jimmidyson/repos",
          "events_url": "https://api.github.com/users/jimmidyson/events{/privacy}",
          "received_events_url": "https://api.github.com/users/jimmidyson/received_events",
          "type": "User",
          "site_admin": false
        },
        "content_type": "application/zip",
        "state": "uploaded",
        "size": 6712461,
        "download_count": 0,
        "created_at": "2015-09-10T16:07:44Z",
        "updated_at": "2015-09-10T16:07:45Z",
        "browser_download_url": "https://github.com/fabric8io/gofabric8/releases/download/v0.3.1/gofabric8-0.3.1-windows-amd64.zip"
      }
    ],
    "tarball_url": "https://api.github.com/repos/fabric8io/gofabric8/tarball/v0.3.1",
    "zipball_url": "https://api.github.com/repos/fabric8io/gofabric8/zipball/v0.3.1",
    "body": null
  },
  {
    "url": "https://api.github.com/repos/fabric8io/gofabric8/releases/1768071",
    "assets_url": "https://api.github.com/repos/fabric8io/gofabric8/releases/1768071/assets",
    "upload_url": "https://uploads.github.com/repos/fabric8io/gofabric8/releases/1768071/assets{?name,label}",
    "html_url": "https://github.com/fabric8io/gofabric8/releases/tag/v0.3",
    "id": 1768071,
    "tag_name": "v0.3",
    "target_commitish": "master",
    "name": "0.3",
    "draft": false,
    "author": {
      "login": "jimmidyson",
      "id": 464659,
      "avatar_url": "https://avatars.githubusercontent.com/u/464659?v=3",
      "gravatar_id": "",
      "url": "https://api.github.com/users/jimmidyson",
      "html_url": "https://github.com/jimmidyson",
      "followers_url": "https://api.github.com/users/jimmidyson/followers",
      "following_url": "https://api.github.com/users/jimmidyson/following{/other_user}",
      "gists_url": "https://api.github.com/users/jimmidyson/gists{/gist_id}",
      "starred_url": "https://api.github.com/users/jimmidyson/starred{/owner}{/repo}",
      "subscriptions_url": "https://api.github.com/users/jimmidyson/subscriptions",
      "organizations_url": "https://api.github.com/users/jimmidyson/orgs",
      "repos_url": "https://api.github.com/users/jimmidyson/repos",
      "events_url": "https://api.github.com/users/jimmidyson/events{/privacy}",
      "received_events_url": "https://api.github.com/users/jimmidyson/received_events",
      "type": "User",
      "site_admin": false
    },
    "prerelease": false,
    "created_at": "2015-09-04T10:00:46Z",
    "published_at": "2015-09-04T10:14:14Z",
    "assets": [
      {
        "url": "https://api.github.com/repos/fabric8io/gofabric8/releases/assets/841524",
        "id": 841524,
        "name": "gofabric8-0.3-darwin-amd64.tar.gz",
        "label": "",
        "uploader": {
          "login": "jimmidyson",
          "id": 464659,
          "avatar_url": "https://avatars.githubusercontent.com/u/464659?v=3",
          "gravatar_id": "",
          "url": "https://api.github.com/users/jimmidyson",
          "html_url": "https://github.com/jimmidyson",
          "followers_url": "https://api.github.com/users/jimmidyson/followers",
          "following_url": "https://api.github.com/users/jimmidyson/following{/other_user}",
          "gists_url": "https://api.github.com/users/jimmidyson/gists{/gist_id}",
          "starred_url": "https://api.github.com/users/jimmidyson/starred{/owner}{/repo}",
          "subscriptions_url": "https://api.github.com/users/jimmidyson/subscriptions",
          "organizations_url": "https://api.github.com/users/jimmidyson/orgs",
          "repos_url": "https://api.github.com/users/jimmidyson/repos",
          "events_url": "https://api.github.com/users/jimmidyson/events{/privacy}",
          "received_events_url": "https://api.github.com/users/jimmidyson/received_events",
          "type": "User",
          "site_admin": false
        },
        "content_type": "application/gzip",
        "state": "uploaded",
        "size": 6483848,
        "download_count": 2,
        "created_at": "2015-09-04T10:14:15Z",
        "updated_at": "2015-09-04T10:14:21Z",
        "browser_download_url": "https://github.com/fabric8io/gofabric8/releases/download/v0.3/gofabric8-0.3-darwin-amd64.tar.gz"
      },
      {
        "url": "https://api.github.com/repos/fabric8io/gofabric8/releases/assets/841525",
        "id": 841525,
        "name": "gofabric8-0.3-linux-amd64.tar.gz",
        "label": "",
        "uploader": {
          "login": "jimmidyson",
          "id": 464659,
          "avatar_url": "https://avatars.githubusercontent.com/u/464659?v=3",
          "gravatar_id": "",
          "url": "https://api.github.com/users/jimmidyson",
          "html_url": "https://github.com/jimmidyson",
          "followers_url": "https://api.github.com/users/jimmidyson/followers",
          "following_url": "https://api.github.com/users/jimmidyson/following{/other_user}",
          "gists_url": "https://api.github.com/users/jimmidyson/gists{/gist_id}",
          "starred_url": "https://api.github.com/users/jimmidyson/starred{/owner}{/repo}",
          "subscriptions_url": "https://api.github.com/users/jimmidyson/subscriptions",
          "organizations_url": "https://api.github.com/users/jimmidyson/orgs",
          "repos_url": "https://api.github.com/users/jimmidyson/repos",
          "events_url": "https://api.github.com/users/jimmidyson/events{/privacy}",
          "received_events_url": "https://api.github.com/users/jimmidyson/received_events",
          "type": "User",
          "site_admin": false
        },
        "content_type": "application/gzip",
        "state": "uploaded",
        "size": 6590122,
        "download_count": 21,
        "created_at": "2015-09-04T10:14:22Z",
        "updated_at": "2015-09-04T10:14:27Z",
        "browser_download_url": "https://github.com/fabric8io/gofabric8/releases/download/v0.3/gofabric8-0.3-linux-amd64.tar.gz"
      },
      {
        "url": "https://api.github.com/repos/fabric8io/gofabric8/releases/assets/841526",
        "id": 841526,
        "name": "gofabric8-0.3-windows-amd64.zip",
        "label": "",
        "uploader": {
          "login": "jimmidyson",
          "id": 464659,
          "avatar_url": "https://avatars.githubusercontent.com/u/464659?v=3",
          "gravatar_id": "",
          "url": "https://api.github.com/users/jimmidyson",
          "html_url": "https://github.com/jimmidyson",
          "followers_url": "https://api.github.com/users/jimmidyson/followers",
          "following_url": "https://api.github.com/users/jimmidyson/following{/other_user}",
          "gists_url": "https://api.github.com/users/jimmidyson/gists{/gist_id}",
          "starred_url": "https://api.github.com/users/jimmidyson/starred{/owner}{/repo}",
          "subscriptions_url": "https://api.github.com/users/jimmidyson/subscriptions",
          "organizations_url": "https://api.github.com/users/jimmidyson/orgs",
          "repos_url": "https://api.github.com/users/jimmidyson/repos",
          "events_url": "https://api.github.com/users/jimmidyson/events{/privacy}",
          "received_events_url": "https://api.github.com/users/jimmidyson/received_events",
          "type": "User",
          "site_admin": false
        },
        "content_type": "application/zip",
        "state": "uploaded",
        "size": 6564827,
        "download_count": 0,
        "created_at": "2015-09-04T10:14:28Z",
        "updated_at": "2015-09-04T10:14:33Z",
        "browser_download_url": "https://github.com/fabric8io/gofabric8/releases/download/v0.3/gofabric8-0.3-windows-amd64.zip"
      }
    ],
    "tarball_url": "https://api.github.com/repos/fabric8io/gofabric8/tarball/v0.3",
    "zipball_url": "https://api.github.com/repos/fabric8io/gofabric8/zipball/v0.3",
    "body": null
  },
  {
    "url": "https://api.github.com/repos/fabric8io/gofabric8/releases/1592558",
    "assets_url": "https://api.github.com/repos/fabric8io/gofabric8/releases/1592558/assets",
    "upload_url": "https://uploads.github.com/repos/fabric8io/gofabric8/releases/1592558/assets{?name,label}",
    "html_url": "https://github.com/fabric8io/gofabric8/releases/tag/v0.2",
    "id": 1592558,
    "tag_name": "v0.2",
    "target_commitish": "master",
    "name": "0.2",
    "draft": false,
    "author": {
      "login": "jimmidyson",
      "id": 464659,
      "avatar_url": "https://avatars.githubusercontent.com/u/464659?v=3",
      "gravatar_id": "",
      "url": "https://api.github.com/users/jimmidyson",
      "html_url": "https://github.com/jimmidyson",
      "followers_url": "https://api.github.com/users/jimmidyson/followers",
      "following_url": "https://api.github.com/users/jimmidyson/following{/other_user}",
      "gists_url": "https://api.github.com/users/jimmidyson/gists{/gist_id}",
      "starred_url": "https://api.github.com/users/jimmidyson/starred{/owner}{/repo}",
      "subscriptions_url": "https://api.github.com/users/jimmidyson/subscriptions",
      "organizations_url": "https://api.github.com/users/jimmidyson/orgs",
      "repos_url": "https://api.github.com/users/jimmidyson/repos",
      "events_url": "https://api.github.com/users/jimmidyson/events{/privacy}",
      "received_events_url": "https://api.github.com/users/jimmidyson/received_events",
      "type": "User",
      "site_admin": false
    },
    "prerelease": false,
    "created_at": "2015-07-27T19:48:41Z",
    "published_at": "2015-07-27T19:50:29Z",
    "assets": [
      {
        "url": "https://api.github.com/repos/fabric8io/gofabric8/releases/assets/748416",
        "id": 748416,
        "name": "gofabric8-0.2-darwin-amd64.tar.gz",
        "label": "",
        "uploader": {
          "login": "jimmidyson",
          "id": 464659,
          "avatar_url": "https://avatars.githubusercontent.com/u/464659?v=3",
          "gravatar_id": "",
          "url": "https://api.github.com/users/jimmidyson",
          "html_url": "https://github.com/jimmidyson",
          "followers_url": "https://api.github.com/users/jimmidyson/followers",
          "following_url": "https://api.github.com/users/jimmidyson/following{/other_user}",
          "gists_url": "https://api.github.com/users/jimmidyson/gists{/gist_id}",
          "starred_url": "https://api.github.com/users/jimmidyson/starred{/owner}{/repo}",
          "subscriptions_url": "https://api.github.com/users/jimmidyson/subscriptions",
          "organizations_url": "https://api.github.com/users/jimmidyson/orgs",
          "repos_url": "https://api.github.com/users/jimmidyson/repos",
          "events_url": "https://api.github.com/users/jimmidyson/events{/privacy}",
          "received_events_url": "https://api.github.com/users/jimmidyson/received_events",
          "type": "User",
          "site_admin": false
        },
        "content_type": "application/gzip",
        "state": "uploaded",
        "size": 5317529,
        "download_count": 45,
        "created_at": "2015-07-27T19:50:30Z",
        "updated_at": "2015-07-27T19:50:34Z",
        "browser_download_url": "https://github.com/fabric8io/gofabric8/releases/download/v0.2/gofabric8-0.2-darwin-amd64.tar.gz"
      },
      {
        "url": "https://api.github.com/repos/fabric8io/gofabric8/releases/assets/748418",
        "id": 748418,
        "name": "gofabric8-0.2-linux-amd64.tar.gz",
        "label": "",
        "uploader": {
          "login": "jimmidyson",
          "id": 464659,
          "avatar_url": "https://avatars.githubusercontent.com/u/464659?v=3",
          "gravatar_id": "",
          "url": "https://api.github.com/users/jimmidyson",
          "html_url": "https://github.com/jimmidyson",
          "followers_url": "https://api.github.com/users/jimmidyson/followers",
          "following_url": "https://api.github.com/users/jimmidyson/following{/other_user}",
          "gists_url": "https://api.github.com/users/jimmidyson/gists{/gist_id}",
          "starred_url": "https://api.github.com/users/jimmidyson/starred{/owner}{/repo}",
          "subscriptions_url": "https://api.github.com/users/jimmidyson/subscriptions",
          "organizations_url": "https://api.github.com/users/jimmidyson/orgs",
          "repos_url": "https://api.github.com/users/jimmidyson/repos",
          "events_url": "https://api.github.com/users/jimmidyson/events{/privacy}",
          "received_events_url": "https://api.github.com/users/jimmidyson/received_events",
          "type": "User",
          "site_admin": false
        },
        "content_type": "application/gzip",
        "state": "uploaded",
        "size": 5399173,
        "download_count": 4,
        "created_at": "2015-07-27T19:50:35Z",
        "updated_at": "2015-07-27T19:50:39Z",
        "browser_download_url": "https://github.com/fabric8io/gofabric8/releases/download/v0.2/gofabric8-0.2-linux-amd64.tar.gz"
      },
      {
        "url": "https://api.github.com/repos/fabric8io/gofabric8/releases/assets/748419",
        "id": 748419,
        "name": "gofabric8-0.2-windows-amd64.zip",
        "label": "",
        "uploader": {
          "login": "jimmidyson",
          "id": 464659,
          "avatar_url": "https://avatars.githubusercontent.com/u/464659?v=3",
          "gravatar_id": "",
          "url": "https://api.github.com/users/jimmidyson",
          "html_url": "https://github.com/jimmidyson",
          "followers_url": "https://api.github.com/users/jimmidyson/followers",
          "following_url": "https://api.github.com/users/jimmidyson/following{/other_user}",
          "gists_url": "https://api.github.com/users/jimmidyson/gists{/gist_id}",
          "starred_url": "https://api.github.com/users/jimmidyson/starred{/owner}{/repo}",
          "subscriptions_url": "https://api.github.com/users/jimmidyson/subscriptions",
          "organizations_url": "https://api.github.com/users/jimmidyson/orgs",
          "repos_url": "https://api.github.com/users/jimmidyson/repos",
          "events_url": "https://api.github.com/users/jimmidyson/events{/privacy}",
          "received_events_url": "https://api.github.com/users/jimmidyson/received_events",
          "type": "User",
          "site_admin": false
        },
        "content_type": "application/zip",
        "state": "uploaded",
        "size": 5394633,
        "download_count": 1,
        "created_at": "2015-07-27T19:50:40Z",
        "updated_at": "2015-07-27T19:50:44Z",
        "browser_download_url": "https://github.com/fabric8io/gofabric8/releases/download/v0.2/gofabric8-0.2-windows-amd64.zip"
      }
    ],
    "tarball_url": "https://api.github.com/repos/fabric8io/gofabric8/tarball/v0.2",
    "zipball_url": "https://api.github.com/repos/fabric8io/gofabric8/zipball/v0.2",
    "body": null
  },
  {
    "url": "https://api.github.com/repos/fabric8io/gofabric8/releases/1591961",
    "assets_url": "https://api.github.com/repos/fabric8io/gofabric8/releases/1591961/assets",
    "upload_url": "https://uploads.github.com/repos/fabric8io/gofabric8/releases/1591961/assets{?name,label}",
    "html_url": "https://github.com/fabric8io/gofabric8/releases/tag/v0.1",
    "id": 1591961,
    "tag_name": "v0.1",
    "target_commitish": "master",
    "name": "0.1",
    "draft": false,
    "author": {
      "login": "jimmidyson",
      "id": 464659,
      "avatar_url": "https://avatars.githubusercontent.com/u/464659?v=3",
      "gravatar_id": "",
      "url": "https://api.github.com/users/jimmidyson",
      "html_url": "https://github.com/jimmidyson",
      "followers_url": "https://api.github.com/users/jimmidyson/followers",
      "following_url": "https://api.github.com/users/jimmidyson/following{/other_user}",
      "gists_url": "https://api.github.com/users/jimmidyson/gists{/gist_id}",
      "starred_url": "https://api.github.com/users/jimmidyson/starred{/owner}{/repo}",
      "subscriptions_url": "https://api.github.com/users/jimmidyson/subscriptions",
      "organizations_url": "https://api.github.com/users/jimmidyson/orgs",
      "repos_url": "https://api.github.com/users/jimmidyson/repos",
      "events_url": "https://api.github.com/users/jimmidyson/events{/privacy}",
      "received_events_url": "https://api.github.com/users/jimmidyson/received_events",
      "type": "User",
      "site_admin": false
    },
    "prerelease": false,
    "created_at": "2015-07-27T16:58:59Z",
    "published_at": "2015-07-27T17:42:17Z",
    "assets": [
      {
        "url": "https://api.github.com/repos/fabric8io/gofabric8/releases/assets/748094",
        "id": 748094,
        "name": "gofabric8-0.1-darwin-amd64.tar.gz",
        "label": "",
        "uploader": {
          "login": "jimmidyson",
          "id": 464659,
          "avatar_url": "https://avatars.githubusercontent.com/u/464659?v=3",
          "gravatar_id": "",
          "url": "https://api.github.com/users/jimmidyson",
          "html_url": "https://github.com/jimmidyson",
          "followers_url": "https://api.github.com/users/jimmidyson/followers",
          "following_url": "https://api.github.com/users/jimmidyson/following{/other_user}",
          "gists_url": "https://api.github.com/users/jimmidyson/gists{/gist_id}",
          "starred_url": "https://api.github.com/users/jimmidyson/starred{/owner}{/repo}",
          "subscriptions_url": "https://api.github.com/users/jimmidyson/subscriptions",
          "organizations_url": "https://api.github.com/users/jimmidyson/orgs",
          "repos_url": "https://api.github.com/users/jimmidyson/repos",
          "events_url": "https://api.github.com/users/jimmidyson/events{/privacy}",
          "received_events_url": "https://api.github.com/users/jimmidyson/received_events",
          "type": "User",
          "site_admin": false
        },
        "content_type": "application/gzip",
        "state": "uploaded",
        "size": 11443496,
        "download_count": 5,
        "created_at": "2015-07-27T17:42:18Z",
        "updated_at": "2015-07-27T17:42:27Z",
        "browser_download_url": "https://github.com/fabric8io/gofabric8/releases/download/v0.1/gofabric8-0.1-darwin-amd64.tar.gz"
      },
      {
        "url": "https://api.github.com/repos/fabric8io/gofabric8/releases/assets/748095",
        "id": 748095,
        "name": "gofabric8-0.1-linux-amd64.tar.gz",
        "label": "",
        "uploader": {
          "login": "jimmidyson",
          "id": 464659,
          "avatar_url": "https://avatars.githubusercontent.com/u/464659?v=3",
          "gravatar_id": "",
          "url": "https://api.github.com/users/jimmidyson",
          "html_url": "https://github.com/jimmidyson",
          "followers_url": "https://api.github.com/users/jimmidyson/followers",
          "following_url": "https://api.github.com/users/jimmidyson/following{/other_user}",
          "gists_url": "https://api.github.com/users/jimmidyson/gists{/gist_id}",
          "starred_url": "https://api.github.com/users/jimmidyson/starred{/owner}{/repo}",
          "subscriptions_url": "https://api.github.com/users/jimmidyson/subscriptions",
          "organizations_url": "https://api.github.com/users/jimmidyson/orgs",
          "repos_url": "https://api.github.com/users/jimmidyson/repos",
          "events_url": "https://api.github.com/users/jimmidyson/events{/privacy}",
          "received_events_url": "https://api.github.com/users/jimmidyson/received_events",
          "type": "User",
          "site_admin": false
        },
        "content_type": "application/gzip",
        "state": "uploaded",
        "size": 11548965,
        "download_count": 0,
        "created_at": "2015-07-27T17:42:27Z",
        "updated_at": "2015-07-27T17:42:36Z",
        "browser_download_url": "https://github.com/fabric8io/gofabric8/releases/download/v0.1/gofabric8-0.1-linux-amd64.tar.gz"
      }
    ],
    "tarball_url": "https://api.github.com/repos/fabric8io/gofabric8/tarball/v0.1",
    "zipball_url": "https://api.github.com/repos/fabric8io/gofabric8/zipball/v0.1",
    "body": null
  }
]
